Archive member included to satisfy reference by file (symbol)

app/libapp.a(main.c.obj)      (--whole-archive)
app/libapp.a(orientation_detector.c.obj)
                              (--whole-archive)
zephyr/libzephyr.a(isr_tables.c.obj)
                              (--whole-archive)
zephyr/libzephyr.a(sw_isr_common.c.obj)
                              (--whole-archive)
zephyr/libzephyr.a(arm_core_cmse.c.obj)
                              (--whole-archive)
zephyr/libzephyr.a(crc32_sw.c.obj)
                              (--whole-archive)
zephyr/libzephyr.a(crc16_sw.c.obj)
                              (--whole-archive)
zephyr/libzephyr.a(crc8_sw.c.obj)
                              (--whole-archive)
zephyr/libzephyr.a(crc7_sw.c.obj)
                              (--whole-archive)
zephyr/libzephyr.a(fdtable.c.obj)
                              (--whole-archive)
zephyr/libzephyr.a(mempool.c.obj)
                              (--whole-archive)
zephyr/libzephyr.a(rb.c.obj)  (--whole-archive)
zephyr/libzephyr.a(thread_entry.c.obj)
                              (--whole-archive)
zephyr/libzephyr.a(work_q.c.obj)
                              (--whole-archive)
zephyr/libzephyr.a(printk.c.obj)
                              (--whole-archive)
zephyr/libzephyr.a(assert.c.obj)
                              (--whole-archive)
zephyr/libzephyr.a(configs.c.obj)
                              (--whole-archive)
zephyr/libzephyr.a(soc.c.obj)
                              (--whole-archive)
zephyr/libzephyr.a(mpu_regions.c.obj)
                              (--whole-archive)
zephyr/libzephyr.a(system_nrf9160.c.obj)
                              (--whole-archive)
zephyr/libzephyr.a(nrfx_glue.c.obj)
                              (--whole-archive)
zephyr/libzephyr.a(nrfx_twim.c.obj)
                              (--whole-archive)
zephyr/libzephyr.a(line_fifo.c.obj)
                              (--whole-archive)
zephyr/libzephyr.a(tty.c.obj)
                              (--whole-archive)
zephyr/libzephyr.a(getchar.c.obj)
                              (--whole-archive)
zephyr/libzephyr.a(socket_offload.c.obj)
                              (--whole-archive)
zephyr/libzephyr.a(rand32_timer.c.obj)
                              (--whole-archive)
zephyr/libzephyr.a(power.c.obj)
                              (--whole-archive)
zephyr/libzephyr.a(reboot.c.obj)
                              (--whole-archive)
zephyr/libzephyr.a(policy_residency.c.obj)
                              (--whole-archive)
zephyr/libzephyr.a(uart_console.c.obj)
                              (--whole-archive)
zephyr/libzephyr.a(nrf_power_clock.c.obj)
                              (--whole-archive)
zephyr/libzephyr.a(sys_clock_init.c.obj)
                              (--whole-archive)
zephyr/libzephyr.a(nrf_rtc_timer.c.obj)
                              (--whole-archive)
zephyr/arch/arm/core/libarch__arm__core.a(exc_exit.S.obj)
                              (--whole-archive)
zephyr/arch/arm/core/libarch__arm__core.a(swap_helper.S.obj)
                              (--whole-archive)
zephyr/arch/arm/core/libarch__arm__core.a(cpu_idle.S.obj)
                              (--whole-archive)
zephyr/arch/arm/core/libarch__arm__core.a(fault_s.S.obj)
                              (--whole-archive)
zephyr/arch/arm/core/libarch__arm__core.a(isr_wrapper.S.obj)
                              (--whole-archive)
zephyr/arch/arm/core/libarch__arm__core.a(irq_init.c.obj)
                              (--whole-archive)
zephyr/arch/arm/core/libarch__arm__core.a(swap.c.obj)
                              (--whole-archive)
zephyr/arch/arm/core/libarch__arm__core.a(fault.c.obj)
                              (--whole-archive)
zephyr/arch/arm/core/libarch__arm__core.a(irq_manage.c.obj)
                              (--whole-archive)
zephyr/arch/arm/core/libarch__arm__core.a(thread.c.obj)
                              (--whole-archive)
zephyr/arch/arm/core/libarch__arm__core.a(fatal.c.obj)
                              (--whole-archive)
zephyr/arch/arm/core/libarch__arm__core.a(sys_fatal_error_handler.c.obj)
                              (--whole-archive)
zephyr/arch/arm/core/libarch__arm__core.a(thread_abort.c.obj)
                              (--whole-archive)
zephyr/arch/arm/core/cortex_m/libarch__arm__core__cortex_m.a(vector_table.S.obj)
                              (--whole-archive)
zephyr/arch/arm/core/cortex_m/libarch__arm__core__cortex_m.a(reset.S.obj)
                              (--whole-archive)
zephyr/arch/arm/core/cortex_m/libarch__arm__core__cortex_m.a(nmi_on_reset.S.obj)
                              (--whole-archive)
zephyr/arch/arm/core/cortex_m/libarch__arm__core__cortex_m.a(prep_c.c.obj)
                              (--whole-archive)
zephyr/arch/arm/core/cortex_m/libarch__arm__core__cortex_m.a(scb.c.obj)
                              (--whole-archive)
zephyr/arch/arm/core/cortex_m/libarch__arm__core__cortex_m.a(nmi.c.obj)
                              (--whole-archive)
[...]
Memory Configuration

Name             Origin             Length             Attributes
FLASH            0x00008000         0x000f8000         xr
SRAM             0x20020000         0x00020000         xw
IDT_LIST         0x20040000         0x00000800         xw
*default*        0x00000000         0xffffffff

Linker script and memory map

LOAD zephyr/CMakeFiles/kernel_elf.dir/misc/empty_file.c.obj
LOAD zephyr/CMakeFiles/kernel_elf.dir/isr_tables.c.obj
LOAD app/libapp.a
LOAD zephyr/libzephyr.a
LOAD zephyr/arch/arm/core/libarch__arm__core.a
LOAD zephyr/arch/arm/core/cortex_m/libarch__arm__core__cortex_m.a
LOAD zephyr/arch/arm/core/cortex_m/mpu/libarch__arm__core__cortex_m__mpu.a
LOAD zephyr/lib/libc/newlib/liblib__libc__newlib.a
LOAD zephyr/subsys/net/libsubsys__net.a
LOAD zephyr/drivers/gpio/libdrivers__gpio.a
LOAD zephyr/drivers/i2c/libdrivers__i2c.a
LOAD zephyr/drivers/serial/libdrivers__serial.a
LOAD zephyr/nrf/ext/cjson/lib..__nrf__ext__cjson.a
LOAD zephyr/nrf/lib/bsdlib/lib..__nrf__lib__bsdlib.a
LOAD zephyr/nrf/lib/dk_buttons_and_leds/lib..__nrf__lib__dk_buttons_and_leds.a
LOAD zephyr/nrf/lib/at_host/lib..__nrf__lib__at_host.a
LOAD zephyr/nrf/lib/at_cmd_parser/lib..__nrf__lib__at_cmd_parser.a
LOAD zephyr/nrf/lib/modem_info/lib..__nrf__lib__modem_info.a
LOAD zephyr/nrf/subsys/net/lib/mqtt_socket/lib..__nrf__subsys__net__lib__mqtt_socket.a
LOAD zephyr/nrf/subsys/net/lib/nrf_cloud/lib..__nrf__subsys__net__lib__nrf_cloud.a
LOAD zephyr/nrf/drivers/gps_sim/lib..__nrf__drivers__gps_sim.a
LOAD zephyr/nrf/drivers/lte_link_control/lib..__nrf__drivers__lte_link_control.a
LOAD zephyr/nrf/drivers/sensor/sensor_sim/lib..__nrf__drivers__sensor__sensor_sim.a
LOAD zephyr/kernel/libkernel.a
LOAD zephyr/CMakeFiles/offsets.dir/arch/arm/core/offsets/offsets.c.obj
LOAD c:/programiranje/nrf91/gnuarmemb/bin/../lib/gcc/arm-none-eabi/7.3.1/thumb/v8-m.main/fpv5-sp/hard\libgcc.a
LOAD C:/Programiranje/nrf91/gnuarmemb/arm-none-eabi/lib/thumb/v8-m.main/fpv5-sp/hard\libm.a
LOAD C:/Programiranje/nrf91/gnuarmemb/arm-none-eabi/lib/thumb/v8-m.main/fpv5-sp/hard\libc.a
LOAD c:/programiranje/nrf91/gnuarmemb/bin/../lib/gcc/arm-none-eabi/7.3.1/thumb/v8-m.main/fpv5-sp/hard\libgcc.a
LOAD C:/Programiranje/nrf91/ncs/nrfxlib/bsdlib/lib/cortex-m33/hard-float/libbsd_nrf9160_xxaa.a
LOAD C:/Programiranje/nrf91/ncs/nrfxlib/crypto/nrf_oberon/lib/cortex-m33/hard-float/liboberon_3.0.0.a
LOAD C:/Programiranje/nrf91/gnuarmemb/arm-none-eabi/lib/thumb/v8-m.main/fpv5-sp/hard\libc.a
                0x00000020                _region_min_align = 0x20

.rel.plt        0x00008000        0x0
 *(SORT_BY_ALIGNMENT(.rel.plt))
                [!provide]                PROVIDE (__rel_iplt_start = .)
 *(SORT_BY_ALIGNMENT(.rel.iplt))
 .rel.iplt      0x00008000        0x0 zephyr/CMakeFiles/kernel_elf.dir/isr_tables.c.obj
                [!provide]                PROVIDE (__rel_iplt_end = .)

.rela.plt       0x00000000        0x0
 *(SORT_BY_ALIGNMENT(.rela.plt))
                [!provide]                PROVIDE (__rela_iplt_start = .)
 *(SORT_BY_ALIGNMENT(.rela.iplt))
                [!provide]                PROVIDE (__rela_iplt_end = .)

.rel.dyn
 *(SORT_BY_ALIGNMENT(.rel.*))

.rela.dyn
 *(SORT_BY_ALIGNMENT(.rela.*))

/DISCARD/
 *(SORT_BY_ALIGNMENT(.plt))
 *(SORT_BY_ALIGNMENT(.iplt))
 *(SORT_BY_ALIGNMENT(.got.plt))
 *(SORT_BY_ALIGNMENT(.igot.plt))
 *(SORT_BY_ALIGNMENT(.got))
 *(SORT_BY_ALIGNMENT(.igot))
 *(SORT_BY_ALIGNMENT(.irq_info))
 *(SORT_BY_ALIGNMENT(.intList))
                0x00008000                _image_rom_start = 0x8000

text            0x00008000      0x144
                0x00000000                . = 0x0
                0x00000000                _vector_start = .
 *(SORT_BY_ALIGNMENT(.exc_vector_table))
 *(SORT_BY_ALIGNMENT(.exc_vector_table.*))
 .exc_vector_table._vector_table_section
                0x00008000       0x40 zephyr/arch/arm/core/cortex_m/libarch__arm__core__cortex_m.a(vector_table.S.obj)
                0x00008000                _vector_table
 *(SORT_BY_ALIGNMENT(.gnu.linkonce.irq_vector_table))
 .gnu.linkonce.irq_vector_table
                0x00008040      0x104 zephyr/CMakeFiles/kernel_elf.dir/isr_tables.c.obj
                0x00008040                _irq_vector_table
 *(SORT_BY_ALIGNMENT(.vectors))
 *(SORT_BY_ALIGNMENT(.openocd_dbg))
 *(SORT_BY_ALIGNMENT(.openocd_dbg.*))
 *(SORT_BY_ALIGNMENT(.kinetis_flash_config))
 *(SORT_BY_ALIGNMENT(.kinetis_flash_config.*))
                0x00008144                _vector_end = .

_TEXT_SECTION_NAME_2
                0x00008148    0x2475c
                0x00008148                _image_text_start = .
 *(SORT_BY_ALIGNMENT(.text))
 .text          0x00008148      0x378 c:/programiranje/nrf91/gnuarmemb/bin/../lib/gcc/arm-none-eabi/7.3.1/thumb/v8-m.main/fpv5-sp/hard\libgcc.a(_arm_addsubdf3.o)
                0x00008148                __aeabi_drsub
                0x00008150                __aeabi_dsub
                0x00008150                __subdf3
                0x00008154                __aeabi_dadd
                0x00008154                __adddf3
                0x000083cc                __floatunsidf
                0x000083cc                __aeabi_ui2d
                0x000083ec                __floatsidf
                0x000083ec                __aeabi_i2d
                0x00008410                __aeabi_f2d
                0x00008410                __extendsfdf2
                0x00008454                __floatundidf
                0x00008454                __aeabi_ul2d
                0x00008464                __floatdidf
                0x00008464                __aeabi_l2d
 .text          0x000084c0      0x424 c:/programiranje/nrf91/gnuarmemb/bin/../lib/gcc/arm-none-eabi/7.3.1/thumb/v8-m.main/fpv5-sp/hard\libgcc.a(_arm_muldivdf3.o)
                0x000084c0                __aeabi_dmul
                0x000084c0                __muldf3
                0x00008714                __divdf3
                0x00008714                __aeabi_ddiv
 .text          0x000088e4      0x110 c:/programiranje/nrf91/gnuarmemb/bin/../lib/gcc/arm-none-eabi/7.3.1/thumb/v8-m.main/fpv5-sp/hard\libgcc.a(_arm_cmpdf2.o)
                0x000088e4                __gtdf2
                0x000088e4                __gedf2
                0x000088ec                __ltdf2
                0x000088ec                __ledf2
                0x000088f4                __nedf2
                0x000088f4                __eqdf2
                0x000088f4                __cmpdf2
                0x00008970                __aeabi_cdrcmple
                0x00008980                __aeabi_cdcmpeq
                0x00008980                __aeabi_cdcmple
                0x00008990                __aeabi_dcmpeq
                0x000089a4                __aeabi_dcmplt
                0x000089b8                __aeabi_dcmple
                0x000089cc                __aeabi_dcmpge
                0x000089e0                __aeabi_dcmpgt
 .text          0x000089f4       0x50 c:/programiranje/nrf91/gnuarmemb/bin/../lib/gcc/arm-none-eabi/7.3.1/thumb/v8-m.main/fpv5-sp/hard\libgcc.a(_arm_fixdfsi.o)
                0x000089f4                __aeabi_d2iz
                0x000089f4                __fixdfsi
 .text          0x00008a44       0xa0 c:/programiranje/nrf91/gnuarmemb/bin/../lib/gcc/arm-none-eabi/7.3.1/thumb/v8-m.main/fpv5-sp/hard\libgcc.a(_arm_truncdfsf2.o)
                0x00008a44                __truncdfsf2
                0x00008a44                __aeabi_d2f
 .text          0x00008ae4       0xa0 c:/programiranje/nrf91/gnuarmemb/bin/../lib/gcc/arm-none-eabi/7.3.1/thumb/v8-m.main/fpv5-sp/hard\libgcc.a(_aeabi_ldivmod.o)
                0x00008ae4                __aeabi_ldivmod
 .text          0x00008b84       0x30 c:/programiranje/nrf91/gnuarmemb/bin/../lib/gcc/arm-none-eabi/7.3.1/thumb/v8-m.main/fpv5-sp/hard\libgcc.a(_aeabi_uldivmod.o)
                0x00008b84                __aeabi_uldivmod
 .text          0x00008bb4      0x2e0 c:/programiranje/nrf91/gnuarmemb/bin/../lib/gcc/arm-none-eabi/7.3.1/thumb/v8-m.main/fpv5-sp/hard\libgcc.a(_udivmoddi4.o)
                0x00008bb4                __udivmoddi4
 .text          0x00008e94        0x4 c:/programiranje/nrf91/gnuarmemb/bin/../lib/gcc/arm-none-eabi/7.3.1/thumb/v8-m.main/fpv5-sp/hard\libgcc.a(_dvmd_tls.o)
                0x00008e94                __aeabi_idiv0
                0x00008e94                __aeabi_ldiv0
 .text          0x00008e98       0xec C:/Programiranje/nrf91/gnuarmemb/arm-none-eabi/lib/thumb/v8-m.main/fpv5-sp/hard\libc.a(lib_a-memcpy.o)
                0x00008e98                memcpy
 .text          0x00008f84      0x1bc C:/Programiranje/nrf91/gnuarmemb/arm-none-eabi/lib/thumb/v8-m.main/fpv5-sp/hard\libc.a(lib_a-strcmp.o)
                0x00008f84                strcmp
 .text          0x00009140       0x2c c:/programiranje/nrf91/gnuarmemb/bin/../lib/gcc/arm-none-eabi/7.3.1/thumb/v8-m.main/fpv5-sp/hard\libgcc.a(_arm_unorddf2.o)
                0x00009140                __unorddf2
                0x00009140                __aeabi_dcmpun
 .text          0x0000916c      0x6a8 C:/Programiranje/nrf91/ncs/nrfxlib/crypto/nrf_oberon/lib/cortex-m33/hard-float/liboberon_3.0.0.a(ocrypto_bigint256.s.obj)
                0x0000916c                ocrypto_bigint_add128
                0x00009192                ocrypto_bigint_sub128
                0x000091b8                ocrypto_bigint_add256
                0x000091f8                ocrypto_bigint_sub256
                0x00009238                ocrypto_bigint_cadd256
                0x00009294                ocrypto_bigint_csub256
                0x0000930e                ocrypto_bigint_cswap256
                0x00009324                ocrypto_bigint_mul128
                0x0000940c                ocrypto_bigint_sqr256
                0x0000940e                ocrypto_bigint_mul256
 .text          0x00009814       0x5c C:/Programiranje/nrf91/ncs/nrfxlib/crypto/nrf_oberon/lib/cortex-m33/hard-float/liboberon_3.0.0.a(ocrypto_constant_time.s.obj)
                0x00009814                ocrypto_constant_time_equal
                0x0000983a                ocrypto_constant_time_is_zero
                0x00009854                ocrypto_constant_time_copy
                0x00009862                ocrypto_constant_time_fill_zero
 .text          0x00009870      0x6dc C:/Programiranje/nrf91/ncs/nrfxlib/crypto/nrf_oberon/lib/cortex-m33/hard-float/liboberon_3.0.0.a(ocrypto_mod_p256_base.s.obj)
                0x00009870                ocrypto_mod_p256_add
                0x000098ee                ocrypto_mod_p256_sub
                0x00009948                ocrypto_mod_p256_square
                0x0000994a                ocrypto_mod_p256_mul
 *(SORT_BY_ALIGNMENT(.text.*))
 *fill*         0x00009f4c        0x4 
 .text.env_data_send
                0x00009f50      0x164 app/libapp.a(main.c.obj)
 *fill*         0x0000a0b4        0x4 
 .text.orientation_detector_poll
                0x0000a0b8       0xc0 app/libapp.a(orientation_detector.c.obj)
                0x0000a0b8                orientation_detector_poll
 .text.print_number
                0x0000a178      0x190 zephyr/nrf/ext/cjson/lib..__nrf__ext__cjson.a(cJSON.c.obj)
 .text.gps_sim_sample_fetch
                0x0000a308      0x1e8 zephyr/nrf/drivers/gps_sim/lib..__nrf__drivers__gps_sim.a(gps_sim.c.obj)
 .text.double_to_sensor_value
                0x0000a4f0       0x38 zephyr/nrf/drivers/sensor/sensor_sim/lib..__nrf__drivers__sensor__sensor_sim.a(sensor_sim.c.obj)
 .text.sensor_sim_sample_fetch
                0x0000a528      0x194 zephyr/nrf/drivers/sensor/sensor_sim/lib..__nrf__drivers__sensor__sensor_sim.a(sensor_sim.c.obj)
 *fill*         0x0000a6bc        0x4 
 .text.cos      0x0000a6c0       0xc0 C:/Programiranje/nrf91/gnuarmemb/arm-none-eabi/lib/thumb/v8-m.main/fpv5-sp/hard\libm.a(lib_a-s_cos.o)
                0x0000a6c0                cos
 .text.floor    0x0000a780      0x110 C:/Programiranje/nrf91/gnuarmemb/arm-none-eabi/lib/thumb/v8-m.main/fpv5-sp/hard\libm.a(lib_a-s_floor.o)
                0x0000a780                floor
 .text.sin      0x0000a890       0xc0 C:/Programiranje/nrf91/gnuarmemb/arm-none-eabi/lib/thumb/v8-m.main/fpv5-sp/hard\libm.a(lib_a-s_sin.o)
                0x0000a890                sin
 .text.__ieee754_rem_pio2
                0x0000a950      0x454 C:/Programiranje/nrf91/gnuarmemb/arm-none-eabi/lib/thumb/v8-m.main/fpv5-sp/hard\libm.a(lib_a-e_rem_pio2.o)
                0x0000a950                __ieee754_rem_pio2
 *fill*         0x0000ada4        0x4 
 .text.__kernel_cos
                0x0000ada8      0x284 C:/Programiranje/nrf91/gnuarmemb/arm-none-eabi/lib/thumb/v8-m.main/fpv5-sp/hard\libm.a(lib_a-k_cos.o)
                0x0000ada8                __kernel_cos
 *fill*         0x0000b02c        0x4 
 .text.__kernel_rem_pio2
                0x0000b030      0x83c C:/Programiranje/nrf91/gnuarmemb/arm-none-eabi/lib/thumb/v8-m.main/fpv5-sp/hard\libm.a(lib_a-k_rem_pio2.o)
                0x0000b030                __kernel_rem_pio2
 *fill*         0x0000b86c        0x4 
 .text.__kernel_sin
                0x0000b870      0x194 C:/Programiranje/nrf91/gnuarmemb/arm-none-eabi/lib/thumb/v8-m.main/fpv5-sp/hard\libm.a(lib_a-k_sin.o)
                0x0000b870                __kernel_sin
 *fill*         0x0000ba04        0x4 
 .text.scalbn   0x0000ba08      0x110 C:/Programiranje/nrf91/gnuarmemb/arm-none-eabi/lib/thumb/v8-m.main/fpv5-sp/hard\libm.a(lib_a-s_scalbn.o)
                0x0000ba08                scalbn
 .text._svfprintf_r
                0x0000bb18     0x19dc C:/Programiranje/nrf91/gnuarmemb/arm-none-eabi/lib/thumb/v8-m.main/fpv5-sp/hard\libc.a(lib_a-svfprintf.o)
                0x0000bb18                _svfprintf_r
 *fill*         0x0000d4f4        0x4 
 .text._dtoa_r  0x0000d4f8      0xec8 C:/Programiranje/nrf91/gnuarmemb/arm-none-eabi/lib/thumb/v8-m.main/fpv5-sp/hard\libc.a(lib_a-dtoa.o)
                0x0000d4f8                _dtoa_r
 .text.k_work_submit_to_queue.constprop.19
                0x0000e3c0       0x28 app/libapp.a(main.c.obj)
 .text.modem_rsrp_handler
                0x0000e3e8       0x14 app/libapp.a(main.c.obj)
 .text.leds_update
                0x0000e3fc       0x5c app/libapp.a(main.c.obj)
 .text.accelerometer_calibrate
                0x0000e458       0x40 app/libapp.a(main.c.obj)
 .text.error_handler
                0x0000e498       0x4c app/libapp.a(main.c.obj)
                0x0000e498                error_handler
 .text.sensor_data_send
                0x0000e4e4       0x44 app/libapp.a(main.c.obj)
 .text.gps_trigger_handler
                0x0000e528       0x60 app/libapp.a(main.c.obj)
 .text.flip_send
                0x0000e588       0x7c app/libapp.a(main.c.obj)
 .text.button_handler
                0x0000e604      0x108 app/libapp.a(main.c.obj)
 .text.modem_rsrp_data_send
                0x0000e70c       0x70 app/libapp.a(main.c.obj)
 .text.device_status_send
                0x0000e77c       0x48 app/libapp.a(main.c.obj)
 .text.cloud_connect
                0x0000e7c4       0x58 app/libapp.a(main.c.obj)
 .text.sensors_attach
                0x0000e81c       0x38 app/libapp.a(main.c.obj)
                0x0000e81c                sensors_attach
 .text.sensor_attached
                0x0000e854      0x258 app/libapp.a(main.c.obj)
                0x0000e854                sensor_attached
 .text.cloud_event_handler
                0x0000eaac      0x188 app/libapp.a(main.c.obj)
 .text.init_i2c_test
                0x0000ec34       0x3c app/libapp.a(main.c.obj)
                0x0000ec34                init_i2c_test
 .text.main     0x0000ec70      0x1b4 app/libapp.a(main.c.obj)
                0x0000ec70                main
 .text.orientation_detector_calibrate
                0x0000ee24       0x24 app/libapp.a(orientation_detector.c.obj)
                0x0000ee24                orientation_detector_calibrate
 .text.orientation_detector_init
                0x0000ee48        0xc app/libapp.a(orientation_detector.c.obj)
                0x0000ee48                orientation_detector_init
 .text.z_sys_mem_pool_block_free
                0x0000ee54      0x1a8 zephyr/libzephyr.a(mempool.c.obj)
                0x0000ee54                z_sys_mem_pool_block_free
 .text.char_out
                0x0000effc       0x10 zephyr/libzephyr.a(printk.c.obj)
 .text._printk_dec_ulong
                0x0000f00c       0x9c zephyr/libzephyr.a(printk.c.obj)
 .text.__printk_hook_install
                0x0000f0a8        0xc zephyr/libzephyr.a(printk.c.obj)
                0x0000f0a8                __printk_hook_install
 .text.vprintk  0x0000f0b4       0x20 zephyr/libzephyr.a(printk.c.obj)
                0x0000f0b4                vprintk
 .text.nordicsemi_nrf91_init
                0x0000f0d4       0x3c zephyr/libzephyr.a(soc.c.obj)
 .text.SystemInit
                0x0000f110       0x2c zephyr/libzephyr.a(system_nrf9160.c.obj)
                0x0000f110                SystemInit
 .text.nrf_gpio_pin_port_decode.isra.0
                0x0000f13c       0x28 zephyr/libzephyr.a(nrfx_twim.c.obj)
 .text.nrfx_twim_init
                0x0000f164       0xc0 zephyr/libzephyr.a(nrfx_twim.c.obj)
                0x0000f164                nrfx_twim_init
 .text.nrfx_twim_enable
                0x0000f224       0x44 zephyr/libzephyr.a(nrfx_twim.c.obj)
                0x0000f224                nrfx_twim_enable
 .text.nrfx_twim_disable
                0x0000f268       0x58 zephyr/libzephyr.a(nrfx_twim.c.obj)
                0x0000f268                nrfx_twim_disable
 .text.nrfx_twim_xfer
                0x0000f2c0      0x2cc zephyr/libzephyr.a(nrfx_twim.c.obj)
                0x0000f2c0                nrfx_twim_xfer
 .text.nrfx_twim_2_irq_handler
                0x0000f58c      0x150 zephyr/libzephyr.a(nrfx_twim.c.obj)
                0x0000f58c                nrfx_twim_2_irq_handler
 .text.socket_offload_register
                0x0000f6dc       0x4c zephyr/libzephyr.a(socket_offload.c.obj)
                0x0000f6dc                socket_offload_register
 .text.sys_reboot
                0x0000f728       0x30 zephyr/libzephyr.a(reboot.c.obj)
                0x0000f728                sys_reboot
 .text.console_out
                0x0000f758       0x34 zephyr/libzephyr.a(uart_console.c.obj)
 .text.uart_console_hook_install
                0x0000f78c       0x18 zephyr/libzephyr.a(uart_console.c.obj)
                0x0000f78c                uart_console_hook_install
 .text.uart_console_init
                0x0000f7a4       0x1c zephyr/libzephyr.a(uart_console.c.obj)
 .text.m16src_stop
                0x0000f7c0       0x74 zephyr/libzephyr.a(nrf_power_clock.c.obj)
 .text.k32src_start
                0x0000f834       0x68 zephyr/libzephyr.a(nrf_power_clock.c.obj)
 .text.nrf_power_clock_isr
                0x0000f89c       0x94 zephyr/libzephyr.a(nrf_power_clock.c.obj)
                0x0000f89c                nrf_power_clock_isr
 .text.m16src_start
                0x0000f930       0xf4 zephyr/libzephyr.a(nrf_power_clock.c.obj)
 .text.z_clock_isr
                0x0000fa24       0x28 zephyr/libzephyr.a(sys_clock_init.c.obj)
                0x0000fa24                z_clock_isr
 .text.rtc1_nrf_isr
                0x0000fa4c       0xb8 zephyr/libzephyr.a(nrf_rtc_timer.c.obj)
                0x0000fa4c                rtc1_nrf_isr
 .text.z_clock_driver_init
                0x0000fb04       0x84 zephyr/libzephyr.a(nrf_rtc_timer.c.obj)
                0x0000fb04                z_clock_driver_init
 .text.z_clock_set_timeout
                0x0000fb88       0xdc zephyr/libzephyr.a(nrf_rtc_timer.c.obj)
                0x0000fb88                z_clock_set_timeout
 .text.z_clock_elapsed
                0x0000fc64       0xa4 zephyr/libzephyr.a(nrf_rtc_timer.c.obj)
                0x0000fc64                z_clock_elapsed
 .text.z_timer_cycle_get_32
                0x0000fd08       0xa0 zephyr/libzephyr.a(nrf_rtc_timer.c.obj)
                0x0000fd08                z_timer_cycle_get_32
 .text._HandlerModeExit
                0x0000fda8       0x1c zephyr/arch/arm/core/libarch__arm__core.a(exc_exit.S.obj)
                0x0000fda8                _IntExit
                0x0000fda8                z_ExcExit
 .text.__pendsv
                0x0000fdc4       0x6c zephyr/arch/arm/core/libarch__arm__core.a(swap_helper.S.obj)
                0x0000fdc4                __pendsv
 .text.__svc    0x0000fe30       0x24 zephyr/arch/arm/core/libarch__arm__core.a(swap_helper.S.obj)
                0x0000fe30                __svc
 .text.z_CpuIdleInit
                0x0000fe54        0xc zephyr/arch/arm/core/libarch__arm__core.a(cpu_idle.S.obj)
                0x0000fe54                z_CpuIdleInit
 .text.k_cpu_idle
                0x0000fe60        0xc zephyr/arch/arm/core/libarch__arm__core.a(cpu_idle.S.obj)
                0x0000fe60                k_cpu_idle
 .text.__fault  0x0000fe6c       0x24 zephyr/arch/arm/core/libarch__arm__core.a(fault_s.S.obj)
                0x0000fe6c                __reserved
                0x0000fe6c                __bus_fault
                0x0000fe6c                __debug_monitor
                0x0000fe6c                __mpu_fault
                0x0000fe6c                __hard_fault
                0x0000fe6c                __usage_fault
 .text._isr_wrapper
                0x0000fe90       0x40 zephyr/arch/arm/core/libarch__arm__core.a(isr_wrapper.S.obj)
                0x0000fe90                _isr_wrapper
 .text.z_IntLibInit
                0x0000fed0       0x18 zephyr/arch/arm/core/libarch__arm__core.a(irq_init.c.obj)
                0x0000fed0                z_IntLibInit
 .text.__swap   0x0000fee8       0x34 zephyr/arch/arm/core/libarch__arm__core.a(swap.c.obj)
                0x0000fee8                __swap
 .text.BusFault.isra.2
                0x0000ff1c       0xa0 zephyr/arch/arm/core/libarch__arm__core.a(fault.c.obj)
 .text.UsageFault.isra.3
                0x0000ffbc       0x9c zephyr/arch/arm/core/libarch__arm__core.a(fault.c.obj)
 .text.MpuFault.isra.6
                0x00010058       0xc4 zephyr/arch/arm/core/libarch__arm__core.a(fault.c.obj)
 .text._Fault   0x0001011c       0xe8 zephyr/arch/arm/core/libarch__arm__core.a(fault.c.obj)
                0x0001011c                _Fault
 .text.z_FaultInit
                0x00010204       0x18 zephyr/arch/arm/core/libarch__arm__core.a(fault.c.obj)
                0x00010204                z_FaultInit
 .text.z_arch_irq_enable
                0x0001021c       0x20 zephyr/arch/arm/core/libarch__arm__core.a(irq_manage.c.obj)
                0x0001021c                z_arch_irq_enable
 .text.z_arch_irq_disable
                0x0001023c       0x28 zephyr/arch/arm/core/libarch__arm__core.a(irq_manage.c.obj)
                0x0001023c                z_arch_irq_disable
 .text.z_irq_priority_set
                0x00010264       0x64 zephyr/arch/arm/core/libarch__arm__core.a(irq_manage.c.obj)
                0x00010264                z_irq_priority_set
 .text._arch_isr_direct_pm
                0x000102c8       0x1c zephyr/arch/arm/core/libarch__arm__core.a(irq_manage.c.obj)
                0x000102c8                _arch_isr_direct_pm
 .text.z_new_thread
                0x000102e4       0xa4 zephyr/arch/arm/core/libarch__arm__core.a(thread.c.obj)
                0x000102e4                z_new_thread
 .text.z_NanoFatalErrorHandler
                0x00010388       0x6c zephyr/arch/arm/core/libarch__arm__core.a(fatal.c.obj)
                0x00010388                z_NanoFatalErrorHandler
 .text.z_SysFatalErrorHandler
                0x000103f4       0x58 zephyr/arch/arm/core/libarch__arm__core.a(sys_fatal_error_handler.c.obj)
                0x000103f4                z_SysFatalErrorHandler
 .text.z_impl_k_thread_abort
                0x0001044c       0x7c zephyr/arch/arm/core/libarch__arm__core.a(thread_abort.c.obj)
                0x0001044c                z_impl_k_thread_abort
 .text._reset_section
                0x000104c8        0x8 zephyr/arch/arm/core/cortex_m/libarch__arm__core__cortex_m.a(reset.S.obj)
                0x000104c8                __start
                0x000104c8                __reset
 .text.z_SysNmiOnReset
                0x000104d0        0x8 zephyr/arch/arm/core/cortex_m/libarch__arm__core__cortex_m.a(nmi_on_reset.S.obj)
                0x000104d0                z_SysNmiOnReset
 .text._PrepC   0x000104d8       0x68 zephyr/arch/arm/core/cortex_m/libarch__arm__core__cortex_m.a(prep_c.c.obj)
                0x000104d8                _PrepC
 .text.sys_arch_reboot
                0x00010540       0x24 zephyr/arch/arm/core/cortex_m/libarch__arm__core__cortex_m.a(scb.c.obj)
                0x00010540                sys_arch_reboot
 .text.z_arch_configure_static_mpu_regions
                0x00010564       0x54 zephyr/arch/arm/core/cortex_m/mpu/libarch__arm__core__cortex_m__mpu.a(arm_core_mpu.c.obj)
                0x00010564                z_arch_configure_static_mpu_regions
 .text.region_init
                0x000105b8       0x30 zephyr/arch/arm/core/cortex_m/mpu/libarch__arm__core__cortex_m__mpu.a(arm_mpu.c.obj)
 .text.mpu_configure_region
                0x000105e8       0x54 zephyr/arch/arm/core/cortex_m/mpu/libarch__arm__core__cortex_m__mpu.a(arm_mpu.c.obj)
 .text.mpu_configure_regions.constprop.1
                0x0001063c      0x15c zephyr/arch/arm/core/cortex_m/mpu/libarch__arm__core__cortex_m__mpu.a(arm_mpu.c.obj)
 .text.arm_core_mpu_enable
                0x00010798       0x14 zephyr/arch/arm/core/cortex_m/mpu/libarch__arm__core__cortex_m__mpu.a(arm_mpu.c.obj)
                0x00010798                arm_core_mpu_enable
 .text.arm_core_mpu_disable
                0x000107ac       0x10 zephyr/arch/arm/core/cortex_m/mpu/libarch__arm__core__cortex_m__mpu.a(arm_mpu.c.obj)
                0x000107ac                arm_core_mpu_disable
 .text.arm_mpu_init
                0x000107bc       0x88 zephyr/arch/arm/core/cortex_m/mpu/libarch__arm__core__cortex_m__mpu.a(arm_mpu.c.obj)
 .text.arm_core_mpu_configure_static_mpu_regions
                0x00010844       0x48 zephyr/arch/arm/core/cortex_m/mpu/libarch__arm__core__cortex_m__mpu.a(arm_mpu.c.obj)
                0x00010844                arm_core_mpu_configure_static_mpu_regions
 .text.arm_core_mpu_mark_areas_for_dynamic_regions
                0x0001088c       0xd8 zephyr/arch/arm/core/cortex_m/mpu/libarch__arm__core__cortex_m__mpu.a(arm_mpu.c.obj)
                0x0001088c                arm_core_mpu_mark_areas_for_dynamic_regions
 .text.arm_core_mpu_configure_dynamic_mpu_regions
                0x00010964       0x78 zephyr/arch/arm/core/cortex_m/mpu/libarch__arm__core__cortex_m__mpu.a(arm_mpu.c.obj)
                0x00010964                arm_core_mpu_configure_dynamic_mpu_regions
 .text.__stdout_hook_install
                0x000109dc        0xc zephyr/lib/libc/newlib/liblib__libc__newlib.a(libc-hooks.c.obj)
                0x000109dc                __stdout_hook_install
 .text.z_impl_zephyr_read_stdin
                0x000109e8       0x28 zephyr/lib/libc/newlib/liblib__libc__newlib.a(libc-hooks.c.obj)
                0x000109e8                z_impl_zephyr_read_stdin
 .text.z_impl_zephyr_write_stdout
                0x00010a10       0x38 zephyr/lib/libc/newlib/liblib__libc__newlib.a(libc-hooks.c.obj)
                0x00010a10                z_impl_zephyr_write_stdout
 .text._exit    0x00010a48       0x10 zephyr/lib/libc/newlib/liblib__libc__newlib.a(libc-hooks.c.obj)
                0x00010a48                _exit
 .text._sbrk    0x00010a58       0x28 zephyr/lib/libc/newlib/liblib__libc__newlib.a(libc-hooks.c.obj)
                0x00010a58                sbrk
                0x00010a58                _sbrk
 .text.net_buf_id
                0x00010a80       0x20 zephyr/subsys/net/libsubsys__net.a(buf.c.obj)
                0x00010a80                net_buf_id
 .text.fixed_data_alloc
                0x00010aa0       0x30 zephyr/subsys/net/libsubsys__net.a(buf.c.obj)
 .text.gpio_nrfx_manage_callback
                0x00010ad0       0xac zephyr/drivers/gpio/libdrivers__gpio.a(gpio_nrfx.c.obj)
 .text.nrf_gpio_pin_port_decode.isra.6.part.7
                0x00010b7c       0x1c zephyr/drivers/gpio/libdrivers__gpio.a(gpio_nrfx.c.obj)
 .text.nrf_gpio_cfg_sense_set
                0x00010b98       0x30 zephyr/drivers/gpio/libdrivers__gpio.a(gpio_nrfx.c.obj)
 .text.gpiote_pin_int_cfg
                0x00010bc8      0x13c zephyr/drivers/gpio/libdrivers__gpio.a(gpio_nrfx.c.obj)
 .text.gpio_nrfx_init
                0x00010d04       0x30 zephyr/drivers/gpio/libdrivers__gpio.a(gpio_nrfx.c.obj)
 .text.gpio_nrfx_config
                0x00010d34      0x130 zephyr/drivers/gpio/libdrivers__gpio.a(gpio_nrfx.c.obj)
 .text.gpiote_event_handler
                0x00010e64      0x170 zephyr/drivers/gpio/libdrivers__gpio.a(gpio_nrfx.c.obj)
 .text.event_handler
                0x00010fd4       0x38 zephyr/drivers/i2c/libdrivers__i2c.a(i2c_nrfx_twim.c.obj)
 .text.twim_2_init
                0x0001100c       0x44 zephyr/drivers/i2c/libdrivers__i2c.a(i2c_nrfx_twim.c.obj)
 .text.i2c_nrfx_twim_transfer
                0x00011050       0xc0 zephyr/drivers/i2c/libdrivers__i2c.a(i2c_nrfx_twim.c.obj)
 .text.uarte_nrfx_configure
                0x00011110      0x160 zephyr/drivers/serial/libdrivers__serial.a(uart_nrfx_uarte.c.obj)
 .text.uarte_0_init
                0x00011270       0x90 zephyr/drivers/serial/libdrivers__serial.a(uart_nrfx_uarte.c.obj)
 .text.parse_string
                0x00011300      0x1b0 zephyr/nrf/ext/cjson/lib..__nrf__ext__cjson.a(cJSON.c.obj)
 .text.cJSON_New_Item
                0x000114b0       0x20 zephyr/nrf/ext/cjson/lib..__nrf__ext__cjson.a(cJSON.c.obj)
 .text.parse_value
                0x000114d0      0x1f4 zephyr/nrf/ext/cjson/lib..__nrf__ext__cjson.a(cJSON.c.obj)
 .text.ensure   0x000116c4       0x70 zephyr/nrf/ext/cjson/lib..__nrf__ext__cjson.a(cJSON.c.obj)
 .text.cJSON_strdup
                0x00011734       0x28 zephyr/nrf/ext/cjson/lib..__nrf__ext__cjson.a(cJSON.c.obj)
 .text.print_string_ptr
                0x0001175c      0x17c zephyr/nrf/ext/cjson/lib..__nrf__ext__cjson.a(cJSON.c.obj)
 .text.print_array.isra.3
                0x000118d8      0x204 zephyr/nrf/ext/cjson/lib..__nrf__ext__cjson.a(cJSON.c.obj)
 .text.print_value
                0x00011adc       0xbc zephyr/nrf/ext/cjson/lib..__nrf__ext__cjson.a(cJSON.c.obj)
 .text.print_object.isra.2
                0x00011b98      0x3e4 zephyr/nrf/ext/cjson/lib..__nrf__ext__cjson.a(cJSON.c.obj)
 .text.cJSON_InitHooks
                0x00011f7c       0x3c zephyr/nrf/ext/cjson/lib..__nrf__ext__cjson.a(cJSON.c.obj)
                0x00011f7c                cJSON_InitHooks
 .text.cJSON_Delete
                0x00011fb8       0x44 zephyr/nrf/ext/cjson/lib..__nrf__ext__cjson.a(cJSON.c.obj)
                0x00011fb8                cJSON_Delete
 .text.cJSON_ParseWithOpts
                0x00011ffc       0x68 zephyr/nrf/ext/cjson/lib..__nrf__ext__cjson.a(cJSON.c.obj)
                0x00011ffc                cJSON_ParseWithOpts
 .text.cJSON_AddItemToObject
                0x00012064       0x30 zephyr/nrf/ext/cjson/lib..__nrf__ext__cjson.a(cJSON.c.obj)
                0x00012064                cJSON_AddItemToObject
 .text.cJSON_Init
                0x00012094       0x1c zephyr/nrf/ext/cjson/lib..__nrf__ext__cjson.a(cJSON_os.c.obj)
                0x00012094                cJSON_Init
 .text.thread_monitor_entry_get
                0x000120b0       0x44 zephyr/nrf/lib/bsdlib/lib..__nrf__lib__bsdlib.a(bsd_os.c.obj)
 .text.rpc_proxy_irq_handler
                0x000120f4       0x4c zephyr/nrf/lib/bsdlib/lib..__nrf__lib__bsdlib.a(bsd_os.c.obj)
                0x000120f4                rpc_proxy_irq_handler
 .text.bsd_os_timedwait
                0x00012140      0x124 zephyr/nrf/lib/bsdlib/lib..__nrf__lib__bsdlib.a(bsd_os.c.obj)
                0x00012140                bsd_os_timedwait
 .text.bsd_os_application_irq_set
                0x00012264       0x10 zephyr/nrf/lib/bsdlib/lib..__nrf__lib__bsdlib.a(bsd_os.c.obj)
                0x00012264                bsd_os_application_irq_set
 .text.bsd_os_application_irq_clear
                0x00012274       0x10 zephyr/nrf/lib/bsdlib/lib..__nrf__lib__bsdlib.a(bsd_os.c.obj)
                0x00012274                bsd_os_application_irq_clear
 .text.bsd_os_trace_irq_set
                0x00012284       0x10 zephyr/nrf/lib/bsdlib/lib..__nrf__lib__bsdlib.a(bsd_os.c.obj)
                0x00012284                bsd_os_trace_irq_set
 .text.bsd_os_trace_irq_clear
                0x00012294       0x10 zephyr/nrf/lib/bsdlib/lib..__nrf__lib__bsdlib.a(bsd_os.c.obj)
                0x00012294                bsd_os_trace_irq_clear
 .text.bsd_os_init
                0x000122a4       0x2c zephyr/nrf/lib/bsdlib/lib..__nrf__lib__bsdlib.a(bsd_os.c.obj)
                0x000122a4                bsd_os_init
 .text.nrf91_bsdlib_socket_offload_init
                0x000122d0       0x10 zephyr/nrf/lib/bsdlib/lib..__nrf__lib__bsdlib.a(nrf91_sockets.c.obj)
 .text.z_to_nrf_optname
                0x000122e0       0x70 zephyr/nrf/lib/bsdlib/lib..__nrf__lib__bsdlib.a(nrf91_sockets.c.obj)
 .text.dk_set_leds_state.part.1
                0x00012350       0x48 zephyr/nrf/lib/dk_buttons_and_leds/lib..__nrf__lib__dk_buttons_and_leds.a(dk_buttons_and_leds.c.obj)
 .text.button_pressed
                0x00012398       0xec zephyr/nrf/lib/dk_buttons_and_leds/lib..__nrf__lib__dk_buttons_and_leds.a(dk_buttons_and_leds.c.obj)
 .text.buttons_scan_fn
                0x00012484      0x168 zephyr/nrf/lib/dk_buttons_and_leds/lib..__nrf__lib__dk_buttons_and_leds.a(dk_buttons_and_leds.c.obj)
 .text.dk_leds_init
                0x000125ec       0x48 zephyr/nrf/lib/dk_buttons_and_leds/lib..__nrf__lib__dk_buttons_and_leds.a(dk_buttons_and_leds.c.obj)
                0x000125ec                dk_leds_init
 .text.dk_read_buttons
                0x00012634       0x20 zephyr/nrf/lib/dk_buttons_and_leds/lib..__nrf__lib__dk_buttons_and_leds.a(dk_buttons_and_leds.c.obj)
                0x00012634                dk_read_buttons
 .text.dk_buttons_init
                0x00012654      0x104 zephyr/nrf/lib/dk_buttons_and_leds/lib..__nrf__lib__dk_buttons_and_leds.a(dk_buttons_and_leds.c.obj)
                0x00012654                dk_buttons_init
 .text.at_cmd_send
                0x00012758       0x7c zephyr/nrf/lib/at_host/lib..__nrf__lib__at_host.a(at_host.c.obj)
 .text.socket_thread_fn
                0x000127d4       0xa0 zephyr/nrf/lib/at_host/lib..__nrf__lib__at_host.a(at_host.c.obj)
 .text.at_host_init
                0x00012874      0x10c zephyr/nrf/lib/at_host/lib..__nrf__lib__at_host.a(at_host.c.obj)
 .text.isr      0x00012980      0x110 zephyr/nrf/lib/at_host/lib..__nrf__lib__at_host.a(at_host.c.obj)
 .text.at_params_get
                0x00012a90       0x44 zephyr/nrf/lib/at_cmd_parser/lib..__nrf__lib__at_cmd_parser.a(at_params.c.obj)
 .text.at_param_clear
                0x00012ad4       0x54 zephyr/nrf/lib/at_cmd_parser/lib..__nrf__lib__at_cmd_parser.a(at_params.c.obj)
 .text.at_param_init
                0x00012b28       0x38 zephyr/nrf/lib/at_cmd_parser/lib..__nrf__lib__at_cmd_parser.a(at_params.c.obj)
 .text.modem_info_parse
                0x00012b60       0x34 zephyr/nrf/lib/modem_info/lib..__nrf__lib__modem_info.a(modem_info.c.obj)
 .text.recv.constprop.4
                0x00012b94       0x68 zephyr/nrf/lib/modem_info/lib..__nrf__lib__modem_info.a(modem_info.c.obj)
 .text.at_cmd_send
                0x00012bfc       0xb0 zephyr/nrf/lib/modem_info/lib..__nrf__lib__modem_info.a(modem_info.c.obj)
 .text.modem_info_type_get
                0x00012cac       0x44 zephyr/nrf/lib/modem_info/lib..__nrf__lib__modem_info.a(modem_info.c.obj)
                0x00012cac                modem_info_type_get
 .text.modem_info_name_get
                0x00012cf0       0x30 zephyr/nrf/lib/modem_info/lib..__nrf__lib__modem_info.a(modem_info.c.obj)
                0x00012cf0                modem_info_name_get
 .text.modem_info_short_get
                0x00012d20       0x6c zephyr/nrf/lib/modem_info/lib..__nrf__lib__modem_info.a(modem_info.c.obj)
                0x00012d20                modem_info_short_get
 .text.modem_info_rsrp_subscribe_thread
                0x00012d8c       0xf4 zephyr/nrf/lib/modem_info/lib..__nrf__lib__modem_info.a(modem_info.c.obj)
 .text.modem_info_string_get
                0x00012e80      0x118 zephyr/nrf/lib/modem_info/lib..__nrf__lib__modem_info.a(modem_info.c.obj)
                0x00012e80                modem_info_string_get
 .text.modem_info_rsrp_register
                0x00012f98       0x3c zephyr/nrf/lib/modem_info/lib..__nrf__lib__modem_info.a(modem_info.c.obj)
                0x00012f98                modem_info_rsrp_register
 .text.modem_info_init
                0x00012fd4       0xa0 zephyr/nrf/lib/modem_info/lib..__nrf__lib__modem_info.a(modem_info.c.obj)
                0x00012fd4                modem_info_init
 .text.modem_info_json_string_get
                0x00013074       0xf0 zephyr/nrf/lib/modem_info/lib..__nrf__lib__modem_info.a(modem_info_json.c.obj)
                0x00013074                modem_info_json_string_get
 .text.connect_request_encode
                0x00013164      0x158 zephyr/nrf/subsys/net/lib/mqtt_socket/lib..__nrf__subsys__net__lib__mqtt_socket.a(mqtt_encoder.c.obj)
                0x00013164                connect_request_encode
 .text.disconnect_encode
                0x000132bc       0x10 zephyr/nrf/subsys/net/lib/mqtt_socket/lib..__nrf__subsys__net__lib__mqtt_socket.a(mqtt_encoder.c.obj)
                0x000132bc                disconnect_encode
 .text.ping_request_encode
                0x000132cc       0x10 zephyr/nrf/subsys/net/lib/mqtt_socket/lib..__nrf__subsys__net__lib__mqtt_socket.a(mqtt_encoder.c.obj)
                0x000132cc                ping_request_encode
 .text.close    0x000132dc       0x58 zephyr/nrf/subsys/net/lib/mqtt_socket/lib..__nrf__subsys__net__lib__mqtt_socket.a(mqtt_transport_socket_tcp.c.obj)
 .text.mqtt_client_tcp_connect
                0x00013334       0xd4 zephyr/nrf/subsys/net/lib/mqtt_socket/lib..__nrf__subsys__net__lib__mqtt_socket.a(mqtt_transport_socket_tcp.c.obj)
                0x00013334                mqtt_client_tcp_connect
 .text.mqtt_client_tcp_write
                0x00013408       0x98 zephyr/nrf/subsys/net/lib/mqtt_socket/lib..__nrf__subsys__net__lib__mqtt_socket.a(mqtt_transport_socket_tcp.c.obj)
                0x00013408                mqtt_client_tcp_write
 .text.mqtt_client_tcp_read
                0x000134a0       0x7c zephyr/nrf/subsys/net/lib/mqtt_socket/lib..__nrf__subsys__net__lib__mqtt_socket.a(mqtt_transport_socket_tcp.c.obj)
                0x000134a0                mqtt_client_tcp_read
 .text.mqtt_transport_connect
                0x0001351c       0x10 zephyr/nrf/subsys/net/lib/mqtt_socket/lib..__nrf__subsys__net__lib__mqtt_socket.a(mqtt_transport.c.obj)
                0x0001351c                mqtt_transport_connect
 .text.mqtt_transport_write
                0x0001352c       0x18 zephyr/nrf/subsys/net/lib/mqtt_socket/lib..__nrf__subsys__net__lib__mqtt_socket.a(mqtt_transport.c.obj)
                0x0001352c                mqtt_transport_write
 .text.mqtt_transport_read
                0x00013544       0x18 zephyr/nrf/subsys/net/lib/mqtt_socket/lib..__nrf__subsys__net__lib__mqtt_socket.a(mqtt_transport.c.obj)
                0x00013544                mqtt_transport_read
 .text.mqtt_transport_disconnect
                0x0001355c       0x10 zephyr/nrf/subsys/net/lib/mqtt_socket/lib..__nrf__subsys__net__lib__mqtt_socket.a(mqtt_transport.c.obj)
                0x0001355c                mqtt_transport_disconnect
 .text.mqtt_mutex_unlock
                0x0001356c        0xc zephyr/nrf/subsys/net/lib/mqtt_socket/lib..__nrf__subsys__net__lib__mqtt_socket.a(mqtt.c.obj)
 .text.mqtt_mutex_lock
                0x00013578       0x10 zephyr/nrf/subsys/net/lib/mqtt_socket/lib..__nrf__subsys__net__lib__mqtt_socket.a(mqtt.c.obj)
 .text.client_free
                0x00013588       0x38 zephyr/nrf/subsys/net/lib/mqtt_socket/lib..__nrf__subsys__net__lib__mqtt_socket.a(mqtt.c.obj)
 .text.disconnect_event_notify
                0x000135c0       0x44 zephyr/nrf/subsys/net/lib/mqtt_socket/lib..__nrf__subsys__net__lib__mqtt_socket.a(mqtt.c.obj)
 .text.mqtt_init
                0x00013604       0x38 zephyr/nrf/subsys/net/lib/mqtt_socket/lib..__nrf__subsys__net__lib__mqtt_socket.a(mqtt.c.obj)
                0x00013604                mqtt_init
 .text.mqtt_client_init
                0x0001363c       0x54 zephyr/nrf/subsys/net/lib/mqtt_socket/lib..__nrf__subsys__net__lib__mqtt_socket.a(mqtt.c.obj)
                0x0001363c                mqtt_client_init
 .text.mqtt_connect
                0x00013690       0xa0 zephyr/nrf/subsys/net/lib/mqtt_socket/lib..__nrf__subsys__net__lib__mqtt_socket.a(mqtt.c.obj)
                0x00013690                mqtt_connect
 .text.mqtt_live
                0x00013730       0x48 zephyr/nrf/subsys/net/lib/mqtt_socket/lib..__nrf__subsys__net__lib__mqtt_socket.a(mqtt.c.obj)
                0x00013730                mqtt_live
 .text.close    0x00013778       0x58 zephyr/nrf/subsys/net/lib/mqtt_socket/lib..__nrf__subsys__net__lib__mqtt_socket.a(mqtt_transport_socket_tls.c.obj)
 .text.setsockopt.constprop.2
                0x000137d0       0x70 zephyr/nrf/subsys/net/lib/mqtt_socket/lib..__nrf__subsys__net__lib__mqtt_socket.a(mqtt_transport_socket_tls.c.obj)
 .text.mqtt_client_tls_connect
                0x00013840      0x140 zephyr/nrf/subsys/net/lib/mqtt_socket/lib..__nrf__subsys__net__lib__mqtt_socket.a(mqtt_transport_socket_tls.c.obj)
                0x00013840                mqtt_client_tls_connect
 .text.mqtt_client_tls_write
                0x00013980       0x98 zephyr/nrf/subsys/net/lib/mqtt_socket/lib..__nrf__subsys__net__lib__mqtt_socket.a(mqtt_transport_socket_tls.c.obj)
                0x00013980                mqtt_client_tls_write
 .text.mqtt_client_tls_read
                0x00013a18       0x7c zephyr/nrf/subsys/net/lib/mqtt_socket/lib..__nrf__subsys__net__lib__mqtt_socket.a(mqtt_transport_socket_tls.c.obj)
                0x00013a18                mqtt_client_tls_read
 .text.nfsm_get_current_state
                0x00013a94        0xc zephyr/nrf/subsys/net/lib/nrf_cloud/lib..__nrf__subsys__net__lib__nrf_cloud.a(nrf_cloud.c.obj)
                0x00013a94                nfsm_get_current_state
 .text.nfsm_set_current_state_and_notify
                0x00013aa0       0x1c zephyr/nrf/subsys/net/lib/nrf_cloud/lib..__nrf__subsys__net__lib__nrf_cloud.a(nrf_cloud.c.obj)
                0x00013aa0                nfsm_set_current_state_and_notify
 .text.nrf_cloud_init
                0x00013abc       0x40 zephyr/nrf/subsys/net/lib/nrf_cloud/lib..__nrf__subsys__net__lib__nrf_cloud.a(nrf_cloud.c.obj)
                0x00013abc                nrf_cloud_init
 .text.nrf_cloud_connect
                0x00013afc       0x18 zephyr/nrf/subsys/net/lib/nrf_cloud/lib..__nrf__subsys__net__lib__nrf_cloud.a(nrf_cloud.c.obj)
                0x00013afc                nrf_cloud_connect
 .text.nrf_cloud_user_associate
                0x00013b14       0x54 zephyr/nrf/subsys/net/lib/nrf_cloud/lib..__nrf__subsys__net__lib__nrf_cloud.a(nrf_cloud.c.obj)
                0x00013b14                nrf_cloud_user_associate
 .text.nrf_cloud_sensor_attach
                0x00013b68       0x34 zephyr/nrf/subsys/net/lib/nrf_cloud/lib..__nrf__subsys__net__lib__nrf_cloud.a(nrf_cloud.c.obj)
                0x00013b68                nrf_cloud_sensor_attach
 .text.nrf_cloud_sensor_data_send
                0x00013b9c       0x44 zephyr/nrf/subsys/net/lib/nrf_cloud/lib..__nrf__subsys__net__lib__nrf_cloud.a(nrf_cloud.c.obj)
                0x00013b9c                nrf_cloud_sensor_data_send
 .text.nrf_cloud_sensor_data_stream
                0x00013be0       0x44 zephyr/nrf/subsys/net/lib/nrf_cloud/lib..__nrf__subsys__net__lib__nrf_cloud.a(nrf_cloud.c.obj)
                0x00013be0                nrf_cloud_sensor_data_stream
 .text.nct_input
                0x00013c24        0xc zephyr/nrf/subsys/net/lib/nrf_cloud/lib..__nrf__subsys__net__lib__nrf_cloud.a(nrf_cloud.c.obj)
                0x00013c24                nct_input
 .text.nrf_cloud_encode_ua
                0x00013c30      0x1c0 zephyr/nrf/subsys/net/lib/nrf_cloud/lib..__nrf__subsys__net__lib__nrf_cloud.a(nrf_cloud_codec.c.obj)
                0x00013c30                nrf_cloud_encode_ua
 .text.nrf_cloud_encode_sensor_data
                0x00013df0       0xe8 zephyr/nrf/subsys/net/lib/nrf_cloud/lib..__nrf__subsys__net__lib__nrf_cloud.a(nrf_cloud_codec.c.obj)
                0x00013df0                nrf_cloud_encode_sensor_data
 .text.nrf_cloud_decode_requested_state
                0x00013ed8      0x13c zephyr/nrf/subsys/net/lib/nrf_cloud/lib..__nrf__subsys__net__lib__nrf_cloud.a(nrf_cloud_codec.c.obj)
                0x00013ed8                nrf_cloud_decode_requested_state
 .text.nrf_cloud_encode_state
                0x00014014      0x258 zephyr/nrf/subsys/net/lib/nrf_cloud/lib..__nrf__subsys__net__lib__nrf_cloud.a(nrf_cloud_codec.c.obj)
                0x00014014                nrf_cloud_encode_state
 .text.nrf_cloud_decode_data_endpoint
                0x0001426c      0x158 zephyr/nrf/subsys/net/lib/nrf_cloud/lib..__nrf__subsys__net__lib__nrf_cloud.a(nrf_cloud_codec.c.obj)
                0x0001426c                nrf_cloud_decode_data_endpoint
 .text.cc_connection_handler
                0x000143c4       0x50 zephyr/nrf/subsys/net/lib/nrf_cloud/lib..__nrf__subsys__net__lib__nrf_cloud.a(nrf_cloud_fsm.c.obj)
 .text.nfsm_handle_incoming_event
                0x00014414       0x48 zephyr/nrf/subsys/net/lib/nrf_cloud/lib..__nrf__subsys__net__lib__nrf_cloud.a(nrf_cloud_fsm.c.obj)
                0x00014414                nfsm_handle_incoming_event
 .text.dc_send  0x0001445c       0x74 zephyr/nrf/subsys/net/lib/nrf_cloud/lib..__nrf__subsys__net__lib__nrf_cloud.a(nrf_cloud_transport.c.obj)
 .text.nct_mqtt_evt_handler
                0x000144d0       0xec zephyr/nrf/subsys/net/lib/nrf_cloud/lib..__nrf__subsys__net__lib__nrf_cloud.a(nrf_cloud_transport.c.obj)
 .text.dc_endpoint_free
                0x000145bc       0x28 zephyr/nrf/subsys/net/lib/nrf_cloud/lib..__nrf__subsys__net__lib__nrf_cloud.a(nrf_cloud_transport.c.obj)
 .text.nct_mqtt_connect
                0x000145e4       0x58 zephyr/nrf/subsys/net/lib/nrf_cloud/lib..__nrf__subsys__net__lib__nrf_cloud.a(nrf_cloud_transport.c.obj)
                0x000145e4                nct_mqtt_connect
 .text.nct_init
                0x0001463c      0x190 zephyr/nrf/subsys/net/lib/nrf_cloud/lib..__nrf__subsys__net__lib__nrf_cloud.a(nrf_cloud_transport.c.obj)
                0x0001463c                nct_init
 .text.nct_connect
                0x000147cc       0xe8 zephyr/nrf/subsys/net/lib/nrf_cloud/lib..__nrf__subsys__net__lib__nrf_cloud.a(nrf_cloud_transport.c.obj)
                0x000147cc                nct_connect
 .text.nct_cc_connect
                0x000148b4       0x24 zephyr/nrf/subsys/net/lib/nrf_cloud/lib..__nrf__subsys__net__lib__nrf_cloud.a(nrf_cloud_transport.c.obj)
                0x000148b4                nct_cc_connect
 .text.nct_cc_send
                0x000148d8       0x60 zephyr/nrf/subsys/net/lib/nrf_cloud/lib..__nrf__subsys__net__lib__nrf_cloud.a(nrf_cloud_transport.c.obj)
                0x000148d8                nct_cc_send
 .text.nct_dc_endpoint_set
                0x00014938       0x2c zephyr/nrf/subsys/net/lib/nrf_cloud/lib..__nrf__subsys__net__lib__nrf_cloud.a(nrf_cloud_transport.c.obj)
                0x00014938                nct_dc_endpoint_set
 .text.nct_dc_endpoint_get
                0x00014964       0x20 zephyr/nrf/subsys/net/lib/nrf_cloud/lib..__nrf__subsys__net__lib__nrf_cloud.a(nrf_cloud_transport.c.obj)
                0x00014964                nct_dc_endpoint_get
 .text.nct_dc_connect
                0x00014984       0x34 zephyr/nrf/subsys/net/lib/nrf_cloud/lib..__nrf__subsys__net__lib__nrf_cloud.a(nrf_cloud_transport.c.obj)
                0x00014984                nct_dc_connect
 .text.nct_dc_disconnect
                0x000149b8       0x24 zephyr/nrf/subsys/net/lib/nrf_cloud/lib..__nrf__subsys__net__lib__nrf_cloud.a(nrf_cloud_transport.c.obj)
                0x000149b8                nct_dc_disconnect
 .text.nct_disconnect
                0x000149dc       0x14 zephyr/nrf/subsys/net/lib/nrf_cloud/lib..__nrf__subsys__net__lib__nrf_cloud.a(nrf_cloud_transport.c.obj)
                0x000149dc                nct_disconnect
 .text.nct_process
                0x000149f0       0x14 zephyr/nrf/subsys/net/lib/nrf_cloud/lib..__nrf__subsys__net__lib__nrf_cloud.a(nrf_cloud_transport.c.obj)
                0x000149f0                nct_process
 .text.gps_sim_channel_get
                0x00014a04       0x2c zephyr/nrf/drivers/gps_sim/lib..__nrf__drivers__gps_sim.a(gps_sim.c.obj)
 .text.gps_sim_trigger_set
                0x00014a30       0x34 zephyr/nrf/drivers/gps_sim/lib..__nrf__drivers__gps_sim.a(gps_sim.c.obj)
 .text.gps_sim_init
                0x00014a64       0x48 zephyr/nrf/drivers/gps_sim/lib..__nrf__drivers__gps_sim.a(gps_sim.c.obj)
 .text.gps_sim_thread
                0x00014aac       0x34 zephyr/nrf/drivers/gps_sim/lib..__nrf__drivers__gps_sim.a(gps_sim.c.obj)
 .text.close    0x00014ae0       0x58 zephyr/nrf/drivers/lte_link_control/lib..__nrf__drivers__lte_link_control.a(lte_lc.c.obj)
 .text.socket.constprop.1
                0x00014b38       0x5c zephyr/nrf/drivers/lte_link_control/lib..__nrf__drivers__lte_link_control.a(lte_lc.c.obj)
 .text.recv.constprop.3
                0x00014b94       0x64 zephyr/nrf/drivers/lte_link_control/lib..__nrf__drivers__lte_link_control.a(lte_lc.c.obj)
 .text.at_cmd   0x00014bf8       0x88 zephyr/nrf/drivers/lte_link_control/lib..__nrf__drivers__lte_link_control.a(lte_lc.c.obj)
 .text.lte_lc_init_and_connect
                0x00014c80       0xbc zephyr/nrf/drivers/lte_link_control/lib..__nrf__drivers__lte_link_control.a(lte_lc.c.obj)
                0x00014c80                lte_lc_init_and_connect
 .text.lte_lc_power_off
                0x00014d3c       0x2c zephyr/nrf/drivers/lte_link_control/lib..__nrf__drivers__lte_link_control.a(lte_lc.c.obj)
                0x00014d3c                lte_lc_power_off
 .text.sensor_sim_channel_get
                0x00014d68       0x80 zephyr/nrf/drivers/sensor/sensor_sim/lib..__nrf__drivers__sensor__sensor_sim.a(sensor_sim.c.obj)
 .text.generate_sine.constprop.0
                0x00014de8       0x3c zephyr/nrf/drivers/sensor/sensor_sim/lib..__nrf__drivers__sensor__sensor_sim.a(sensor_sim.c.obj)
 .text.sensor_sim_init
                0x00014e24       0x3c zephyr/nrf/drivers/sensor/sensor_sim/lib..__nrf__drivers__sensor__sensor_sim.a(sensor_sim.c.obj)
 .text.z_sys_device_do_config_level
                0x00014e60       0x2c zephyr/kernel/libkernel.a(device.c.obj)
                0x00014e60                z_sys_device_do_config_level
 .text.z_impl_device_get_binding
                0x00014e8c       0x4c zephyr/kernel/libkernel.a(device.c.obj)
                0x00014e8c                z_impl_device_get_binding
 .text.z_impl_z_errno
                0x00014ed8        0xc zephyr/kernel/libkernel.a(errno.c.obj)
                0x00014ed8                z_impl_z_errno
 .text.idle     0x00014ee4       0x34 zephyr/kernel/libkernel.a(idle.c.obj)
                0x00014ee4                idle
 .text.z_bss_zero
                0x00014f18       0x14 zephyr/kernel/libkernel.a(init.c.obj)
                0x00014f18                z_bss_zero
 .text.z_data_copy
                0x00014f2c       0x34 zephyr/kernel/libkernel.a(init.c.obj)
                0x00014f2c                z_data_copy
 .text.bg_thread_main
                0x00014f60       0x30 zephyr/kernel/libkernel.a(init.c.obj)
 .text.z_cstart
                0x00014f90      0x130 zephyr/kernel/libkernel.a(init.c.obj)
                0x00014f90                z_cstart
 .text.init_mem_slab_module
                0x000150c0       0x38 zephyr/kernel/libkernel.a(mem_slab.c.obj)
 .text.k_mem_slab_init
                0x000150f8       0x5c zephyr/kernel/libkernel.a(mem_slab.c.obj)
                0x000150f8                k_mem_slab_init
 .text.k_mem_slab_alloc
                0x00015154       0xf4 zephyr/kernel/libkernel.a(mem_slab.c.obj)
                0x00015154                k_mem_slab_alloc
 .text.k_mem_slab_free
                0x00015248       0xc0 zephyr/kernel/libkernel.a(mem_slab.c.obj)
                0x00015248                k_mem_slab_free
 .text.init_static_pools
                0x00015308       0x28 zephyr/kernel/libkernel.a(mempool.c.obj)
                0x00015308                init_static_pools
 .text.k_mem_pool_alloc
                0x00015330      0x11c zephyr/kernel/libkernel.a(mempool.c.obj)
                0x00015330                k_mem_pool_alloc
 .text.k_mem_pool_free_id
                0x0001544c       0xb8 zephyr/kernel/libkernel.a(mempool.c.obj)
                0x0001544c                k_mem_pool_free_id
 .text.k_malloc
                0x00015504        0xc zephyr/kernel/libkernel.a(mempool.c.obj)
                0x00015504                k_malloc
 .text.z_thread_malloc
                0x00015510       0x14 zephyr/kernel/libkernel.a(mempool.c.obj)
                0x00015510                z_thread_malloc
 .text.z_sched_lock
                0x00015524       0x80 zephyr/kernel/libkernel.a(mutex.c.obj)
 .text.z_impl_k_mutex_lock
                0x000155a4      0x168 zephyr/kernel/libkernel.a(mutex.c.obj)
                0x000155a4                z_impl_k_mutex_lock
 .text.z_impl_k_mutex_unlock
                0x0001570c      0x154 zephyr/kernel/libkernel.a(mutex.c.obj)
                0x0001570c                z_impl_k_mutex_unlock
 .text.queue_insert
                0x00015860      0x10c zephyr/kernel/libkernel.a(queue.c.obj)
 .text.z_impl_k_queue_get
                0x0001596c      0x1dc zephyr/kernel/libkernel.a(queue.c.obj)
                0x0001596c                z_impl_k_queue_get
 .text.resched  0x00015b48       0x24 zephyr/kernel/libkernel.a(sched.c.obj)
 .text.reset_time_slice
                0x00015b6c       0x24 zephyr/kernel/libkernel.a(sched.c.obj)
 .text.pended_on.isra.15
                0x00015b90       0x30 zephyr/kernel/libkernel.a(sched.c.obj)
 .text.k_sched_time_slice_set
                0x00015bc0       0xc0 zephyr/kernel/libkernel.a(sched.c.obj)
                0x00015bc0                k_sched_time_slice_set
 .text.z_unpend_thread_no_timeout
                0x00015c80       0xa0 zephyr/kernel/libkernel.a(sched.c.obj)
                0x00015c80                z_unpend_thread_no_timeout
 .text.z_reschedule
                0x00015d20       0x74 zephyr/kernel/libkernel.a(sched.c.obj)
                0x00015d20                z_reschedule
 .text.k_sched_lock
                0x00015d94       0xfc zephyr/kernel/libkernel.a(sched.c.obj)
                0x00015d94                k_sched_lock
 .text.z_priq_dumb_remove
                0x00015e90       0x60 zephyr/kernel/libkernel.a(sched.c.obj)
                0x00015e90                z_priq_dumb_remove
 .text.z_unpend_thread
                0x00015ef0       0xa8 zephyr/kernel/libkernel.a(sched.c.obj)
                0x00015ef0                z_unpend_thread
 .text.update_cache
                0x00015f98       0x6c zephyr/kernel/libkernel.a(sched.c.obj)
 .text.k_sched_unlock
                0x00016004      0x104 zephyr/kernel/libkernel.a(sched.c.obj)
                0x00016004                k_sched_unlock
 .text.z_add_thread_to_ready_q
                0x00016108      0x100 zephyr/kernel/libkernel.a(sched.c.obj)
                0x00016108                z_add_thread_to_ready_q
 .text.z_thread_timeout
                0x00016208       0xd0 zephyr/kernel/libkernel.a(sched.c.obj)
                0x00016208                z_thread_timeout
 .text.z_move_thread_to_end_of_prio_q
                0x000162d8      0x114 zephyr/kernel/libkernel.a(sched.c.obj)
                0x000162d8                z_move_thread_to_end_of_prio_q
 .text.z_time_slice
                0x000163ec       0x68 zephyr/kernel/libkernel.a(sched.c.obj)
                0x000163ec                z_time_slice
 .text.z_remove_thread_from_ready_q
                0x00016454       0xb0 zephyr/kernel/libkernel.a(sched.c.obj)
                0x00016454                z_remove_thread_from_ready_q
 .text.pend     0x00016504       0xb8 zephyr/kernel/libkernel.a(sched.c.obj)
 .text.z_pend_curr_irqlock
                0x000165bc       0xb0 zephyr/kernel/libkernel.a(sched.c.obj)
                0x000165bc                z_pend_curr_irqlock
 .text.z_pend_curr
                0x0001666c       0x5c zephyr/kernel/libkernel.a(sched.c.obj)
                0x0001666c                z_pend_curr
 .text.z_thread_priority_set
                0x000166c8      0x12c zephyr/kernel/libkernel.a(sched.c.obj)
                0x000166c8                z_thread_priority_set
 .text.z_unpend_first_thread
                0x000167f4      0x118 zephyr/kernel/libkernel.a(sched.c.obj)
                0x000167f4                z_unpend_first_thread
 .text.z_sched_init
                0x0001690c       0x18 zephyr/kernel/libkernel.a(sched.c.obj)
                0x0001690c                z_sched_init
 .text.z_impl_k_yield
                0x00016924      0x15c zephyr/kernel/libkernel.a(sched.c.obj)
                0x00016924                z_impl_k_yield
 .text.z_impl_k_sleep
                0x00016a80      0x1a0 zephyr/kernel/libkernel.a(sched.c.obj)
                0x00016a80                z_impl_k_sleep
 .text.z_impl_k_current_get
                0x00016c20        0xc zephyr/kernel/libkernel.a(sched.c.obj)
                0x00016c20                z_impl_k_current_get
 .text.z_impl_k_sem_init
                0x00016c2c       0x6c zephyr/kernel/libkernel.a(sem.c.obj)
                0x00016c2c                z_impl_k_sem_init
 .text.z_impl_k_sem_give
                0x00016c98       0x90 zephyr/kernel/libkernel.a(sem.c.obj)
                0x00016c98                z_impl_k_sem_give
 .text.z_impl_k_sem_take
                0x00016d28      0x110 zephyr/kernel/libkernel.a(sem.c.obj)
                0x00016d28                z_impl_k_sem_take
 .text.k_sys_work_q_init
                0x00016e38       0x30 zephyr/kernel/libkernel.a(system_work_q.c.obj)
 .text.k_is_in_isr
                0x00016e68       0x20 zephyr/kernel/libkernel.a(thread.c.obj)
                0x00016e68                k_is_in_isr
 .text.z_is_thread_essential
                0x00016e88       0x10 zephyr/kernel/libkernel.a(thread.c.obj)
                0x00016e88                z_is_thread_essential
 .text.z_setup_new_thread
                0x00016e98       0x34 zephyr/kernel/libkernel.a(thread.c.obj)
                0x00016e98                z_setup_new_thread
 .text.z_spin_lock_valid
                0x00016ecc       0x1c zephyr/kernel/libkernel.a(thread.c.obj)
                0x00016ecc                z_spin_lock_valid
 .text.z_spin_unlock_valid
                0x00016ee8       0x20 zephyr/kernel/libkernel.a(thread.c.obj)
                0x00016ee8                z_spin_unlock_valid
 .text.z_spin_lock_set_owner
                0x00016f08       0x10 zephyr/kernel/libkernel.a(thread.c.obj)
                0x00016f08                z_spin_lock_set_owner
 .text.z_impl_k_thread_start
                0x00016f18       0xac zephyr/kernel/libkernel.a(thread.c.obj)
                0x00016f18                z_impl_k_thread_start
 .text.z_impl_k_thread_create
                0x00016fc4       0xb8 zephyr/kernel/libkernel.a(thread.c.obj)
                0x00016fc4                z_impl_k_thread_create
 .text.z_init_static_threads
                0x0001707c       0xb8 zephyr/kernel/libkernel.a(thread.c.obj)
                0x0001707c                z_init_static_threads
 .text.work_cancel
                0x00017134       0xa8 zephyr/kernel/libkernel.a(work_q.c.obj)
 .text.k_work_q_start
                0x000171dc       0x48 zephyr/kernel/libkernel.a(work_q.c.obj)
                0x000171dc                k_work_q_start
 .text.k_delayed_work_submit_to_queue
                0x00017224      0x114 zephyr/kernel/libkernel.a(work_q.c.obj)
                0x00017224                k_delayed_work_submit_to_queue
 .text.elapsed  0x00017338       0x14 zephyr/kernel/libkernel.a(timeout.c.obj)
 .text.next_timeout
                0x0001734c       0x50 zephyr/kernel/libkernel.a(timeout.c.obj)
 .text.remove_timeout
                0x0001739c       0x2c zephyr/kernel/libkernel.a(timeout.c.obj)
 .text.z_add_timeout
                0x000173c8      0x14c zephyr/kernel/libkernel.a(timeout.c.obj)
                0x000173c8                z_add_timeout
 .text.z_abort_timeout
                0x00017514       0x98 zephyr/kernel/libkernel.a(timeout.c.obj)
                0x00017514                z_abort_timeout
 .text.z_get_next_timeout_expiry
                0x000175ac       0x8c zephyr/kernel/libkernel.a(timeout.c.obj)
                0x000175ac                z_get_next_timeout_expiry
 .text.z_set_timeout_expiry
                0x00017638       0x9c zephyr/kernel/libkernel.a(timeout.c.obj)
                0x00017638                z_set_timeout_expiry
 .text.z_clock_announce
                0x000176d4      0x15c zephyr/kernel/libkernel.a(timeout.c.obj)
                0x000176d4                z_clock_announce
 .text.z_tick_get
                0x00017830       0xa0 zephyr/kernel/libkernel.a(timeout.c.obj)
                0x00017830                z_tick_get
 .text.clear_event_registrations
                0x000178d0      0x164 zephyr/kernel/libkernel.a(poll.c.obj)
 .text.signal_poll_event
                0x00017a34       0x8c zephyr/kernel/libkernel.a(poll.c.obj)
 .text.k_poll_event_init
                0x00017ac0       0xac zephyr/kernel/libkernel.a(poll.c.obj)
                0x00017ac0                k_poll_event_init
 .text.z_impl_k_poll
                0x00017b6c      0x3ec zephyr/kernel/libkernel.a(poll.c.obj)
                0x00017b6c                z_impl_k_poll
 .text.fabs     0x00017f58       0x14 C:/Programiranje/nrf91/gnuarmemb/arm-none-eabi/lib/thumb/v8-m.main/fpv5-sp/hard\libm.a(lib_a-s_fabs.o)
                0x00017f58                fabs
 .text.copysign
                0x00017f6c       0x1c C:/Programiranje/nrf91/gnuarmemb/arm-none-eabi/lib/thumb/v8-m.main/fpv5-sp/hard\libm.a(lib_a-s_copysign.o)
                0x00017f6c                copysign
 .text.__assert_func
                0x00017f88       0x3c C:/Programiranje/nrf91/gnuarmemb/arm-none-eabi/lib/thumb/v8-m.main/fpv5-sp/hard\libc.a(lib_a-assert.o)
                0x00017f88                __assert_func
 .text.fiprintf
                0x00017fc4       0x28 C:/Programiranje/nrf91/gnuarmemb/arm-none-eabi/lib/thumb/v8-m.main/fpv5-sp/hard\libc.a(lib_a-fiprintf.o)
                0x00017fc4                fiprintf
 .text.__locale_mb_cur_max
                0x00017fec       0x1c C:/Programiranje/nrf91/gnuarmemb/arm-none-eabi/lib/thumb/v8-m.main/fpv5-sp/hard\libc.a(lib_a-locale.o)
                0x00017fec                __locale_mb_cur_max
 .text.__locale_ctype_ptr_l
                0x00018008        0x8 C:/Programiranje/nrf91/gnuarmemb/arm-none-eabi/lib/thumb/v8-m.main/fpv5-sp/hard\libc.a(lib_a-locale.o)
                0x00018008                __locale_ctype_ptr_l
 .text.__locale_ctype_ptr
                0x00018010       0x1c C:/Programiranje/nrf91/gnuarmemb/arm-none-eabi/lib/thumb/v8-m.main/fpv5-sp/hard\libc.a(lib_a-locale.o)
                0x00018010                __locale_ctype_ptr
 .text.malloc   0x0001802c       0x10 C:/Programiranje/nrf91/gnuarmemb/arm-none-eabi/lib/thumb/v8-m.main/fpv5-sp/hard\libc.a(lib_a-malloc.o)
                0x0001802c                malloc
 .text.free     0x0001803c       0x10 C:/Programiranje/nrf91/gnuarmemb/arm-none-eabi/lib/thumb/v8-m.main/fpv5-sp/hard\libc.a(lib_a-malloc.o)
                0x0001803c                free
 .text._malloc_r
                0x0001804c      0x55c C:/Programiranje/nrf91/gnuarmemb/arm-none-eabi/lib/thumb/v8-m.main/fpv5-sp/hard\libc.a(lib_a-mallocr.o)
                0x0001804c                _malloc_r
 .text.__ascii_mbtowc
                0x000185a8       0x2c C:/Programiranje/nrf91/gnuarmemb/arm-none-eabi/lib/thumb/v8-m.main/fpv5-sp/hard\libc.a(lib_a-mbtowc_r.o)
                0x000185a8                __ascii_mbtowc
 .text.memcmp   0x000185d4       0x5c C:/Programiranje/nrf91/gnuarmemb/arm-none-eabi/lib/thumb/v8-m.main/fpv5-sp/hard\libc.a(lib_a-memcmp.o)
                0x000185d4                memcmp
 .text.memmove  0x00018630       0xc4 C:/Programiranje/nrf91/gnuarmemb/arm-none-eabi/lib/thumb/v8-m.main/fpv5-sp/hard\libc.a(lib_a-memmove.o)
                0x00018630                memmove
 .text.memset   0x000186f4       0x94 C:/Programiranje/nrf91/gnuarmemb/arm-none-eabi/lib/thumb/v8-m.main/fpv5-sp/hard\libc.a(lib_a-memset.o)
                0x000186f4                memset
 .text.__malloc_lock
                0x00018788        0xc C:/Programiranje/nrf91/gnuarmemb/arm-none-eabi/lib/thumb/v8-m.main/fpv5-sp/hard\libc.a(lib_a-mlock.o)
                0x00018788                __malloc_lock
 .text.__malloc_unlock
                0x00018794        0xc C:/Programiranje/nrf91/gnuarmemb/arm-none-eabi/lib/thumb/v8-m.main/fpv5-sp/hard\libc.a(lib_a-mlock.o)
                0x00018794                __malloc_unlock
 .text.srand    0x000187a0       0x10 C:/Programiranje/nrf91/gnuarmemb/arm-none-eabi/lib/thumb/v8-m.main/fpv5-sp/hard\libc.a(lib_a-rand.o)
                0x000187a0                srand
 .text.rand     0x000187b0       0x3c C:/Programiranje/nrf91/gnuarmemb/arm-none-eabi/lib/thumb/v8-m.main/fpv5-sp/hard\libc.a(lib_a-rand.o)
                0x000187b0                rand
 .text._sbrk_r  0x000187ec       0x24 C:/Programiranje/nrf91/gnuarmemb/arm-none-eabi/lib/thumb/v8-m.main/fpv5-sp/hard\libc.a(lib_a-sbrkr.o)
                0x000187ec                _sbrk_r
 .text.snprintf
                0x00018810       0x90 C:/Programiranje/nrf91/gnuarmemb/arm-none-eabi/lib/thumb/v8-m.main/fpv5-sp/hard\libc.a(lib_a-snprintf.o)
                0x00018810                snprintf
 .text.sprintf  0x000188a0       0x44 C:/Programiranje/nrf91/gnuarmemb/arm-none-eabi/lib/thumb/v8-m.main/fpv5-sp/hard\libc.a(lib_a-sprintf.o)
                0x000188a0                sprintf
 .text.strchr   0x000188e4       0xec C:/Programiranje/nrf91/gnuarmemb/arm-none-eabi/lib/thumb/v8-m.main/fpv5-sp/hard\libc.a(lib_a-strchr.o)
                0x000188e4                strchr
 .text.strcpy   0x000189d0       0xbc C:/Programiranje/nrf91/gnuarmemb/arm-none-eabi/lib/thumb/v8-m.main/fpv5-sp/hard\libc.a(lib_a-strcpy.o)
                0x000189d0                strcpy
 .text.strlen   0x00018a8c       0x5c C:/Programiranje/nrf91/gnuarmemb/arm-none-eabi/lib/thumb/v8-m.main/fpv5-sp/hard\libc.a(lib_a-strlen-stub.o)
                0x00018a8c                strlen
 .text.strncmp  0x00018ae8       0x8c C:/Programiranje/nrf91/gnuarmemb/arm-none-eabi/lib/thumb/v8-m.main/fpv5-sp/hard\libc.a(lib_a-strncmp.o)
                0x00018ae8                strncmp
 .text.strncpy  0x00018b74       0x64 C:/Programiranje/nrf91/gnuarmemb/arm-none-eabi/lib/thumb/v8-m.main/fpv5-sp/hard\libc.a(lib_a-strncpy.o)
                0x00018b74                strncpy
 .text.critical_factorization
                0x00018bd8       0xb4 C:/Programiranje/nrf91/gnuarmemb/arm-none-eabi/lib/thumb/v8-m.main/fpv5-sp/hard\libc.a(lib_a-strstr.o)
 .text.two_way_long_needle
                0x00018c8c      0x220 C:/Programiranje/nrf91/gnuarmemb/arm-none-eabi/lib/thumb/v8-m.main/fpv5-sp/hard\libc.a(lib_a-strstr.o)
 .text.strstr   0x00018eac      0x208 C:/Programiranje/nrf91/gnuarmemb/arm-none-eabi/lib/thumb/v8-m.main/fpv5-sp/hard\libc.a(lib_a-strstr.o)
                0x00018eac                strstr
 .text.__sprint_r.part.0
                0x000190b4       0x74 C:/Programiranje/nrf91/gnuarmemb/arm-none-eabi/lib/thumb/v8-m.main/fpv5-sp/hard\libc.a(lib_a-vfiprintf.o)
 .text._vfiprintf_r
                0x00019128      0xd38 C:/Programiranje/nrf91/gnuarmemb/arm-none-eabi/lib/thumb/v8-m.main/fpv5-sp/hard\libc.a(lib_a-vfiprintf.o)
                0x00019128                _vfiprintf_r
 .text.__sbprintf
                0x00019e60       0x84 C:/Programiranje/nrf91/gnuarmemb/arm-none-eabi/lib/thumb/v8-m.main/fpv5-sp/hard\libc.a(lib_a-vfiprintf.o)
 .text.__ascii_wctomb
                0x00019ee4       0x18 C:/Programiranje/nrf91/gnuarmemb/arm-none-eabi/lib/thumb/v8-m.main/fpv5-sp/hard\libc.a(lib_a-wctomb_r.o)
                0x00019ee4                __ascii_wctomb
 .text.__swsetup_r
                0x00019efc       0xcc C:/Programiranje/nrf91/gnuarmemb/arm-none-eabi/lib/thumb/v8-m.main/fpv5-sp/hard\libc.a(lib_a-wsetup.o)
                0x00019efc                __swsetup_r
 .text.abort    0x00019fc8       0x10 C:/Programiranje/nrf91/gnuarmemb/arm-none-eabi/lib/thumb/v8-m.main/fpv5-sp/hard\libc.a(lib_a-abort.o)
                0x00019fc8                abort
 .text.quorem   0x00019fd8      0x138 C:/Programiranje/nrf91/gnuarmemb/arm-none-eabi/lib/thumb/v8-m.main/fpv5-sp/hard\libc.a(lib_a-dtoa.o)
 .text.__sflush_r
                0x0001a110      0x154 C:/Programiranje/nrf91/gnuarmemb/arm-none-eabi/lib/thumb/v8-m.main/fpv5-sp/hard\libc.a(lib_a-fflush.o)
                0x0001a110                __sflush_r
 .text._fflush_r
                0x0001a264       0x5c C:/Programiranje/nrf91/gnuarmemb/arm-none-eabi/lib/thumb/v8-m.main/fpv5-sp/hard\libc.a(lib_a-fflush.o)
                0x0001a264                _fflush_r
 .text.std      0x0001a2c0       0x50 C:/Programiranje/nrf91/gnuarmemb/arm-none-eabi/lib/thumb/v8-m.main/fpv5-sp/hard\libc.a(lib_a-findfp.o)
 .text._cleanup_r
                0x0001a310        0xc C:/Programiranje/nrf91/gnuarmemb/arm-none-eabi/lib/thumb/v8-m.main/fpv5-sp/hard\libc.a(lib_a-findfp.o)
                0x0001a310                _cleanup_r
 .text.__sinit  0x0001a31c       0x60 C:/Programiranje/nrf91/gnuarmemb/arm-none-eabi/lib/thumb/v8-m.main/fpv5-sp/hard\libc.a(lib_a-findfp.o)
                0x0001a31c                __sinit
 .text.__sfp_lock_acquire
                0x0001a37c        0xc C:/Programiranje/nrf91/gnuarmemb/arm-none-eabi/lib/thumb/v8-m.main/fpv5-sp/hard\libc.a(lib_a-findfp.o)
                0x0001a37c                __sfp_lock_acquire
 .text.__sfp_lock_release
                0x0001a388        0xc C:/Programiranje/nrf91/gnuarmemb/arm-none-eabi/lib/thumb/v8-m.main/fpv5-sp/hard\libc.a(lib_a-findfp.o)
                0x0001a388                __sfp_lock_release
 .text.__fputwc
                0x0001a394       0xa0 C:/Programiranje/nrf91/gnuarmemb/arm-none-eabi/lib/thumb/v8-m.main/fpv5-sp/hard\libc.a(lib_a-fputwc.o)
                0x0001a394                __fputwc
 .text._fputwc_r
                0x0001a434       0x64 C:/Programiranje/nrf91/gnuarmemb/arm-none-eabi/lib/thumb/v8-m.main/fpv5-sp/hard\libc.a(lib_a-fputwc.o)
                0x0001a434                _fputwc_r
 .text._malloc_trim_r
                0x0001a498       0xa0 C:/Programiranje/nrf91/gnuarmemb/arm-none-eabi/lib/thumb/v8-m.main/fpv5-sp/hard\libc.a(lib_a-freer.o)
                0x0001a498                _malloc_trim_r
 .text._free_r  0x0001a538      0x1e4 C:/Programiranje/nrf91/gnuarmemb/arm-none-eabi/lib/thumb/v8-m.main/fpv5-sp/hard\libc.a(lib_a-freer.o)
                0x0001a538                _free_r
 .text.__sfvwrite_r
                0x0001a71c      0x318 C:/Programiranje/nrf91/gnuarmemb/arm-none-eabi/lib/thumb/v8-m.main/fpv5-sp/hard\libc.a(lib_a-fvwrite.o)
                0x0001a71c                __sfvwrite_r
 .text._fwalk_reent
                0x0001aa34       0x50 C:/Programiranje/nrf91/gnuarmemb/arm-none-eabi/lib/thumb/v8-m.main/fpv5-sp/hard\libc.a(lib_a-fwalk.o)
                0x0001aa34                _fwalk_reent
 .text._localeconv_r
                0x0001aa84       0x1c C:/Programiranje/nrf91/gnuarmemb/arm-none-eabi/lib/thumb/v8-m.main/fpv5-sp/hard\libc.a(lib_a-localeconv.o)
                0x0001aa84                _localeconv_r
 .text.__retarget_lock_init_recursive
                0x0001aaa0        0x4 C:/Programiranje/nrf91/gnuarmemb/arm-none-eabi/lib/thumb/v8-m.main/fpv5-sp/hard\libc.a(lib_a-lock.o)
                0x0001aaa0                __retarget_lock_init_recursive
 .text.__retarget_lock_close_recursive
                0x0001aaa4        0x4 C:/Programiranje/nrf91/gnuarmemb/arm-none-eabi/lib/thumb/v8-m.main/fpv5-sp/hard\libc.a(lib_a-lock.o)
                0x0001aaa4                __retarget_lock_close_recursive
 .text.__retarget_lock_acquire_recursive
                0x0001aaa8        0x4 C:/Programiranje/nrf91/gnuarmemb/arm-none-eabi/lib/thumb/v8-m.main/fpv5-sp/hard\libc.a(lib_a-lock.o)
                0x0001aaa8                __retarget_lock_acquire_recursive
 .text.__retarget_lock_release_recursive
                0x0001aaac        0x4 C:/Programiranje/nrf91/gnuarmemb/arm-none-eabi/lib/thumb/v8-m.main/fpv5-sp/hard\libc.a(lib_a-lock.o)
                0x0001aaac                __retarget_lock_release_recursive
 .text.__swhatbuf_r
                0x0001aab0       0x5c C:/Programiranje/nrf91/gnuarmemb/arm-none-eabi/lib/thumb/v8-m.main/fpv5-sp/hard\libc.a(lib_a-makebuf.o)
                0x0001aab0                __swhatbuf_r
 .text.__smakebuf_r
                0x0001ab0c       0x94 C:/Programiranje/nrf91/gnuarmemb/arm-none-eabi/lib/thumb/v8-m.main/fpv5-sp/hard\libc.a(lib_a-makebuf.o)
                0x0001ab0c                __smakebuf_r
 .text.memchr   0x0001aba0       0x88 C:/Programiranje/nrf91/gnuarmemb/arm-none-eabi/lib/thumb/v8-m.main/fpv5-sp/hard\libc.a(lib_a-memchr-stub.o)
                0x0001aba0                memchr
 .text._Balloc  0x0001ac28       0x4c C:/Programiranje/nrf91/gnuarmemb/arm-none-eabi/lib/thumb/v8-m.main/fpv5-sp/hard\libc.a(lib_a-mprec.o)
                0x0001ac28                _Balloc
 .text._Bfree   0x0001ac74       0x14 C:/Programiranje/nrf91/gnuarmemb/arm-none-eabi/lib/thumb/v8-m.main/fpv5-sp/hard\libc.a(lib_a-mprec.o)
                0x0001ac74                _Bfree
 .text.__multadd
                0x0001ac88       0x84 C:/Programiranje/nrf91/gnuarmemb/arm-none-eabi/lib/thumb/v8-m.main/fpv5-sp/hard\libc.a(lib_a-mprec.o)
                0x0001ac88                __multadd
 .text.__hi0bits
                0x0001ad0c       0x44 C:/Programiranje/nrf91/gnuarmemb/arm-none-eabi/lib/thumb/v8-m.main/fpv5-sp/hard\libc.a(lib_a-mprec.o)
                0x0001ad0c                __hi0bits
 .text.__lo0bits
                0x0001ad50       0x60 C:/Programiranje/nrf91/gnuarmemb/arm-none-eabi/lib/thumb/v8-m.main/fpv5-sp/hard\libc.a(lib_a-mprec.o)
                0x0001ad50                __lo0bits
 .text.__i2b    0x0001adb0       0x14 C:/Programiranje/nrf91/gnuarmemb/arm-none-eabi/lib/thumb/v8-m.main/fpv5-sp/hard\libc.a(lib_a-mprec.o)
                0x0001adb0                __i2b
 .text.__multiply
                0x0001adc4      0x150 C:/Programiranje/nrf91/gnuarmemb/arm-none-eabi/lib/thumb/v8-m.main/fpv5-sp/hard\libc.a(lib_a-mprec.o)
                0x0001adc4                __multiply
 .text.__pow5mult
                0x0001af14       0xa0 C:/Programiranje/nrf91/gnuarmemb/arm-none-eabi/lib/thumb/v8-m.main/fpv5-sp/hard\libc.a(lib_a-mprec.o)
                0x0001af14                __pow5mult
 .text.__lshift
                0x0001afb4       0xb8 C:/Programiranje/nrf91/gnuarmemb/arm-none-eabi/lib/thumb/v8-m.main/fpv5-sp/hard\libc.a(lib_a-mprec.o)
                0x0001afb4                __lshift
 .text.__mcmp   0x0001b06c       0x38 C:/Programiranje/nrf91/gnuarmemb/arm-none-eabi/lib/thumb/v8-m.main/fpv5-sp/hard\libc.a(lib_a-mprec.o)
                0x0001b06c                __mcmp
 .text.__mdiff  0x0001b0a4      0x100 C:/Programiranje/nrf91/gnuarmemb/arm-none-eabi/lib/thumb/v8-m.main/fpv5-sp/hard\libc.a(lib_a-mprec.o)
                0x0001b0a4                __mdiff
 .text.__d2b    0x0001b1a4       0xc0 C:/Programiranje/nrf91/gnuarmemb/arm-none-eabi/lib/thumb/v8-m.main/fpv5-sp/hard\libc.a(lib_a-mprec.o)
                0x0001b1a4                __d2b
 .text._realloc_r
                0x0001b264      0x36c C:/Programiranje/nrf91/gnuarmemb/arm-none-eabi/lib/thumb/v8-m.main/fpv5-sp/hard\libc.a(lib_a-reallocr.o)
                0x0001b264                _realloc_r
 .text.frexp    0x0001b5d0       0x64 C:/Programiranje/nrf91/gnuarmemb/arm-none-eabi/lib/thumb/v8-m.main/fpv5-sp/hard\libc.a(lib_a-s_frexp.o)
                0x0001b5d0                frexp
 .text._raise_r
                0x0001b634       0x5c C:/Programiranje/nrf91/gnuarmemb/arm-none-eabi/lib/thumb/v8-m.main/fpv5-sp/hard\libc.a(lib_a-signal.o)
                0x0001b634                _raise_r
 .text.raise    0x0001b690       0x10 C:/Programiranje/nrf91/gnuarmemb/arm-none-eabi/lib/thumb/v8-m.main/fpv5-sp/hard\libc.a(lib_a-signal.o)
                0x0001b690                raise
 .text._kill_r  0x0001b6a0       0x28 C:/Programiranje/nrf91/gnuarmemb/arm-none-eabi/lib/thumb/v8-m.main/fpv5-sp/hard\libc.a(lib_a-signalr.o)
                0x0001b6a0                _kill_r
 .text._getpid_r
                0x0001b6c8        0x4 C:/Programiranje/nrf91/gnuarmemb/arm-none-eabi/lib/thumb/v8-m.main/fpv5-sp/hard\libc.a(lib_a-signalr.o)
                0x0001b6c8                _getpid_r
 .text.__sread  0x0001b6cc       0x24 C:/Programiranje/nrf91/gnuarmemb/arm-none-eabi/lib/thumb/v8-m.main/fpv5-sp/hard\libc.a(lib_a-stdio.o)
                0x0001b6cc                __sread
 .text.__swrite
                0x0001b6f0       0x3c C:/Programiranje/nrf91/gnuarmemb/arm-none-eabi/lib/thumb/v8-m.main/fpv5-sp/hard\libc.a(lib_a-stdio.o)
                0x0001b6f0                __swrite
 .text.__sseek  0x0001b72c       0x24 C:/Programiranje/nrf91/gnuarmemb/arm-none-eabi/lib/thumb/v8-m.main/fpv5-sp/hard\libc.a(lib_a-stdio.o)
                0x0001b72c                __sseek
 .text.__sclose
                0x0001b750        0x8 C:/Programiranje/nrf91/gnuarmemb/arm-none-eabi/lib/thumb/v8-m.main/fpv5-sp/hard\libc.a(lib_a-stdio.o)
                0x0001b750                __sclose
 .text.__ssprint_r
                0x0001b758      0x10c C:/Programiranje/nrf91/gnuarmemb/arm-none-eabi/lib/thumb/v8-m.main/fpv5-sp/hard\libc.a(lib_a-svfiprintf.o)
                0x0001b758                __ssprint_r
 .text.__swbuf_r
                0x0001b864       0xb0 C:/Programiranje/nrf91/gnuarmemb/arm-none-eabi/lib/thumb/v8-m.main/fpv5-sp/hard\libc.a(lib_a-wbuf.o)
                0x0001b864                __swbuf_r
 .text._wcrtomb_r
                0x0001b914       0x54 C:/Programiranje/nrf91/gnuarmemb/arm-none-eabi/lib/thumb/v8-m.main/fpv5-sp/hard\libc.a(lib_a-wcrtomb.o)
                0x0001b914                _wcrtomb_r
 .text._write_r
                0x0001b968       0x2c C:/Programiranje/nrf91/gnuarmemb/arm-none-eabi/lib/thumb/v8-m.main/fpv5-sp/hard\libc.a(lib_a-writer.o)
                0x0001b968                _write_r
 .text._calloc_r
                0x0001b994       0x6c C:/Programiranje/nrf91/gnuarmemb/arm-none-eabi/lib/thumb/v8-m.main/fpv5-sp/hard\libc.a(lib_a-callocr.o)
                0x0001b994                _calloc_r
 .text._close_r
                0x0001ba00       0x24 C:/Programiranje/nrf91/gnuarmemb/arm-none-eabi/lib/thumb/v8-m.main/fpv5-sp/hard\libc.a(lib_a-closer.o)
                0x0001ba00                _close_r
 .text._fclose_r
                0x0001ba24       0xd0 C:/Programiranje/nrf91/gnuarmemb/arm-none-eabi/lib/thumb/v8-m.main/fpv5-sp/hard\libc.a(lib_a-fclose.o)
                0x0001ba24                _fclose_r
 .text._fstat_r
                0x0001baf4       0x28 C:/Programiranje/nrf91/gnuarmemb/arm-none-eabi/lib/thumb/v8-m.main/fpv5-sp/hard\libc.a(lib_a-fstatr.o)
                0x0001baf4                _fstat_r
 .text._isatty_r
                0x0001bb1c       0x24 C:/Programiranje/nrf91/gnuarmemb/arm-none-eabi/lib/thumb/v8-m.main/fpv5-sp/hard\libc.a(lib_a-isattyr.o)
                0x0001bb1c                _isatty_r
 .text._lseek_r
                0x0001bb40       0x2c C:/Programiranje/nrf91/gnuarmemb/arm-none-eabi/lib/thumb/v8-m.main/fpv5-sp/hard\libc.a(lib_a-lseekr.o)
                0x0001bb40                _lseek_r
 .text._read_r  0x0001bb6c       0x2c C:/Programiranje/nrf91/gnuarmemb/arm-none-eabi/lib/thumb/v8-m.main/fpv5-sp/hard\libc.a(lib_a-readr.o)
                0x0001bb6c                _read_r
 .text.bsd_platform_error_handler
                0x0001bb98       0x24 C:/Programiranje/nrf91/ncs/nrfxlib/bsdlib/lib/cortex-m33/hard-float/libbsd_nrf9160_xxaa.a(bsd.c.o)
                0x0001bb98                bsd_platform_error_handler
 .text.bsd_init
                0x0001bbbc       0x28 C:/Programiranje/nrf91/ncs/nrfxlib/bsdlib/lib/cortex-m33/hard-float/libbsd_nrf9160_xxaa.a(bsd.c.o)
                0x0001bbbc                bsd_init
 .text.bsd_shutdown
                0x0001bbe4       0x1c C:/Programiranje/nrf91/ncs/nrfxlib/bsdlib/lib/cortex-m33/hard-float/libbsd_nrf9160_xxaa.a(bsd.c.o)
                0x0001bbe4                bsd_shutdown
 .text.unimplemented_method
                0x0001bc00       0x18 C:/Programiranje/nrf91/ncs/nrfxlib/bsdlib/lib/cortex-m33/hard-float/libbsd_nrf9160_xxaa.a(bsd_platform.c.o)
 .text.rpc_transport_ipc_fault_handler
                0x0001bc18        0x4 C:/Programiranje/nrf91/ncs/nrfxlib/bsdlib/lib/cortex-m33/hard-float/libbsd_nrf9160_xxaa.a(bsd_platform.c.o)
                0x0001bc18                rpc_transport_ipc_fault_handler
 .text.bsd_platform_init
                0x0001bc1c       0xd8 C:/Programiranje/nrf91/ncs/nrfxlib/bsdlib/lib/cortex-m33/hard-float/libbsd_nrf9160_xxaa.a(bsd_platform.c.o)
                0x0001bc1c                bsd_platform_init
 .text.bsd_platform_shutdown
                0x0001bcf4       0x18 C:/Programiranje/nrf91/ncs/nrfxlib/bsdlib/lib/cortex-m33/hard-float/libbsd_nrf9160_xxaa.a(bsd_platform.c.o)
                0x0001bcf4                bsd_platform_shutdown
 .text.bsd_platform_af_method_table_get
                0x0001bd0c       0x84 C:/Programiranje/nrf91/ncs/nrfxlib/bsdlib/lib/cortex-m33/hard-float/libbsd_nrf9160_xxaa.a(bsd_platform.c.o)
                0x0001bd0c                bsd_platform_af_method_table_get
 .text.bsd_platform_fd_method_table_get
                0x0001bd90       0xbc C:/Programiranje/nrf91/ncs/nrfxlib/bsdlib/lib/cortex-m33/hard-float/libbsd_nrf9160_xxaa.a(bsd_platform.c.o)
                0x0001bd90                bsd_platform_fd_method_table_get
 .text.nrf_inbuilt_key_init
                0x0001be4c       0x8c C:/Programiranje/nrf91/ncs/nrfxlib/bsdlib/lib/cortex-m33/hard-float/libbsd_nrf9160_xxaa.a(nrf_inbuilt_key.c.o)
                0x0001be4c                nrf_inbuilt_key_init
 .text.nrf_inbuilt_key_deinit
                0x0001bed8       0x1c C:/Programiranje/nrf91/ncs/nrfxlib/bsdlib/lib/cortex-m33/hard-float/libbsd_nrf9160_xxaa.a(nrf_inbuilt_key.c.o)
                0x0001bed8                nrf_inbuilt_key_deinit
 .text.ipc_trace_init
                0x0001bef4        0xc C:/Programiranje/nrf91/ncs/nrfxlib/bsdlib/lib/cortex-m33/hard-float/libbsd_nrf9160_xxaa.a(ipc_trace.c.o)
                0x0001bef4                ipc_trace_init
 .text.bsd_os_trace_irq_handler
                0x0001bf00      0x1c4 C:/Programiranje/nrf91/ncs/nrfxlib/bsdlib/lib/cortex-m33/hard-float/libbsd_nrf9160_xxaa.a(ipc_trace.c.o)
                0x0001bf00                bsd_os_trace_irq_handler
 .text.ipc_trace_handle
                0x0001c0c4      0x2dc C:/Programiranje/nrf91/ncs/nrfxlib/bsdlib/lib/cortex-m33/hard-float/libbsd_nrf9160_xxaa.a(ipc_trace.c.o)
                0x0001c0c4                ipc_trace_handle
 .text.rpc_trace_coredump_in_progress
                0x0001c3a0        0xc C:/Programiranje/nrf91/ncs/nrfxlib/bsdlib/lib/cortex-m33/hard-float/libbsd_nrf9160_xxaa.a(ipc_trace.c.o)
                0x0001c3a0                rpc_trace_coredump_in_progress
 .text.transport_reset
                0x0001c3ac        0x4 C:/Programiranje/nrf91/ncs/nrfxlib/bsdlib/lib/cortex-m33/hard-float/libbsd_nrf9160_xxaa.a(rpc_transport_ipc.c.o)
 .text.transport_data_free
                0x0001c3b0       0x38 C:/Programiranje/nrf91/ncs/nrfxlib/bsdlib/lib/cortex-m33/hard-float/libbsd_nrf9160_xxaa.a(rpc_transport_ipc.c.o)
 .text.rpc_transport_ipc_init
                0x0001c3e8       0x84 C:/Programiranje/nrf91/ncs/nrfxlib/bsdlib/lib/cortex-m33/hard-float/libbsd_nrf9160_xxaa.a(rpc_transport_ipc.c.o)
                0x0001c3e8                rpc_transport_ipc_init
 .text.rpc_transport_rx_handle
                0x0001c46c       0x44 C:/Programiranje/nrf91/ncs/nrfxlib/bsdlib/lib/cortex-m33/hard-float/libbsd_nrf9160_xxaa.a(rpc_transport_ipc.c.o)
                0x0001c46c                rpc_transport_rx_handle
 .text.rpc_transport_ipc_shutdown
                0x0001c4b0       0x18 C:/Programiranje/nrf91/ncs/nrfxlib/bsdlib/lib/cortex-m33/hard-float/libbsd_nrf9160_xxaa.a(rpc_transport_ipc.c.o)
                0x0001c4b0                rpc_transport_ipc_shutdown
 .text.rpc_transport_ipc_rx_init
                0x0001c4c8      0x240 C:/Programiranje/nrf91/ncs/nrfxlib/bsdlib/lib/cortex-m33/hard-float/libbsd_nrf9160_xxaa.a(rpc_transport_ipc_rx.c.o)
                0x0001c4c8                rpc_transport_ipc_rx_init
 .text.IPC_IRQHandler
                0x0001c708      0x2e8 C:/Programiranje/nrf91/ncs/nrfxlib/bsdlib/lib/cortex-m33/hard-float/libbsd_nrf9160_xxaa.a(rpc_transport_ipc_rx.c.o)
                0x0001c708                IPC_IRQHandler
 .text.rpc_transport_msg_free
                0x0001c9f0       0x6c C:/Programiranje/nrf91/ncs/nrfxlib/bsdlib/lib/cortex-m33/hard-float/libbsd_nrf9160_xxaa.a(rpc_transport_ipc_rx.c.o)
                0x0001c9f0                rpc_transport_msg_free
 .text.rpc_transport_ipc_rx_suspend
                0x0001ca5c       0x40 C:/Programiranje/nrf91/ncs/nrfxlib/bsdlib/lib/cortex-m33/hard-float/libbsd_nrf9160_xxaa.a(rpc_transport_ipc_rx.c.o)
                0x0001ca5c                rpc_transport_ipc_rx_suspend
 .text.rpc_transport_ipc_rx_shutdown
                0x0001ca9c       0xec C:/Programiranje/nrf91/ncs/nrfxlib/bsdlib/lib/cortex-m33/hard-float/libbsd_nrf9160_xxaa.a(rpc_transport_ipc_rx.c.o)
                0x0001ca9c                rpc_transport_ipc_rx_shutdown
 .text.rpc_transport_ipc_tx_init
                0x0001cb88      0x1d4 C:/Programiranje/nrf91/ncs/nrfxlib/bsdlib/lib/cortex-m33/hard-float/libbsd_nrf9160_xxaa.a(rpc_transport_ipc_tx.c.o)
                0x0001cb88                rpc_transport_ipc_tx_init
 .text.rpc_transport_ipc_tx_send
                0x0001cd5c      0x100 C:/Programiranje/nrf91/ncs/nrfxlib/bsdlib/lib/cortex-m33/hard-float/libbsd_nrf9160_xxaa.a(rpc_transport_ipc_tx.c.o)
                0x0001cd5c                rpc_transport_ipc_tx_send
 .text.rpc_transport_ipc_tx_rpc_data_alloc
                0x0001ce5c       0x70 C:/Programiranje/nrf91/ncs/nrfxlib/bsdlib/lib/cortex-m33/hard-float/libbsd_nrf9160_xxaa.a(rpc_transport_ipc_tx.c.o)
                0x0001ce5c                rpc_transport_ipc_tx_rpc_data_alloc
 .text.rpc_transport_ipc_tx_rpc_ctrl_alloc
                0x0001cecc       0x60 C:/Programiranje/nrf91/ncs/nrfxlib/bsdlib/lib/cortex-m33/hard-float/libbsd_nrf9160_xxaa.a(rpc_transport_ipc_tx.c.o)
                0x0001cecc                rpc_transport_ipc_tx_rpc_ctrl_alloc
 .text.rpc_transport_ipc_tx_data_alloc
                0x0001cf2c       0x14 C:/Programiranje/nrf91/ncs/nrfxlib/bsdlib/lib/cortex-m33/hard-float/libbsd_nrf9160_xxaa.a(rpc_transport_ipc_tx.c.o)
                0x0001cf2c                rpc_transport_ipc_tx_data_alloc
 .text.rpc_transport_ipc_tx_suspend
                0x0001cf40        0xc C:/Programiranje/nrf91/ncs/nrfxlib/bsdlib/lib/cortex-m33/hard-float/libbsd_nrf9160_xxaa.a(rpc_transport_ipc_tx.c.o)
                0x0001cf40                rpc_transport_ipc_tx_suspend
 .text.rpc_transport_ipc_tx_shutdown
                0x0001cf4c       0x68 C:/Programiranje/nrf91/ncs/nrfxlib/bsdlib/lib/cortex-m33/hard-float/libbsd_nrf9160_xxaa.a(rpc_transport_ipc_tx.c.o)
                0x0001cf4c                rpc_transport_ipc_tx_shutdown
 .text.pdn_id_get_parser
                0x0001cfb4       0x4c C:/Programiranje/nrf91/ncs/nrfxlib/bsdlib/lib/cortex-m33/hard-float/libbsd_nrf9160_xxaa.a(pdn_interface.c.o)
 .text.conext_create_parser
                0x0001d000       0x4c C:/Programiranje/nrf91/ncs/nrfxlib/bsdlib/lib/cortex-m33/hard-float/libbsd_nrf9160_xxaa.a(pdn_interface.c.o)
 .text.ok_rsp_parser
                0x0001d04c       0x14 C:/Programiranje/nrf91/ncs/nrfxlib/bsdlib/lib/cortex-m33/hard-float/libbsd_nrf9160_xxaa.a(pdn_interface.c.o)
 .text.event_wait.constprop.3
                0x0001d060       0x94 C:/Programiranje/nrf91/ncs/nrfxlib/bsdlib/lib/cortex-m33/hard-float/libbsd_nrf9160_xxaa.a(pdn_interface.c.o)
 .text.pdn_id_get.part.1
                0x0001d0f4       0x88 C:/Programiranje/nrf91/ncs/nrfxlib/bsdlib/lib/cortex-m33/hard-float/libbsd_nrf9160_xxaa.a(pdn_interface.c.o)
 .text.pdn_interface_init
                0x0001d17c       0x34 C:/Programiranje/nrf91/ncs/nrfxlib/bsdlib/lib/cortex-m33/hard-float/libbsd_nrf9160_xxaa.a(pdn_interface.c.o)
                0x0001d17c                pdn_interface_init
 .text.pdn_interface_open
                0x0001d1b0      0x1c8 C:/Programiranje/nrf91/ncs/nrfxlib/bsdlib/lib/cortex-m33/hard-float/libbsd_nrf9160_xxaa.a(pdn_interface.c.o)
                0x0001d1b0                pdn_interface_open
 .text.pdn_interface_connect
                0x0001d378      0x290 C:/Programiranje/nrf91/ncs/nrfxlib/bsdlib/lib/cortex-m33/hard-float/libbsd_nrf9160_xxaa.a(pdn_interface.c.o)
                0x0001d378                pdn_interface_connect
 .text.pdn_interface_close
                0x0001d608      0x138 C:/Programiranje/nrf91/ncs/nrfxlib/bsdlib/lib/cortex-m33/hard-float/libbsd_nrf9160_xxaa.a(pdn_interface.c.o)
                0x0001d608                pdn_interface_close
 .text.pdn_interface_setopt
                0x0001d740      0x134 C:/Programiranje/nrf91/ncs/nrfxlib/bsdlib/lib/cortex-m33/hard-float/libbsd_nrf9160_xxaa.a(pdn_interface.c.o)
                0x0001d740                pdn_interface_setopt
 .text.pdn_interface_getopt
                0x0001d874       0xbc C:/Programiranje/nrf91/ncs/nrfxlib/bsdlib/lib/cortex-m33/hard-float/libbsd_nrf9160_xxaa.a(pdn_interface.c.o)
                0x0001d874                pdn_interface_getopt
 .text.pdn_interface_pdn_id_get
                0x0001d930      0x744 C:/Programiranje/nrf91/ncs/nrfxlib/bsdlib/lib/cortex-m33/hard-float/libbsd_nrf9160_xxaa.a(pdn_interface.c.o)
                0x0001d930                pdn_interface_pdn_id_get
 .text.ip_recvd_packet_free_cb
                0x0001e074       0x18 C:/Programiranje/nrf91/ncs/nrfxlib/bsdlib/lib/cortex-m33/hard-float/libbsd_nrf9160_xxaa.a(ip_interface.c.o)
 .text.rpc_error_to_nrf_bsd_error
                0x0001e08c       0x14 C:/Programiranje/nrf91/ncs/nrfxlib/bsdlib/lib/cortex-m33/hard-float/libbsd_nrf9160_xxaa.a(ip_interface.c.o)
                0x0001e08c                rpc_error_to_nrf_bsd_error
 .text.ip_interface_request_create
                0x0001e0a0       0x40 C:/Programiranje/nrf91/ncs/nrfxlib/bsdlib/lib/cortex-m33/hard-float/libbsd_nrf9160_xxaa.a(ip_interface.c.o)
                0x0001e0a0                ip_interface_request_create
 .text.ip_interface_request_send
                0x0001e0e0       0x28 C:/Programiranje/nrf91/ncs/nrfxlib/bsdlib/lib/cortex-m33/hard-float/libbsd_nrf9160_xxaa.a(ip_interface.c.o)
                0x0001e0e0                ip_interface_request_send
 .text.ip_interface_wait
                0x0001e108       0x28 C:/Programiranje/nrf91/ncs/nrfxlib/bsdlib/lib/cortex-m33/hard-float/libbsd_nrf9160_xxaa.a(ip_interface.c.o)
                0x0001e108                ip_interface_wait
 .text.ip_interface_init
                0x0001e130       0x30 C:/Programiranje/nrf91/ncs/nrfxlib/bsdlib/lib/cortex-m33/hard-float/libbsd_nrf9160_xxaa.a(ip_interface.c.o)
                0x0001e130                ip_interface_init
 .text.ip_interface_open
                0x0001e160      0x134 C:/Programiranje/nrf91/ncs/nrfxlib/bsdlib/lib/cortex-m33/hard-float/libbsd_nrf9160_xxaa.a(ip_interface.c.o)
                0x0001e160                ip_interface_open
 .text.ip_interface_close
                0x0001e294       0xe0 C:/Programiranje/nrf91/ncs/nrfxlib/bsdlib/lib/cortex-m33/hard-float/libbsd_nrf9160_xxaa.a(ip_interface.c.o)
                0x0001e294                ip_interface_close
 .text.ip_interface_sendto
                0x0001e374      0x1a8 C:/Programiranje/nrf91/ncs/nrfxlib/bsdlib/lib/cortex-m33/hard-float/libbsd_nrf9160_xxaa.a(ip_interface.c.o)
                0x0001e374                ip_interface_sendto
 .text.ip_interface_recvfrom
                0x0001e51c      0x1a8 C:/Programiranje/nrf91/ncs/nrfxlib/bsdlib/lib/cortex-m33/hard-float/libbsd_nrf9160_xxaa.a(ip_interface.c.o)
                0x0001e51c                ip_interface_recvfrom
 .text.ip_interface_connect
                0x0001e6c4      0x14c C:/Programiranje/nrf91/ncs/nrfxlib/bsdlib/lib/cortex-m33/hard-float/libbsd_nrf9160_xxaa.a(ip_interface.c.o)
                0x0001e6c4                ip_interface_connect
 .text.ip_interface_bind
                0x0001e810      0x12c C:/Programiranje/nrf91/ncs/nrfxlib/bsdlib/lib/cortex-m33/hard-float/libbsd_nrf9160_xxaa.a(ip_interface.c.o)
                0x0001e810                ip_interface_bind
 .text.ip_interface_listen
                0x0001e93c       0xec C:/Programiranje/nrf91/ncs/nrfxlib/bsdlib/lib/cortex-m33/hard-float/libbsd_nrf9160_xxaa.a(ip_interface.c.o)
                0x0001e93c                ip_interface_listen
 .text.ip_interface_accept
                0x0001ea28      0x270 C:/Programiranje/nrf91/ncs/nrfxlib/bsdlib/lib/cortex-m33/hard-float/libbsd_nrf9160_xxaa.a(ip_interface.c.o)
                0x0001ea28                ip_interface_accept
 .text.ip_interface_setopt
                0x0001ec98      0x16c C:/Programiranje/nrf91/ncs/nrfxlib/bsdlib/lib/cortex-m33/hard-float/libbsd_nrf9160_xxaa.a(ip_interface.c.o)
                0x0001ec98                ip_interface_setopt
 .text.ip_interface_getopt
                0x0001ee04        0x4 C:/Programiranje/nrf91/ncs/nrfxlib/bsdlib/lib/cortex-m33/hard-float/libbsd_nrf9160_xxaa.a(ip_interface.c.o)
                0x0001ee04                ip_interface_getopt
 .text.ip_interface_getaddrinfo
                0x0001ee08      0x1d4 C:/Programiranje/nrf91/ncs/nrfxlib/bsdlib/lib/cortex-m33/hard-float/libbsd_nrf9160_xxaa.a(ip_interface.c.o)
                0x0001ee08                ip_interface_getaddrinfo
 .text.ip_interface_freeaddrinfo
                0x0001efdc       0x3c C:/Programiranje/nrf91/ncs/nrfxlib/bsdlib/lib/cortex-m33/hard-float/libbsd_nrf9160_xxaa.a(ip_interface.c.o)