Archive member included to satisfy reference by file (symbol)

spm/spm_app/libspm_app.a(main.c.obj)
                              (--whole-archive)
spm/zephyr/libspm_zephyr.a(isr_tables.c.obj)
                              (--whole-archive)
spm/zephyr/libspm_zephyr.a(sw_isr_common.c.obj)
                              (--whole-archive)
spm/zephyr/libspm_zephyr.a(arm_core_cmse.c.obj)
                              (--whole-archive)
spm/zephyr/libspm_zephyr.a(arm_core_tz.c.obj)
                              (--whole-archive)
spm/zephyr/libspm_zephyr.a(crc32_sw.c.obj)
                              (--whole-archive)
spm/zephyr/libspm_zephyr.a(crc16_sw.c.obj)
                              (--whole-archive)
spm/zephyr/libspm_zephyr.a(crc8_sw.c.obj)
                              (--whole-archive)
spm/zephyr/libspm_zephyr.a(crc7_sw.c.obj)
                              (--whole-archive)
spm/zephyr/libspm_zephyr.a(fdtable.c.obj)
                              (--whole-archive)
spm/zephyr/libspm_zephyr.a(mempool.c.obj)
                              (--whole-archive)
spm/zephyr/libspm_zephyr.a(rb.c.obj)
                              (--whole-archive)
spm/zephyr/libspm_zephyr.a(thread_entry.c.obj)
                              (--whole-archive)
spm/zephyr/libspm_zephyr.a(work_q.c.obj)
                              (--whole-archive)
spm/zephyr/libspm_zephyr.a(printk.c.obj)
                              (--whole-archive)
spm/zephyr/libspm_zephyr.a(configs.c.obj)
                              (--whole-archive)
spm/zephyr/libspm_zephyr.a(soc.c.obj)
                              (--whole-archive)
spm/zephyr/libspm_zephyr.a(mpu_regions.c.obj)
                              (--whole-archive)
spm/zephyr/libspm_zephyr.a(system_nrf9160.c.obj)
                              (--whole-archive)
spm/zephyr/libspm_zephyr.a(nrfx_glue.c.obj)
                              (--whole-archive)
spm/zephyr/libspm_zephyr.a(power.c.obj)
                              (--whole-archive)
spm/zephyr/libspm_zephyr.a(policy_residency.c.obj)
                              (--whole-archive)
spm/zephyr/libspm_zephyr.a(uart_console.c.obj)
                              (--whole-archive)
spm/zephyr/libspm_zephyr.a(nrf_power_clock.c.obj)
                              (--whole-archive)
spm/zephyr/libspm_zephyr.a(sys_clock_init.c.obj)
                              (--whole-archive)
spm/zephyr/libspm_zephyr.a(nrf_rtc_timer.c.obj)
                              (--whole-archive)
spm/zephyr/libspm_zephyr.a(spm.c.obj)
                              (--whole-archive)
spm/zephyr/arch/arm/core/libspm_arch__arm__core.a(exc_exit.S.obj)
                              (--whole-archive)
spm/zephyr/arch/arm/core/libspm_arch__arm__core.a(swap_helper.S.obj)
                              (--whole-archive)
spm/zephyr/arch/arm/core/libspm_arch__arm__core.a(cpu_idle.S.obj)
                              (--whole-archive)
spm/zephyr/arch/arm/core/libspm_arch__arm__core.a(fault_s.S.obj)
                              (--whole-archive)
spm/zephyr/arch/arm/core/libspm_arch__arm__core.a(isr_wrapper.S.obj)
                              (--whole-archive)
spm/zephyr/arch/arm/core/libspm_arch__arm__core.a(irq_init.c.obj)
                              (--whole-archive)
spm/zephyr/arch/arm/core/libspm_arch__arm__core.a(swap.c.obj)
                              (--whole-archive)
spm/zephyr/arch/arm/core/libspm_arch__arm__core.a(fault.c.obj)
                              (--whole-archive)
spm/zephyr/arch/arm/core/libspm_arch__arm__core.a(irq_manage.c.obj)
                              (--whole-archive)
spm/zephyr/arch/arm/core/libspm_arch__arm__core.a(thread.c.obj)
                              (--whole-archive)
spm/zephyr/arch/arm/core/libspm_arch__arm__core.a(fatal.c.obj)
                              (--whole-archive)
spm/zephyr/arch/arm/core/libspm_arch__arm__core.a(sys_fatal_error_handler.c.obj)
                              (--whole-archive)
spm/zephyr/arch/arm/core/libspm_arch__arm__core.a(thread_abort.c.obj)
                              (--whole-archive)
spm/zephyr/arch/arm/core/cortex_m/libspm_arch__arm__core__cortex_m.a(vector_table.S.obj)
                              (--whole-archive)
spm/zephyr/arch/arm/core/cortex_m/libspm_arch__arm__core__cortex_m.a(reset.S.obj)
                              (--whole-archive)
spm/zephyr/arch/arm/core/cortex_m/libspm_arch__arm__core__cortex_m.a(nmi_on_reset.S.obj)
                              (--whole-archive)
spm/zephyr/arch/arm/core/cortex_m/libspm_arch__arm__core__cortex_m.a(prep_c.c.obj)
                              (--whole-archive)
spm/zephyr/arch/arm/core/cortex_m/libspm_arch__arm__core__cortex_m.a(scb.c.obj)
                              (--whole-archive)
spm/zephyr/arch/arm/core/cortex_m/libspm_arch__arm__core__cortex_m.a(nmi.c.obj)
                              (--whole-archive)
spm/zephyr/arch/arm/core/cortex_m/libspm_arch__arm__core__cortex_m.a(exc_manage.c.obj)
                              (--whole-archive)
[...]
Memory Configuration

Name             Origin             Length             Attributes
FLASH            0x00000000         0x00008000         xr
SRAM             0x20000000         0x00010000         xw
IDT_LIST         0x20010000         0x00000800         xw
*default*        0x00000000         0xffffffff

Linker script and memory map

LOAD spm/zephyr/CMakeFiles/spm_kernel_elf.dir/misc/empty_file.c.obj
LOAD spm/zephyr/CMakeFiles/spm_kernel_elf.dir/isr_tables.c.obj
LOAD spm/spm_app/libspm_app.a
LOAD spm/zephyr/libspm_zephyr.a
LOAD spm/zephyr/arch/arm/core/libspm_arch__arm__core.a
LOAD spm/zephyr/arch/arm/core/cortex_m/libspm_arch__arm__core__cortex_m.a
LOAD spm/zephyr/arch/arm/core/cortex_m/mpu/libspm_arch__arm__core__cortex_m__mpu.a
LOAD spm/zephyr/lib/libc/minimal/libspm_lib__libc__minimal.a
LOAD spm/zephyr/drivers/gpio/libspm_drivers__gpio.a
LOAD spm/zephyr/drivers/serial/libspm_drivers__serial.a
LOAD spm/zephyr/kernel/libspm_kernel.a
LOAD spm/zephyr/CMakeFiles/spm_offsets.dir/arch/arm/core/offsets/offsets.c.obj
LOAD c:/programiranje/nrf91/gnuarmemb/bin/../lib/gcc/arm-none-eabi/7.3.1/thumb/v8-m.main/fpv5-sp/hard\libgcc.a
                0x00000020                _region_min_align = 0x20

.rel.plt        0x00000000        0x0
 *(SORT_BY_ALIGNMENT(.rel.plt))
                [!provide]                PROVIDE (__rel_iplt_start = .)
 *(SORT_BY_ALIGNMENT(.rel.iplt))
 .rel.iplt      0x00000000        0x0 spm/zephyr/CMakeFiles/spm_kernel_elf.dir/isr_tables.c.obj
                [!provide]                PROVIDE (__rel_iplt_end = .)

.rela.plt       0x00000000        0x0
 *(SORT_BY_ALIGNMENT(.rela.plt))
                [!provide]                PROVIDE (__rela_iplt_start = .)
 *(SORT_BY_ALIGNMENT(.rela.iplt))
                [!provide]                PROVIDE (__rela_iplt_end = .)

.rel.dyn
 *(SORT_BY_ALIGNMENT(.rel.*))

.rela.dyn
 *(SORT_BY_ALIGNMENT(.rela.*))

/DISCARD/
 *(SORT_BY_ALIGNMENT(.plt))
 *(SORT_BY_ALIGNMENT(.iplt))
 *(SORT_BY_ALIGNMENT(.got.plt))
 *(SORT_BY_ALIGNMENT(.igot.plt))
 *(SORT_BY_ALIGNMENT(.got))
 *(SORT_BY_ALIGNMENT(.igot))
 *(SORT_BY_ALIGNMENT(.irq_info))
 *(SORT_BY_ALIGNMENT(.intList))
                0x00000000                _image_rom_start = 0x0

text            0x00000000      0x144
                0x00000000                . = 0x0
                0x00000000                _vector_start = .
 *(SORT_BY_ALIGNMENT(.exc_vector_table))
 *(SORT_BY_ALIGNMENT(.exc_vector_table.*))
 .exc_vector_table._vector_table_section
                0x00000000       0x40 spm/zephyr/arch/arm/core/cortex_m/libspm_arch__arm__core__cortex_m.a(vector_table.S.obj)
                0x00000000                _vector_table
 *(SORT_BY_ALIGNMENT(.gnu.linkonce.irq_vector_table))
 .gnu.linkonce.irq_vector_table
                0x00000040      0x104 spm/zephyr/CMakeFiles/spm_kernel_elf.dir/isr_tables.c.obj
                0x00000040                _irq_vector_table
 *(SORT_BY_ALIGNMENT(.vectors))
 *(SORT_BY_ALIGNMENT(.openocd_dbg))
 *(SORT_BY_ALIGNMENT(.openocd_dbg.*))
 *(SORT_BY_ALIGNMENT(.kinetis_flash_config))
 *(SORT_BY_ALIGNMENT(.kinetis_flash_config.*))
                0x00000144                _vector_end = .

_TEXT_SECTION_NAME_2
                0x00000144     0x30b2
                0x00000144                _image_text_start = .
 *(SORT_BY_ALIGNMENT(.text))
 .text          0x00000144       0xa0 c:/programiranje/nrf91/gnuarmemb/bin/../lib/gcc/arm-none-eabi/7.3.1/thumb/v8-m.main/fpv5-sp/hard\libgcc.a(_aeabi_ldivmod.o)
                0x00000144                __aeabi_ldivmod
 .text          0x000001e4      0x2e0 c:/programiranje/nrf91/gnuarmemb/bin/../lib/gcc/arm-none-eabi/7.3.1/thumb/v8-m.main/fpv5-sp/hard\libgcc.a(_udivmoddi4.o)
                0x000001e4                __udivmoddi4
 .text          0x000004c4        0x4 c:/programiranje/nrf91/gnuarmemb/bin/../lib/gcc/arm-none-eabi/7.3.1/thumb/v8-m.main/fpv5-sp/hard\libgcc.a(_dvmd_tls.o)
                0x000004c4                __aeabi_idiv0
                0x000004c4                __aeabi_ldiv0
 .text          0x000004c8       0x5c c:/programiranje/nrf91/gnuarmemb/bin/../lib/gcc/arm-none-eabi/7.3.1/thumb/v8-m.main/fpv5-sp/hard\libgcc.a(cmse_nonsecure_call.o)
                0x000004c8                __gnu_cmse_nonsecure_call
 *(SORT_BY_ALIGNMENT(.text.*))
 .text.tz_nonsecure_state_setup
                0x00000524       0x38 spm/zephyr/libspm_zephyr.a(arm_core_tz.c.obj)
                0x00000524                tz_nonsecure_state_setup
 .text.tz_nbanked_exception_target_state_set
                0x0000055c       0x28 spm/zephyr/libspm_zephyr.a(arm_core_tz.c.obj)
                0x0000055c                tz_nbanked_exception_target_state_set
 .text.tz_nonsecure_exception_prio_config
                0x00000584       0x28 spm/zephyr/libspm_zephyr.a(arm_core_tz.c.obj)
                0x00000584                tz_nonsecure_exception_prio_config
 .text.tz_nonsecure_system_reset_req_block
                0x000005ac       0x28 spm/zephyr/libspm_zephyr.a(arm_core_tz.c.obj)
                0x000005ac                tz_nonsecure_system_reset_req_block
 .text.tz_nonsecure_fpu_access_enable
                0x000005d4       0x14 spm/zephyr/libspm_zephyr.a(arm_core_tz.c.obj)
                0x000005d4                tz_nonsecure_fpu_access_enable
 .text.tz_sau_configure
                0x000005e8       0x28 spm/zephyr/libspm_zephyr.a(arm_core_tz.c.obj)
                0x000005e8                tz_sau_configure
 .text.char_out
                0x00000610       0x10 spm/zephyr/libspm_zephyr.a(printk.c.obj)
 .text._printk_dec_ulong
                0x00000620       0x9c spm/zephyr/libspm_zephyr.a(printk.c.obj)
 .text.__printk_hook_install
                0x000006bc        0xc spm/zephyr/libspm_zephyr.a(printk.c.obj)
                0x000006bc                __printk_hook_install
 .text.vprintk  0x000006c8       0x20 spm/zephyr/libspm_zephyr.a(printk.c.obj)
                0x000006c8                vprintk
 .text.nordicsemi_nrf91_init
                0x000006e8       0x3c spm/zephyr/libspm_zephyr.a(soc.c.obj)
 .text.SystemInit
                0x00000724      0x178 spm/zephyr/libspm_zephyr.a(system_nrf9160.c.obj)
                0x00000724                SystemInit
 .text.console_out
                0x0000089c       0x28 spm/zephyr/libspm_zephyr.a(uart_console.c.obj)
 .text.uart_console_hook_install
                0x000008c4       0x18 spm/zephyr/libspm_zephyr.a(uart_console.c.obj)
                0x000008c4                uart_console_hook_install
 .text.uart_console_init
                0x000008dc       0x1c spm/zephyr/libspm_zephyr.a(uart_console.c.obj)
 .text.m16src_stop
                0x000008f8       0x74 spm/zephyr/libspm_zephyr.a(nrf_power_clock.c.obj)
 .text.k32src_start
                0x0000096c       0x68 spm/zephyr/libspm_zephyr.a(nrf_power_clock.c.obj)
 .text.m16src_start
                0x000009d4       0xc4 spm/zephyr/libspm_zephyr.a(nrf_power_clock.c.obj)
 .text.rtc1_nrf_isr
                0x00000a98       0x50 spm/zephyr/libspm_zephyr.a(nrf_rtc_timer.c.obj)
                0x00000a98                rtc1_nrf_isr
 .text.z_clock_driver_init
                0x00000ae8       0x84 spm/zephyr/libspm_zephyr.a(nrf_rtc_timer.c.obj)
                0x00000ae8                z_clock_driver_init
 .text.z_clock_set_timeout
                0x00000b6c       0x74 spm/zephyr/libspm_zephyr.a(nrf_rtc_timer.c.obj)
                0x00000b6c                z_clock_set_timeout
 .text.z_clock_elapsed
                0x00000be0       0x3c spm/zephyr/libspm_zephyr.a(nrf_rtc_timer.c.obj)
                0x00000be0                z_clock_elapsed
 .text.spm_config_peripheral.constprop.1
                0x00000c1c       0x5c spm/zephyr/libspm_zephyr.a(spm.c.obj)
 .text.spm_jump
                0x00000c78       0xd8 spm/zephyr/libspm_zephyr.a(spm.c.obj)
                0x00000c78                spm_jump
 .text.spm_config
                0x00000d50      0x1cc spm/zephyr/libspm_zephyr.a(spm.c.obj)
                0x00000d50                spm_config
 .text._HandlerModeExit
                0x00000f1c       0x1c spm/zephyr/arch/arm/core/libspm_arch__arm__core.a(exc_exit.S.obj)
                0x00000f1c                _IntExit
                0x00000f1c                z_ExcExit
 .text.__pendsv
                0x00000f38       0x58 spm/zephyr/arch/arm/core/libspm_arch__arm__core.a(swap_helper.S.obj)
                0x00000f38                __pendsv
 .text.__svc    0x00000f90       0x24 spm/zephyr/arch/arm/core/libspm_arch__arm__core.a(swap_helper.S.obj)
                0x00000f90                __svc
 .text.z_CpuIdleInit
                0x00000fb4        0xc spm/zephyr/arch/arm/core/libspm_arch__arm__core.a(cpu_idle.S.obj)
                0x00000fb4                z_CpuIdleInit
 .text.k_cpu_idle
                0x00000fc0        0xc spm/zephyr/arch/arm/core/libspm_arch__arm__core.a(cpu_idle.S.obj)
                0x00000fc0                k_cpu_idle
 .text.__fault  0x00000fcc       0x24 spm/zephyr/arch/arm/core/libspm_arch__arm__core.a(fault_s.S.obj)
                0x00000fcc                __reserved
                0x00000fcc                __bus_fault
                0x00000fcc                __debug_monitor
                0x00000fcc                __secure_fault
                0x00000fcc                __mpu_fault
                0x00000fcc                __hard_fault
                0x00000fcc                __usage_fault
 .text._isr_wrapper
                0x00000ff0       0x40 spm/zephyr/arch/arm/core/libspm_arch__arm__core.a(isr_wrapper.S.obj)
                0x00000ff0                _isr_wrapper
 .text.z_IntLibInit
                0x00001030       0x18 spm/zephyr/arch/arm/core/libspm_arch__arm__core.a(irq_init.c.obj)
                0x00001030                z_IntLibInit
 .text.__swap   0x00001048       0x34 spm/zephyr/arch/arm/core/libspm_arch__arm__core.a(swap.c.obj)
                0x00001048                __swap
 .text.MpuFault.isra.2
                0x0000107c       0x90 spm/zephyr/arch/arm/core/libspm_arch__arm__core.a(fault.c.obj)
 .text.BusFault.isra.3
                0x0000110c       0xa0 spm/zephyr/arch/arm/core/libspm_arch__arm__core.a(fault.c.obj)
 .text.UsageFault.isra.4
                0x000011ac       0x98 spm/zephyr/arch/arm/core/libspm_arch__arm__core.a(fault.c.obj)
 .text.SecureFault.isra.5
                0x00001244       0x94 spm/zephyr/arch/arm/core/libspm_arch__arm__core.a(fault.c.obj)
 .text._Fault   0x000012d8      0x134 spm/zephyr/arch/arm/core/libspm_arch__arm__core.a(fault.c.obj)
                0x000012d8                _Fault
 .text.z_FaultInit
                0x0000140c       0x10 spm/zephyr/arch/arm/core/libspm_arch__arm__core.a(fault.c.obj)
                0x0000140c                z_FaultInit
 .text.z_arch_irq_enable
                0x0000141c       0x20 spm/zephyr/arch/arm/core/libspm_arch__arm__core.a(irq_manage.c.obj)
                0x0000141c                z_arch_irq_enable
 .text.z_arch_irq_disable
                0x0000143c       0x28 spm/zephyr/arch/arm/core/libspm_arch__arm__core.a(irq_manage.c.obj)
                0x0000143c                z_arch_irq_disable
 .text.z_irq_priority_set
                0x00001464       0x30 spm/zephyr/arch/arm/core/libspm_arch__arm__core.a(irq_manage.c.obj)
                0x00001464                z_irq_priority_set
 .text.z_new_thread
                0x00001494       0x54 spm/zephyr/arch/arm/core/libspm_arch__arm__core.a(thread.c.obj)
                0x00001494                z_new_thread
 .text.z_NanoFatalErrorHandler
                0x000014e8       0x64 spm/zephyr/arch/arm/core/libspm_arch__arm__core.a(fatal.c.obj)
                0x000014e8                z_NanoFatalErrorHandler
 .text.z_SysFatalErrorHandler
                0x0000154c       0x58 spm/zephyr/arch/arm/core/libspm_arch__arm__core.a(sys_fatal_error_handler.c.obj)
                0x0000154c                z_SysFatalErrorHandler
 .text.z_impl_k_thread_abort
                0x000015a4       0x4c spm/zephyr/arch/arm/core/libspm_arch__arm__core.a(thread_abort.c.obj)
                0x000015a4                z_impl_k_thread_abort
 .text._reset_section
                0x000015f0        0x8 spm/zephyr/arch/arm/core/cortex_m/libspm_arch__arm__core__cortex_m.a(reset.S.obj)
                0x000015f0                __start
                0x000015f0                __reset
 .text.z_SysNmiOnReset
                0x000015f8        0x8 spm/zephyr/arch/arm/core/cortex_m/libspm_arch__arm__core__cortex_m.a(nmi_on_reset.S.obj)
                0x000015f8                z_SysNmiOnReset
 .text._PrepC   0x00001600       0x48 spm/zephyr/arch/arm/core/cortex_m/libspm_arch__arm__core__cortex_m.a(prep_c.c.obj)
                0x00001600                _PrepC
 .text.z_arch_configure_static_mpu_regions
                0x00001648       0x54 spm/zephyr/arch/arm/core/cortex_m/mpu/libspm_arch__arm__core__cortex_m__mpu.a(arm_core_mpu.c.obj)
                0x00001648                z_arch_configure_static_mpu_regions
 .text.region_init
                0x0000169c       0x30 spm/zephyr/arch/arm/core/cortex_m/mpu/libspm_arch__arm__core__cortex_m__mpu.a(arm_mpu.c.obj)
 .text.mpu_configure_region
                0x000016cc       0x54 spm/zephyr/arch/arm/core/cortex_m/mpu/libspm_arch__arm__core__cortex_m__mpu.a(arm_mpu.c.obj)
 .text.mpu_configure_regions.constprop.1
                0x00001720      0x15c spm/zephyr/arch/arm/core/cortex_m/mpu/libspm_arch__arm__core__cortex_m__mpu.a(arm_mpu.c.obj)
 .text.arm_core_mpu_enable
                0x0000187c       0x14 spm/zephyr/arch/arm/core/cortex_m/mpu/libspm_arch__arm__core__cortex_m__mpu.a(arm_mpu.c.obj)
                0x0000187c                arm_core_mpu_enable
 .text.arm_core_mpu_disable
                0x00001890       0x10 spm/zephyr/arch/arm/core/cortex_m/mpu/libspm_arch__arm__core__cortex_m__mpu.a(arm_mpu.c.obj)
                0x00001890                arm_core_mpu_disable
 .text.arm_mpu_init
                0x000018a0       0x54 spm/zephyr/arch/arm/core/cortex_m/mpu/libspm_arch__arm__core__cortex_m__mpu.a(arm_mpu.c.obj)
 .text.arm_core_mpu_configure_static_mpu_regions
                0x000018f4       0x14 spm/zephyr/arch/arm/core/cortex_m/mpu/libspm_arch__arm__core__cortex_m__mpu.a(arm_mpu.c.obj)
                0x000018f4                arm_core_mpu_configure_static_mpu_regions
 .text.arm_core_mpu_mark_areas_for_dynamic_regions
                0x00001908       0xa4 spm/zephyr/arch/arm/core/cortex_m/mpu/libspm_arch__arm__core__cortex_m__mpu.a(arm_mpu.c.obj)
                0x00001908                arm_core_mpu_mark_areas_for_dynamic_regions
 .text.arm_core_mpu_configure_dynamic_mpu_regions
                0x000019ac       0x48 spm/zephyr/arch/arm/core/cortex_m/mpu/libspm_arch__arm__core__cortex_m__mpu.a(arm_mpu.c.obj)
                0x000019ac                arm_core_mpu_configure_dynamic_mpu_regions
 .text.__stdout_hook_install
                0x000019f4        0xc spm/zephyr/lib/libc/minimal/libspm_lib__libc__minimal.a(stdout_console.c.obj)
                0x000019f4                __stdout_hook_install
 .text.nrf_gpio_cfg_sense_set
                0x00001a00       0x24 spm/zephyr/drivers/gpio/libspm_drivers__gpio.a(gpio_nrfx.c.obj)
 .text.gpiote_pin_int_cfg
                0x00001a24      0x138 spm/zephyr/drivers/gpio/libspm_drivers__gpio.a(gpio_nrfx.c.obj)
 .text.gpio_nrfx_init
                0x00001b5c       0x30 spm/zephyr/drivers/gpio/libspm_drivers__gpio.a(gpio_nrfx.c.obj)
 .text.gpio_nrfx_config
                0x00001b8c      0x128 spm/zephyr/drivers/gpio/libspm_drivers__gpio.a(gpio_nrfx.c.obj)
 .text.gpiote_event_handler
                0x00001cb4      0x128 spm/zephyr/drivers/gpio/libspm_drivers__gpio.a(gpio_nrfx.c.obj)
 .text.uarte_nrfx_configure
                0x00001ddc      0x160 spm/zephyr/drivers/serial/libspm_drivers__serial.a(uart_nrfx_uarte.c.obj)
 .text.uarte_0_init
                0x00001f3c       0x6c spm/zephyr/drivers/serial/libspm_drivers__serial.a(uart_nrfx_uarte.c.obj)
 .text.z_sys_device_do_config_level
                0x00001fa8       0x2c spm/zephyr/kernel/libspm_kernel.a(device.c.obj)
                0x00001fa8                z_sys_device_do_config_level
 .text.z_impl_device_get_binding
                0x00001fd4       0x4c spm/zephyr/kernel/libspm_kernel.a(device.c.obj)
                0x00001fd4                z_impl_device_get_binding
 .text.idle     0x00002020       0x34 spm/zephyr/kernel/libspm_kernel.a(idle.c.obj)
                0x00002020                idle
 .text.z_bss_zero
                0x00002054       0x14 spm/zephyr/kernel/libspm_kernel.a(init.c.obj)
                0x00002054                z_bss_zero
 .text.z_data_copy
                0x00002068       0x34 spm/zephyr/kernel/libspm_kernel.a(init.c.obj)
                0x00002068                z_data_copy
 .text.bg_thread_main
                0x0000209c       0x30 spm/zephyr/kernel/libspm_kernel.a(init.c.obj)
 .text.z_cstart
                0x000020cc      0x13c spm/zephyr/kernel/libspm_kernel.a(init.c.obj)
                0x000020cc                z_cstart
 .text.resched  0x00002208       0x24 spm/zephyr/kernel/libspm_kernel.a(sched.c.obj)
 .text.reset_time_slice
                0x0000222c       0x24 spm/zephyr/kernel/libspm_kernel.a(sched.c.obj)
 .text.k_sched_time_slice_set
                0x00002250       0x5c spm/zephyr/kernel/libspm_kernel.a(sched.c.obj)
                0x00002250                k_sched_time_slice_set
 .text.k_sched_lock
                0x000022ac       0x28 spm/zephyr/kernel/libspm_kernel.a(sched.c.obj)
                0x000022ac                k_sched_lock
 .text.z_priq_dumb_remove
                0x000022d4       0x2c spm/zephyr/kernel/libspm_kernel.a(sched.c.obj)
                0x000022d4                z_priq_dumb_remove
 .text.update_cache
                0x00002300       0x3c spm/zephyr/kernel/libspm_kernel.a(sched.c.obj)
 .text.k_sched_unlock
                0x0000233c       0x38 spm/zephyr/kernel/libspm_kernel.a(sched.c.obj)
                0x0000233c                k_sched_unlock
 .text.z_add_thread_to_ready_q
                0x00002374       0x70 spm/zephyr/kernel/libspm_kernel.a(sched.c.obj)
                0x00002374                z_add_thread_to_ready_q
 .text.z_move_thread_to_end_of_prio_q
                0x000023e4       0x80 spm/zephyr/kernel/libspm_kernel.a(sched.c.obj)
                0x000023e4                z_move_thread_to_end_of_prio_q
 .text.z_time_slice
                0x00002464       0x68 spm/zephyr/kernel/libspm_kernel.a(sched.c.obj)
                0x00002464                z_time_slice
 .text.z_remove_thread_from_ready_q
                0x000024cc       0x4c spm/zephyr/kernel/libspm_kernel.a(sched.c.obj)
                0x000024cc                z_remove_thread_from_ready_q
 .text.z_sched_init
                0x00002518       0x18 spm/zephyr/kernel/libspm_kernel.a(sched.c.obj)
                0x00002518                z_sched_init
 .text.z_impl_k_current_get
                0x00002530        0xc spm/zephyr/kernel/libspm_kernel.a(sched.c.obj)
                0x00002530                z_impl_k_current_get
 .text.k_is_in_isr
                0x0000253c       0x20 spm/zephyr/kernel/libspm_kernel.a(thread.c.obj)
                0x0000253c                k_is_in_isr
 .text.z_is_thread_essential
                0x0000255c       0x10 spm/zephyr/kernel/libspm_kernel.a(thread.c.obj)
                0x0000255c                z_is_thread_essential
 .text.z_impl_k_thread_start
                0x0000256c       0x48 spm/zephyr/kernel/libspm_kernel.a(thread.c.obj)
                0x0000256c                z_impl_k_thread_start
 .text.z_setup_new_thread
                0x000025b4       0x34 spm/zephyr/kernel/libspm_kernel.a(thread.c.obj)
                0x000025b4                z_setup_new_thread
 .text.z_init_static_threads
                0x000025e8       0xb8 spm/zephyr/kernel/libspm_kernel.a(thread.c.obj)
                0x000025e8                z_init_static_threads
 .text.elapsed  0x000026a0       0x14 spm/zephyr/kernel/libspm_kernel.a(timeout.c.obj)
 .text.remove_timeout
                0x000026b4       0x2c spm/zephyr/kernel/libspm_kernel.a(timeout.c.obj)
 .text.next_timeout
                0x000026e0       0x50 spm/zephyr/kernel/libspm_kernel.a(timeout.c.obj)
 .text.z_add_timeout
                0x00002730       0x88 spm/zephyr/kernel/libspm_kernel.a(timeout.c.obj)
                0x00002730                z_add_timeout
 .text.z_clock_announce
                0x000027b8       0xac spm/zephyr/kernel/libspm_kernel.a(timeout.c.obj)
                0x000027b8                z_clock_announce
 .text.init_static_pools
                0x00002864       0x28 spm/zephyr/kernel/libspm_kernel.a(mempool.c.obj)
                0x00002864                init_static_pools
 .text.main     0x0000288c        0xe spm/spm_app/libspm_app.a(main.c.obj)
                0x0000288c                main
 .text.arm_cmse_mpu_region_get
                0x0000289a       0x12 spm/zephyr/libspm_zephyr.a(arm_core_cmse.c.obj)
                0x0000289a                arm_cmse_mpu_region_get
 .text.get_bit_ptr
                0x000028ac       0x2c spm/zephyr/libspm_zephyr.a(mempool.c.obj)
 .text.set_free_bit
                0x000028d8       0x1c spm/zephyr/libspm_zephyr.a(mempool.c.obj)
 .text.z_sys_mem_pool_base_init
                0x000028f4       0x96 spm/zephyr/libspm_zephyr.a(mempool.c.obj)
                0x000028f4                z_sys_mem_pool_base_init
 .text.z_thread_entry
                0x0000298a       0x14 spm/zephyr/libspm_zephyr.a(thread_entry.c.obj)
                0x0000298a                z_thread_entry
 .text.z_arch_printk_char_out
                0x0000299e        0x4 spm/zephyr/libspm_zephyr.a(printk.c.obj)
                0x0000299e                z_arch_printk_char_out
 .text.print_err
                0x000029a2       0x1c spm/zephyr/libspm_zephyr.a(printk.c.obj)
 .text.z_vprintk
                0x000029be      0x2b8 spm/zephyr/libspm_zephyr.a(printk.c.obj)
                0x000029be                z_vprintk
 .text.printk   0x00002c76       0x1a spm/zephyr/libspm_zephyr.a(printk.c.obj)
                0x00002c76                printk
 .text._ConfigAbsSyms
                0x00002c90        0x2 spm/zephyr/libspm_zephyr.a(configs.c.obj)
                0x00002c90                _ConfigAbsSyms
 .text.nrf_power_clock_isr
                0x00002c92       0x6e spm/zephyr/libspm_zephyr.a(nrf_power_clock.c.obj)
                0x00002c92                nrf_power_clock_isr
 .text.clock_control_init
                0x00002d00       0x16 spm/zephyr/libspm_zephyr.a(nrf_power_clock.c.obj)
 .text.z_clock_isr
                0x00002d16        0x2 spm/zephyr/libspm_zephyr.a(sys_clock_init.c.obj)
                0x00002d16                z_clock_isr
 .text.z_clock_idle_exit
                0x00002d18        0x2 spm/zephyr/libspm_zephyr.a(sys_clock_init.c.obj)
                0x00002d18                z_clock_idle_exit
 .text.z_irq_spurious
                0x00002d1a        0x4 spm/zephyr/arch/arm/core/libspm_arch__arm__core.a(irq_manage.c.obj)
                0x00002d1a                z_irq_spurious
 .text.irq_target_state_set
                0x00002d1e       0x52 spm/zephyr/arch/arm/core/libspm_arch__arm__core.a(irq_manage.c.obj)
                0x00002d1e                irq_target_state_set
 .text.z_do_kernel_oops
                0x00002d70        0x8 spm/zephyr/arch/arm/core/libspm_arch__arm__core.a(fatal.c.obj)
                0x00002d70                z_do_kernel_oops
 .text.lock_interrupts
                0x00002d78        0x8 spm/zephyr/arch/arm/core/cortex_m/libspm_arch__arm__core__cortex_m.a(prep_c.c.obj)
                0x00002d78                lock_interrupts
 .text.__nmi    0x00002d80        0xe spm/zephyr/arch/arm/core/cortex_m/libspm_arch__arm__core__cortex_m.a(nmi.c.obj)
                0x00002d80                __nmi
 .text.z_arch_configure_dynamic_mpu_regions
                0x00002d8e       0x10 spm/zephyr/arch/arm/core/cortex_m/mpu/libspm_arch__arm__core__cortex_m__mpu.a(arm_core_mpu.c.obj)
                0x00002d8e                z_arch_configure_dynamic_mpu_regions
 .text.strcmp   0x00002d9e       0x1a spm/zephyr/lib/libc/minimal/libspm_lib__libc__minimal.a(string.c.obj)
                0x00002d9e                strcmp
 .text.memcpy   0x00002db8       0x5a spm/zephyr/lib/libc/minimal/libspm_lib__libc__minimal.a(string.c.obj)
                0x00002db8                memcpy
 .text.memset   0x00002e12       0x42 spm/zephyr/lib/libc/minimal/libspm_lib__libc__minimal.a(string.c.obj)
                0x00002e12                memset
 .text._stdout_hook_default
                0x00002e54        0x6 spm/zephyr/lib/libc/minimal/libspm_lib__libc__minimal.a(stdout_console.c.obj)
 .text.gpio_nrfx_write
                0x00002e5a       0x34 spm/zephyr/drivers/gpio/libspm_drivers__gpio.a(gpio_nrfx.c.obj)
 .text.gpio_nrfx_read
                0x00002e8e       0x32 spm/zephyr/drivers/gpio/libspm_drivers__gpio.a(gpio_nrfx.c.obj)
 .text.gpio_nrfx_manage_callback
                0x00002ec0       0x56 spm/zephyr/drivers/gpio/libspm_drivers__gpio.a(gpio_nrfx.c.obj)
 .text.gpio_nrfx_pin_disable_callback
                0x00002f16       0x42 spm/zephyr/drivers/gpio/libspm_drivers__gpio.a(gpio_nrfx.c.obj)
 .text.gpio_nrfx_pin_enable_callback
                0x00002f58       0x40 spm/zephyr/drivers/gpio/libspm_drivers__gpio.a(gpio_nrfx.c.obj)
 .text.uarte_nrfx_config_get
                0x00002f98       0x10 spm/zephyr/drivers/serial/libspm_drivers__serial.a(uart_nrfx_uarte.c.obj)
 .text.uarte_nrfx_err_check
                0x00002fa8       0x16 spm/zephyr/drivers/serial/libspm_drivers__serial.a(uart_nrfx_uarte.c.obj)
 .text.uarte_nrfx_poll_in
                0x00002fbe       0x24 spm/zephyr/drivers/serial/libspm_drivers__serial.a(uart_nrfx_uarte.c.obj)
 .text.uarte_nrfx_poll_out
                0x00002fe2       0x2e spm/zephyr/drivers/serial/libspm_drivers__serial.a(uart_nrfx_uarte.c.obj)
 .text.z_sys_power_save_idle_exit
                0x00003010        0x4 spm/zephyr/kernel/libspm_kernel.a(idle.c.obj)
                0x00003010                z_sys_power_save_idle_exit
 .text.z_is_thread_ready
                0x00003014       0x12 spm/zephyr/kernel/libspm_kernel.a(sched.c.obj)
 .text.z_unpend_thread_no_timeout
                0x00003026       0x32 spm/zephyr/kernel/libspm_kernel.a(sched.c.obj)
                0x00003026                z_unpend_thread_no_timeout
 .text.z_reschedule
                0x00003058       0x1c spm/zephyr/kernel/libspm_kernel.a(sched.c.obj)
                0x00003058                z_reschedule
 .text.z_reschedule_irqlock
                0x00003074       0x1e spm/zephyr/kernel/libspm_kernel.a(sched.c.obj)
                0x00003074                z_reschedule_irqlock
 .text.z_reschedule_unlocked
                0x00003092       0x14 spm/zephyr/kernel/libspm_kernel.a(sched.c.obj)
 .text.z_priq_dumb_best
                0x000030a6        0xc spm/zephyr/kernel/libspm_kernel.a(sched.c.obj)
                0x000030a6                z_priq_dumb_best
 .text.z_thread_timeout
                0x000030b2       0x62 spm/zephyr/kernel/libspm_kernel.a(sched.c.obj)
                0x000030b2                z_thread_timeout
 .text.z_is_thread_ready
                0x00003114       0x12 spm/zephyr/kernel/libspm_kernel.a(thread.c.obj)
 .text.z_thread_single_abort
                0x00003126       0x3e spm/zephyr/kernel/libspm_kernel.a(thread.c.obj)
                0x00003126                z_thread_single_abort
 .text.z_init_thread_base
                0x00003164       0x10 spm/zephyr/kernel/libspm_kernel.a(thread.c.obj)
                0x00003164                z_init_thread_base
 .text.z_abort_timeout
                0x00003174       0x2c spm/zephyr/kernel/libspm_kernel.a(timeout.c.obj)
                0x00003174                z_abort_timeout
 .text.z_get_next_timeout_expiry
                0x000031a0       0x20 spm/zephyr/kernel/libspm_kernel.a(timeout.c.obj)
                0x000031a0                z_get_next_timeout_expiry
 .text.z_set_timeout_expiry
                0x000031c0       0x34 spm/zephyr/kernel/libspm_kernel.a(timeout.c.obj)
                0x000031c0                z_set_timeout_expiry
 .text._OffsetAbsSyms
                0x000031f4        0x2 spm/zephyr/CMakeFiles/spm_offsets.dir/arch/arm/core/offsets/offsets.c.obj
                0x000031f4                _OffsetAbsSyms
 *(SORT_BY_ALIGNMENT(.gnu.linkonce.t.*))
 *(SORT_BY_ALIGNMENT(.glue_7t))
 .glue_7t       0x000031f6        0x0 linker stubs
 *(SORT_BY_ALIGNMENT(.glue_7))
 .glue_7        0x000031f6        0x0 linker stubs
 *(SORT_BY_ALIGNMENT(.vfp11_veneer))
 .vfp11_veneer  0x000031f6        0x0 linker stubs
 *(SORT_BY_ALIGNMENT(.v4_bx))
 .v4_bx         0x000031f6        0x0 linker stubs
                0x000031f6                _image_text_end = .

.ARM.exidx      0x000031f8        0x8
                0x000031f8                __exidx_start = .
 *(SORT_BY_ALIGNMENT(.ARM.exidx*) SORT_BY_ALIGNMENT(gnu.linkonce.armexidx.*))
 .ARM.exidx     0x000031f8        0x8 c:/programiranje/nrf91/gnuarmemb/bin/../lib/gcc/arm-none-eabi/7.3.1/thumb/v8-m.main/fpv5-sp/hard\libgcc.a(_udivmoddi4.o)
                0x00003200                __exidx_end = .
                0x00003200                _image_rodata_start = .

sw_isr_table    0x00003200      0x208
 *(SORT_BY_ALIGNMENT(.gnu.linkonce.sw_isr_table))
 .gnu.linkonce.sw_isr_table
                0x00003200      0x208 spm/zephyr/CMakeFiles/spm_kernel_elf.dir/isr_tables.c.obj
                0x00003200                _sw_isr_table

app_shmem_regions
                0x00003408        0x0
                0x00003408                __app_shmem_regions_start = .
 *(SORT_BY_NAME(SORT_BY_ALIGNMENT(.app_regions.*)))
                0x00003408                __app_shmem_regions_end = .

devconfig       0x00003408       0x6c
                0x00003408                __devconfig_start = .
 *(SORT_BY_ALIGNMENT(.devconfig.*))
 .devconfig.init
                0x00003408        0xc spm/zephyr/libspm_zephyr.a(soc.c.obj)
 .devconfig.init
                0x00003414        0xc spm/zephyr/libspm_zephyr.a(uart_console.c.obj)
 .devconfig.init
                0x00003420       0x18 spm/zephyr/libspm_zephyr.a(nrf_power_clock.c.obj)
 .devconfig.init
                0x00003438        0xc spm/zephyr/libspm_zephyr.a(sys_clock_init.c.obj)
 .devconfig.init
                0x00003444        0xc spm/zephyr/arch/arm/core/cortex_m/mpu/libspm_arch__arm__core__cortex_m__mpu.a(arm_mpu.c.obj)
 .devconfig.init
                0x00003450        0xc spm/zephyr/drivers/gpio/libspm_drivers__gpio.a(gpio_nrfx.c.obj)
 .devconfig.init
                0x0000345c        0xc spm/zephyr/drivers/serial/libspm_drivers__serial.a(uart_nrfx_uarte.c.obj)
 .devconfig.init
                0x00003468        0xc spm/zephyr/kernel/libspm_kernel.a(mempool.c.obj)
 *(SORT_BY_NAME(SORT_BY_ALIGNMENT(.devconfig*)))
                0x00003474                __devconfig_end = .

net_l2          0x00003474        0x0
                0x00003474                __net_l2_start = .
 *(SORT_BY_ALIGNMENT(.net_l2.init))
 *(SORT_BY_NAME(SORT_BY_ALIGNMENT(.net_l2.init*)))
                0x00003474                __net_l2_end = .

log_const_sections
                0x00003474        0x0
                0x00003474                __log_const_start = .
 *(SORT_BY_NAME(SORT_BY_ALIGNMENT(.log_const_*)))
                0x00003474                __log_const_end = .

log_backends_sections
                0x00003474        0x0
                0x00003474                __log_backends_start = .
 *(SORT_BY_ALIGNMENT(.log_backends))
                0x00003474                __log_backends_end = .

shell_root_cmds_sections
                0x00003474        0x0
                0x00003474                __shell_root_cmds_start = .
 *(SORT_BY_NAME(SORT_BY_ALIGNMENT(.shell_root_cmd_*)))
                0x00003474                __shell_root_cmds_end = .

font_entry_sections
                0x00003474        0x0
                0x00003474                __font_entry_start = .
 *(SORT_BY_NAME(SORT_BY_ALIGNMENT(.font_entry.*)))
                0x00003474                __font_entry_end = .

rodata          0x00003474      0xa28
 *(SORT_BY_ALIGNMENT(.rodata))
 *(SORT_BY_ALIGNMENT(.rodata.*))
 .rodata.mpu_config
                0x00003474        0x8 spm/zephyr/libspm_zephyr.a(mpu_regions.c.obj)
                0x00003474                mpu_config
 .rodata.mpu_regions
                0x0000347c       0x20 spm/zephyr/libspm_zephyr.a(mpu_regions.c.obj)
 .rodata._k32src_clock_control_api
                0x0000349c        0xc spm/zephyr/libspm_zephyr.a(nrf_power_clock.c.obj)
 .rodata._m16src_clock_control_api
                0x000034a8        0xc spm/zephyr/libspm_zephyr.a(nrf_power_clock.c.obj)
 .rodata.flash_perm.11036
                0x000034b4       0x80 spm/zephyr/libspm_zephyr.a(spm.c.obj)
 .rodata.periph.11067
                0x00003534       0x90 spm/zephyr/libspm_zephyr.a(spm.c.obj)
 .rodata.sram_perm.11044
                0x000035c4       0x80 spm/zephyr/libspm_zephyr.a(spm.c.obj)
 .rodata.gpio_nrfx_drv_api_funcs
                0x00003644       0x1c spm/zephyr/drivers/gpio/libspm_drivers__gpio.a(gpio_nrfx.c.obj)
 .rodata.gpio_nrfx_p0_cfg
                0x00003660        0x8 spm/zephyr/drivers/gpio/libspm_drivers__gpio.a(gpio_nrfx.c.obj)
 .rodata.uart_nrfx_uarte_driver_api
                0x00003668       0x14 spm/zephyr/drivers/serial/libspm_drivers__serial.a(uart_nrfx_uarte.c.obj)
 .rodata.uarte_0z_config
                0x0000367c        0x8 spm/zephyr/drivers/serial/libspm_drivers__serial.a(uart_nrfx_uarte.c.obj)
 .rodata.config_levels.10702
                0x00003684       0x14 spm/zephyr/kernel/libspm_kernel.a(device.c.obj)
 .rodata._k_neg_eagain
                0x00003698        0x4 spm/zephyr/kernel/libspm_kernel.a(errno.c.obj)
                0x00003698                _k_neg_eagain
 .rodata._idle_thread
                0x0000369c        0x4 spm/zephyr/kernel/libspm_kernel.a(init.c.obj)
                0x0000369c                _idle_thread
 .rodata.str1.1
                0x000036a0        0x0 spm/zephyr/libspm_zephyr.a(soc.c.obj)
                                  0x1 (size before relaxing)
 .rodata.str1.1
                0x000036a0        0xf spm/zephyr/libspm_zephyr.a(mpu_regions.c.obj)
 .rodata.str1.1
                0x000036af        0x1 spm/zephyr/libspm_zephyr.a(uart_console.c.obj)
 .rodata.uart_console_init.str1.1
                0x000036af        0x7 spm/zephyr/libspm_zephyr.a(uart_console.c.obj)
 .rodata.str1.1
                0x000036b6       0x14 spm/zephyr/libspm_zephyr.a(nrf_power_clock.c.obj)
 .rodata.str1.1
                0x000036ca        0xa spm/zephyr/libspm_zephyr.a(sys_clock_init.c.obj)
 .rodata.z_clock_driver_init.str1.1
                0x000036d4        0xa spm/zephyr/libspm_zephyr.a(nrf_rtc_timer.c.obj)
 .rodata.spm_config.str1.1
                0x000036d4       0xcd spm/zephyr/libspm_zephyr.a(spm.c.obj)
                                 0xda (size before relaxing)
 .rodata.spm_jump.str1.1
                0x000037a1       0x75 spm/zephyr/libspm_zephyr.a(spm.c.obj)
 .rodata.str1.1
                0x00003816       0xae spm/zephyr/libspm_zephyr.a(spm.c.obj)
 .rodata.BusFault.isra.3.str1.1
                0x000038c4       0x8e spm/zephyr/arch/arm/core/libspm_arch__arm__core.a(fault.c.obj)
 .rodata.MpuFault.isra.2.str1.1
                0x00003952       0xdf spm/zephyr/arch/arm/core/libspm_arch__arm__core.a(fault.c.obj)
 .rodata.SecureFault.isra.5.str1.1
                0x00003a31       0xe0 spm/zephyr/arch/arm/core/libspm_arch__arm__core.a(fault.c.obj)
 .rodata.UsageFault.isra.4.str1.1
                0x00003b11       0xff spm/zephyr/arch/arm/core/libspm_arch__arm__core.a(fault.c.obj)
 .rodata._Fault.str1.1
                0x00003c10      0x118 spm/zephyr/arch/arm/core/libspm_arch__arm__core.a(fault.c.obj)
 .rodata.z_NanoFatalErrorHandler.str1.1
                0x00003d28       0xda spm/zephyr/arch/arm/core/libspm_arch__arm__core.a(fatal.c.obj)
 .rodata.z_SysFatalErrorHandler.str1.1
                0x00003e02       0x5a spm/zephyr/arch/arm/core/libspm_arch__arm__core.a(sys_fatal_error_handler.c.obj)
 .rodata.str1.1
                0x00003e5c        0x1 spm/zephyr/arch/arm/core/cortex_m/mpu/libspm_arch__arm__core__cortex_m__mpu.a(arm_mpu.c.obj)
 .rodata.str1.1
                0x00003e5c        0x7 spm/zephyr/drivers/gpio/libspm_drivers__gpio.a(gpio_nrfx.c.obj)
 .rodata.str1.1
                0x00003e63        0x7 spm/zephyr/drivers/serial/libspm_drivers__serial.a(uart_nrfx_uarte.c.obj)
 .rodata.bg_thread_main.str1.1
                0x00003e63       0x2d spm/zephyr/kernel/libspm_kernel.a(init.c.obj)
 .rodata.z_cstart.str1.1
                0x00003e90        0xa spm/zephyr/kernel/libspm_kernel.a(init.c.obj)
 .rodata.str1.1
                0x00003e9a        0x1 spm/zephyr/kernel/libspm_kernel.a(mempool.c.obj)
 *(SORT_BY_ALIGNMENT(.gnu.linkonce.r.*))
                0x00003e9c                . = ALIGN (0x4)
 *fill*         0x00003e9a        0x2 
                0x00003e9c                _ext_abis_start = .
 *(SORT_BY_ALIGNMENT(.ext_abis))
                0x00000000                _ext_abis_size = ABSOLUTE (((. - _ext_abis_start) / 0x4))
                0x00003e9c                . = ALIGN (0x4)
                0x00003e9c                _image_rodata_end = .
                0x00003e9c                _image_rom_end = .
                0x20000000                . = 0x20000000
                0x20000000                . = ALIGN (_region_min_align)
                0x20000000                _image_ram_start = .

.ramfunc        0x20000000        0x0 load address 0x00003e9c
                0x20000000                . = ALIGN (_region_min_align)
                0x20000000                _ramfunc_ram_start = .
 *(SORT_BY_ALIGNMENT(.ramfunc))
 *(SORT_BY_ALIGNMENT(.ramfunc.*))
                0x20000000                . = ALIGN (_region_min_align)
                0x20000000                _ramfunc_ram_end = .
                0x00000000                _ramfunc_ram_size = (_ramfunc_ram_end - _ramfunc_ram_start)
                0x00003e9c                _ramfunc_rom_start = LOADADDR (.ramfunc)

bss             0x20000000      0x162
                0x20000000                . = ALIGN (0x4)
                0x20000000                __bss_start = .
                0x20000000                __kernel_ram_start = .
 *(SORT_BY_ALIGNMENT(.bss))
 *(SORT_BY_ALIGNMENT(.bss.*))
 .bss.curr_tick
                0x20000000        0x8 spm/zephyr/kernel/libspm_kernel.a(timeout.c.obj)
 .bss.uart_console_dev
                0x20000008        0x4 spm/zephyr/libspm_zephyr.a(uart_console.c.obj)
 .bss.last_count
                0x2000000c        0x4 spm/zephyr/libspm_zephyr.a(nrf_rtc_timer.c.obj)
 .bss.dyn_reg_info
                0x20000010       0x14 spm/zephyr/arch/arm/core/cortex_m/mpu/libspm_arch__arm__core__cortex_m__mpu.a(arm_mpu.c.obj)
 .bss.gpio_nrfx_p0_data
                0x20000024       0x20 spm/zephyr/drivers/gpio/libspm_drivers__gpio.a(gpio_nrfx.c.obj)
 .bss._idle_thread_s
                0x20000044       0x6c spm/zephyr/kernel/libspm_kernel.a(init.c.obj)
 .bss._main_thread_s
                0x200000b0       0x6c spm/zephyr/kernel/libspm_kernel.a(init.c.obj)
 .bss._kernel   0x2000011c       0x30 spm/zephyr/kernel/libspm_kernel.a(sched.c.obj)
                0x2000011c                _kernel
 .bss.pending_current
                0x2000014c        0x4 spm/zephyr/kernel/libspm_kernel.a(sched.c.obj)
 .bss.slice_max_prio
                0x20000150        0x4 spm/zephyr/kernel/libspm_kernel.a(sched.c.obj)
 .bss.slice_time
                0x20000154        0x4 spm/zephyr/kernel/libspm_kernel.a(sched.c.obj)
 .bss.announce_remaining
                0x20000158        0x4 spm/zephyr/kernel/libspm_kernel.a(timeout.c.obj)
 .bss.k32src_initialized
                0x2000015c        0x1 spm/zephyr/libspm_zephyr.a(nrf_power_clock.c.obj)
 .bss.m16src_grd
                0x2000015d        0x1 spm/zephyr/libspm_zephyr.a(nrf_power_clock.c.obj)
 .bss.m16src_ref
                0x2000015e        0x1 spm/zephyr/libspm_zephyr.a(nrf_power_clock.c.obj)
 .bss.static_regions_num
                0x2000015f        0x1 spm/zephyr/arch/arm/core/cortex_m/mpu/libspm_arch__arm__core__cortex_m__mpu.a(arm_mpu.c.obj)
 .bss.gpio_initialized.11601
                0x20000160        0x1 spm/zephyr/drivers/gpio/libspm_drivers__gpio.a(gpio_nrfx.c.obj)
 .bss.lock      0x20000161        0x0 spm/zephyr/kernel/libspm_kernel.a(thread.c.obj)
 .bss.can_wait_forever
                0x20000161        0x1 spm/zephyr/kernel/libspm_kernel.a(timeout.c.obj)
 *(SORT_BY_ALIGNMENT(COMMON))
 *(SORT_BY_ALIGNMENT(.kernel_bss.*))
                0x20000164                __bss_end = ALIGN (0x4)

noinit          0x20000168      0xd40
 *(SORT_BY_ALIGNMENT(.noinit))
 *(SORT_BY_ALIGNMENT(.noinit.*))
 .noinit."C:/Programiranje/nrf91/ncs/zephyr/kernel/init.c".1
                0x20000168      0x400 spm/zephyr/kernel/libspm_kernel.a(init.c.obj)
                0x20000168                _main_stack
 .noinit."C:/Programiranje/nrf91/ncs/zephyr/kernel/init.c".2
                0x20000568      0x140 spm/zephyr/kernel/libspm_kernel.a(init.c.obj)
                0x20000568                _idle_stack
 .noinit."C:/Programiranje/nrf91/ncs/zephyr/kernel/init.c".3
                0x200006a8      0x800 spm/zephyr/kernel/libspm_kernel.a(init.c.obj)
                0x200006a8                _interrupt_stack
 *(SORT_BY_ALIGNMENT(.kernel_noinit.*))

datas           0x20000ea8       0x20 load address 0x00003e9c
                0x20000ea8                __data_ram_start = .
 *(SORT_BY_ALIGNMENT(.data))
 *(SORT_BY_ALIGNMENT(.data.*))
 .data._char_out
                0x20000ea8        0x4 spm/zephyr/libspm_zephyr.a(printk.c.obj)
                0x20000ea8                _char_out
 .data.SystemCoreClock
                0x20000eac        0x4 spm/zephyr/libspm_zephyr.a(system_nrf9160.c.obj)
                0x20000eac                SystemCoreClock
 .data._stdout_hook
                0x20000eb0        0x4 spm/zephyr/lib/libc/minimal/libspm_lib__libc__minimal.a(stdout_console.c.obj)
 .data.uarte_0_data
                0x20000eb4        0xc spm/zephyr/drivers/serial/libspm_drivers__serial.a(uart_nrfx_uarte.c.obj)
 .data.timeout_list
                0x20000ec0        0x8 spm/zephyr/kernel/libspm_kernel.a(timeout.c.obj)
 *(SORT_BY_ALIGNMENT(.kernel.*))
                0x00003e9c                __data_rom_start = LOADADDR (datas)

initlevel       0x20000ec8       0x6c load address 0x00003ebc
                0x20000ec8                __device_init_start = .
                0x20000ec8                __device_PRE_KERNEL_1_start = .
 *(SORT_BY_NAME(SORT_BY_ALIGNMENT(.init_PRE_KERNEL_1[0-9])))
 .init_PRE_KERNEL_10
                0x20000ec8        0xc spm/zephyr/libspm_zephyr.a(soc.c.obj)
 *(SORT_BY_NAME(SORT_BY_ALIGNMENT(.init_PRE_KERNEL_1[1-9][0-9])))
 .init_PRE_KERNEL_130
                0x20000ed4        0xc spm/zephyr/kernel/libspm_kernel.a(mempool.c.obj)
 .init_PRE_KERNEL_140
                0x20000ee0        0xc spm/zephyr/arch/arm/core/cortex_m/mpu/libspm_arch__arm__core__cortex_m__mpu.a(arm_mpu.c.obj)
 .init_PRE_KERNEL_150
                0x20000eec       0x18 spm/zephyr/libspm_zephyr.a(nrf_power_clock.c.obj)
 .init_PRE_KERNEL_150
                0x20000f04        0xc spm/zephyr/drivers/serial/libspm_drivers__serial.a(uart_nrfx_uarte.c.obj)
 .init_PRE_KERNEL_160
                0x20000f10        0xc spm/zephyr/libspm_zephyr.a(uart_console.c.obj)
                0x20000f1c                __device_PRE_KERNEL_2_start = .
 *(SORT_BY_NAME(SORT_BY_ALIGNMENT(.init_PRE_KERNEL_2[0-9])))
 .init_PRE_KERNEL_20
                0x20000f1c        0xc spm/zephyr/libspm_zephyr.a(sys_clock_init.c.obj)
 *(SORT_BY_NAME(SORT_BY_ALIGNMENT(.init_PRE_KERNEL_2[1-9][0-9])))
                0x20000f28                __device_POST_KERNEL_start = .
 *(SORT_BY_NAME(SORT_BY_ALIGNMENT(.init_POST_KERNEL[0-9])))
 *(SORT_BY_NAME(SORT_BY_ALIGNMENT(.init_POST_KERNEL[1-9][0-9])))
 .init_POST_KERNEL40
                0x20000f28        0xc spm/zephyr/drivers/gpio/libspm_drivers__gpio.a(gpio_nrfx.c.obj)
                0x20000f34                __device_APPLICATION_start = .
 *(SORT_BY_NAME(SORT_BY_ALIGNMENT(.init_APPLICATION[0-9])))
 *(SORT_BY_NAME(SORT_BY_ALIGNMENT(.init_APPLICATION[1-9][0-9])))
                0x20000f34                __device_init_end = .

initlevel_error
                0x20000ec8        0x0
 *(SORT_BY_NAME(SORT_BY_ALIGNMENT(.init_[_A-Z0-9]*)))
                0x00000001                ASSERT ((SIZEOF (initlevel_error) == 0x0), Undefined initialization levels used.)

initshell       0x20000f34        0x0 load address 0x00003f28
                0x20000f34                __shell_module_start = .
 *(SORT_BY_ALIGNMENT(.shell_module_*))
                0x20000f34                __shell_module_end = .
                0x20000f34                __shell_cmd_start = .
 *(SORT_BY_ALIGNMENT(.shell_cmd_*))
                0x20000f34                __shell_cmd_end = .

log_dynamic_sections
                0x20000f34        0x0 load address 0x00003f28
                0x20000f34                __log_dynamic_start = .
 *(SORT_BY_NAME(SORT_BY_ALIGNMENT(.log_dynamic_*)))
                0x20000f34                __log_dynamic_end = .

_static_thread_area
                0x20000f34        0x0 load address 0x00003f28
                0x20000f34                _static_thread_data_list_start = .
 *(SORT_BY_NAME(SORT_BY_ALIGNMENT(._static_thread_data.static.*)))
                0x20000f34                _static_thread_data_list_end = .

_k_timer_area   0x20000f34        0x0 load address 0x00003f28
                0x20000f34                _k_timer_list_start = .
 *(SORT_BY_ALIGNMENT(._k_timer.static.*))
                0x20000f34                _k_timer_list_end = .

_k_mem_slab_area
                0x20000f34        0x0 load address 0x00003f28
                0x20000f34                _k_mem_slab_list_start = .
 *(SORT_BY_ALIGNMENT(._k_mem_slab.static.*))
                0x20000f34                _k_mem_slab_list_end = .

_k_mem_pool_area
                0x20000f34        0x0 load address 0x00003f28
                0x20000f34                _k_mem_pool_list_start = .
 *(SORT_BY_ALIGNMENT(._k_mem_pool.static.*))
                0x20000f34                _k_mem_pool_list_end = .

_k_sem_area     0x20000f34        0x0 load address 0x00003f28
                0x20000f34                _k_sem_list_start = .
 *(SORT_BY_ALIGNMENT(._k_sem.static.*))
                0x20000f34                _k_sem_list_end = .

_k_mutex_area   0x20000f34       0x14 load address 0x00003f28
                0x20000f34                _k_mutex_list_start = .
 *(SORT_BY_ALIGNMENT(._k_mutex.static.*))
 ._k_mutex.static.fdtable_lock
                0x20000f34       0x14 spm/zephyr/libspm_zephyr.a(fdtable.c.obj)
                0x20000f48                _k_mutex_list_end = .

_k_queue_area   0x20000f48        0x0 load address 0x00003f3c
                0x20000f48                _k_queue_list_start = .
 *(SORT_BY_ALIGNMENT(._k_queue.static.*))
                0x20000f48                _k_queue_list_end = .

_k_stack_area   0x20000f48        0x0 load address 0x00003f3c
                0x20000f48                _k_stack_list_start = .
 *(SORT_BY_ALIGNMENT(._k_stack.static.*))
                0x20000f48                _k_stack_list_end = .

_k_msgq_area    0x20000f48        0x0 load address 0x00003f3c
                0x20000f48                _k_msgq_list_start = .
 *(SORT_BY_ALIGNMENT(._k_msgq.static.*))
                0x20000f48                _k_msgq_list_end = .

_k_mbox_area    0x20000f48        0x0 load address 0x00003f3c
                0x20000f48                _k_mbox_list_start = .
 *(SORT_BY_ALIGNMENT(._k_mbox.static.*))
                0x20000f48                _k_mbox_list_end = .

_k_pipe_area    0x20000f48        0x0 load address 0x00003f3c
                0x20000f48                _k_pipe_list_start = .
 *(SORT_BY_ALIGNMENT(._k_pipe.static.*))
                0x20000f48                _k_pipe_list_end = .

_net_buf_pool_area
                0x20000f48        0x0 load address 0x00003f3c
                0x20000f48                _net_buf_pool_list = .
 *(SORT_BY_NAME(SORT_BY_ALIGNMENT(._net_buf_pool.static.*)))

net_if          0x20000f48        0x0 load address 0x00003f3c
                0x20000f48                __net_if_start = .
 *(SORT_BY_ALIGNMENT(.net_if.*))
 *(SORT_BY_NAME(SORT_BY_ALIGNMENT(.net_if.*)))
                0x20000f48                __net_if_end = .

net_if_dev      0x20000f48        0x0 load address 0x00003f3c
                0x20000f48                __net_if_dev_start = .
 *(SORT_BY_ALIGNMENT(.net_if_dev.*))
 *(SORT_BY_NAME(SORT_BY_ALIGNMENT(.net_if_dev.*)))
                0x20000f48                __net_if_dev_end = .

net_l2_data     0x20000f48        0x0 load address 0x00003f3c
                0x20000f48                __net_l2_data_start = .
 *(SORT_BY_ALIGNMENT(.net_l2.data))
 *(SORT_BY_NAME(SORT_BY_ALIGNMENT(.net_l2.data*)))
                0x20000f48                __net_l2_data_end = .

priv_stacks_noinit
 *(SORT_BY_ALIGNMENT(.priv_stacks.noinit))
                0x20000f48                __data_ram_end = .
                0x20000f48                _image_ram_end = .
                0x20000f48                _end = .
                0x20010000                __kernel_ram_end = 0x20010000
                0x00010000                __kernel_ram_size = (__kernel_ram_end - __kernel_ram_start)

.stab
 *(SORT_BY_ALIGNMENT(.stab))

.stabstr
 *(SORT_BY_ALIGNMENT(.stabstr))

.stab.excl
 *(SORT_BY_ALIGNMENT(.stab.excl))

.stab.exclstr
 *(SORT_BY_ALIGNMENT(.stab.exclstr))

.stab.index
 *(SORT_BY_ALIGNMENT(.stab.index))

.stab.indexstr
 *(SORT_BY_ALIGNMENT(.stab.indexstr))

.gnu.build.attributes
 *(SORT_BY_ALIGNMENT(.gnu.build.attributes) SORT_BY_ALIGNMENT(.gnu.build.attributes.*))

.comment        0x00000000       0x7f
 *(SORT_BY_ALIGNMENT(.comment))
 .comment       0x00000000       0x7f spm/zephyr/CMakeFiles/spm_kernel_elf.dir/isr_tables.c.obj
                                 0x80 (size before relaxing)
 .comment       0x0000007f       0x80 spm/spm_app/libspm_app.a(main.c.obj)
 .comment       0x0000007f       0x80 spm/zephyr/libspm_zephyr.a(isr_tables.c.obj)
 .comment       0x0000007f       0x80 spm/zephyr/libspm_zephyr.a(arm_core_cmse.c.obj)
 .comment       0x0000007f       0x80 spm/zephyr/libspm_zephyr.a(arm_core_tz.c.obj)
 .comment       0x0000007f       0x80 spm/zephyr/libspm_zephyr.a(fdtable.c.obj)
 .comment       0x0000007f       0x80 spm/zephyr/libspm_zephyr.a(mempool.c.obj)
 .comment       0x0000007f       0x80 spm/zephyr/libspm_zephyr.a(thread_entry.c.obj)
 .comment       0x0000007f       0x80 spm/zephyr/libspm_zephyr.a(printk.c.obj)
 .comment       0x0000007f       0x80 spm/zephyr/libspm_zephyr.a(configs.c.obj)
 .comment       0x0000007f       0x80 spm/zephyr/libspm_zephyr.a(soc.c.obj)
 .comment       0x0000007f       0x80 spm/zephyr/libspm_zephyr.a(mpu_regions.c.obj)
 .comment       0x0000007f       0x80 spm/zephyr/libspm_zephyr.a(system_nrf9160.c.obj)
 .comment       0x0000007f       0x80 spm/zephyr/libspm_zephyr.a(uart_console.c.obj)
 .comment       0x0000007f       0x80 spm/zephyr/libspm_zephyr.a(nrf_power_clock.c.obj)
 .comment       0x0000007f       0x80 spm/zephyr/libspm_zephyr.a(sys_clock_init.c.obj)
 .comment       0x0000007f       0x80 spm/zephyr/libspm_zephyr.a(nrf_rtc_timer.c.obj)
 .comment       0x0000007f       0x80 spm/zephyr/libspm_zephyr.a(spm.c.obj)
 .comment       0x0000007f       0x80 spm/zephyr/arch/arm/core/libspm_arch__arm__core.a(irq_init.c.obj)
 .comment       0x0000007f       0x80 spm/zephyr/arch/arm/core/libspm_arch__arm__core.a(swap.c.obj)
 .comment       0x0000007f       0x80 spm/zephyr/arch/arm/core/libspm_arch__arm__core.a(fault.c.obj)
 .comment       0x0000007f       0x80 spm/zephyr/arch/arm/core/libspm_arch__arm__core.a(irq_manage.c.obj)
 .comment       0x0000007f       0x80 spm/zephyr/arch/arm/core/libspm_arch__arm__core.a(thread.c.obj)
 .comment       0x0000007f       0x80 spm/zephyr/arch/arm/core/libspm_arch__arm__core.a(fatal.c.obj)
 .comment       0x0000007f       0x80 spm/zephyr/arch/arm/core/libspm_arch__arm__core.a(sys_fatal_error_handler.c.obj)
 .comment       0x0000007f       0x80 spm/zephyr/arch/arm/core/libspm_arch__arm__core.a(thread_abort.c.obj)
 .comment       0x0000007f       0x80 spm/zephyr/arch/arm/core/cortex_m/libspm_arch__arm__core__cortex_m.a(prep_c.c.obj)
 .comment       0x0000007f       0x80 spm/zephyr/arch/arm/core/cortex_m/libspm_arch__arm__core__cortex_m.a(nmi.c.obj)
 .comment       0x0000007f       0x80 spm/zephyr/arch/arm/core/cortex_m/mpu/libspm_arch__arm__core__cortex_m__mpu.a(arm_core_mpu.c.obj)
 .comment       0x0000007f       0x80 spm/zephyr/arch/arm/core/cortex_m/mpu/libspm_arch__arm__core__cortex_m__mpu.a(arm_mpu.c.obj)
 .comment       0x0000007f       0x80 spm/zephyr/lib/libc/minimal/libspm_lib__libc__minimal.a(string.c.obj)
 .comment       0x0000007f       0x80 spm/zephyr/lib/libc/minimal/libspm_lib__libc__minimal.a(stdout_console.c.obj)
 .comment       0x0000007f       0x80 spm/zephyr/drivers/gpio/libspm_drivers__gpio.a(gpio_nrfx.c.obj)
 .comment       0x0000007f       0x80 spm/zephyr/drivers/serial/libspm_drivers__serial.a(uart_nrfx_uarte.c.obj)
 .comment       0x0000007f       0x80 spm/zephyr/kernel/libspm_kernel.a(device.c.obj)
 .comment       0x0000007f       0x80 spm/zephyr/kernel/libspm_kernel.a(errno.c.obj)
 .comment       0x0000007f       0x80 spm/zephyr/kernel/libspm_kernel.a(idle.c.obj)
 .comment       0x0000007f       0x80 spm/zephyr/kernel/libspm_kernel.a(init.c.obj)
 .comment       0x0000007f       0x80 spm/zephyr/kernel/libspm_kernel.a(sched.c.obj)
 .comment       0x0000007f       0x80 spm/zephyr/kernel/libspm_kernel.a(thread.c.obj)
 .comment       0x0000007f       0x80 spm/zephyr/kernel/libspm_kernel.a(timeout.c.obj)
 .comment       0x0000007f       0x80 spm/zephyr/kernel/libspm_kernel.a(mempool.c.obj)
 .comment       0x0000007f       0x80 spm/zephyr/CMakeFiles/spm_offsets.dir/arch/arm/core/offsets/offsets.c.obj

.debug
 *(SORT_BY_ALIGNMENT(.debug))

.line
 *(SORT_BY_ALIGNMENT(.line))

.debug_srcinfo
 *(SORT_BY_ALIGNMENT(.debug_srcinfo))

.debug_sfnames
 *(SORT_BY_ALIGNMENT(.debug_sfnames))

.debug_aranges  0x00000000      0xd08
 *(SORT_BY_ALIGNMENT(.debug_aranges))
 .debug_aranges
                0x00000000       0x20 spm/zephyr/arch/arm/core/libspm_arch__arm__core.a(exc_exit.S.obj)
 .debug_aranges
                0x00000020       0x28 spm/zephyr/arch/arm/core/libspm_arch__arm__core.a(swap_helper.S.obj)
 .debug_aranges
                0x00000048       0x40 spm/zephyr/arch/arm/core/libspm_arch__arm__core.a(cpu_idle.S.obj)
 .debug_aranges
                0x00000088       0x20 spm/zephyr/arch/arm/core/libspm_arch__arm__core.a(fault_s.S.obj)
 .debug_aranges
                0x000000a8       0x20 spm/zephyr/arch/arm/core/libspm_arch__arm__core.a(isr_wrapper.S.obj)
 .debug_aranges
                0x000000c8       0x20 spm/zephyr/arch/arm/core/cortex_m/libspm_arch__arm__core__cortex_m.a(reset.S.obj)
 .debug_aranges
                0x000000e8       0x20 spm/zephyr/arch/arm/core/cortex_m/libspm_arch__arm__core__cortex_m.a(nmi_on_reset.S.obj)
 .debug_aranges
                0x00000108       0x18 spm/zephyr/CMakeFiles/spm_kernel_elf.dir/isr_tables.c.obj
 .debug_aranges
                0x00000120       0x20 spm/spm_app/libspm_app.a(main.c.obj)
 .debug_aranges
                0x00000140       0x18 spm/zephyr/libspm_zephyr.a(isr_tables.c.obj)
 .debug_aranges
                0x00000158       0x80 spm/zephyr/libspm_zephyr.a(arm_core_cmse.c.obj)
 .debug_aranges
                0x000001d8       0x60 spm/zephyr/libspm_zephyr.a(arm_core_tz.c.obj)
 .debug_aranges
                0x00000238       0x50 spm/zephyr/libspm_zephyr.a(fdtable.c.obj)
 .debug_aranges
                0x00000288       0x68 spm/zephyr/libspm_zephyr.a(mempool.c.obj)
 .debug_aranges
                0x000002f0       0x20 spm/zephyr/libspm_zephyr.a(thread_entry.c.obj)
 .debug_aranges
                0x00000310       0x80 spm/zephyr/libspm_zephyr.a(printk.c.obj)
 .debug_aranges
                0x00000390       0x20 spm/zephyr/libspm_zephyr.a(configs.c.obj)
 .debug_aranges
                0x000003b0       0x28 spm/zephyr/libspm_zephyr.a(soc.c.obj)
 .debug_aranges
                0x000003d8       0x18 spm/zephyr/libspm_zephyr.a(mpu_regions.c.obj)
 .debug_aranges
                0x000003f0       0x28 spm/zephyr/libspm_zephyr.a(system_nrf9160.c.obj)
 .debug_aranges
                0x00000418       0x30 spm/zephyr/libspm_zephyr.a(uart_console.c.obj)
 .debug_aranges
                0x00000448       0x40 spm/zephyr/libspm_zephyr.a(nrf_power_clock.c.obj)
 .debug_aranges
                0x00000488       0x40 spm/zephyr/libspm_zephyr.a(sys_clock_init.c.obj)
 .debug_aranges
                0x000004c8       0x40 spm/zephyr/libspm_zephyr.a(nrf_rtc_timer.c.obj)
 .debug_aranges
                0x00000508       0x30 spm/zephyr/libspm_zephyr.a(spm.c.obj)
 .debug_aranges
                0x00000538       0x20 spm/zephyr/arch/arm/core/libspm_arch__arm__core.a(irq_init.c.obj)
 .debug_aranges
                0x00000558       0x20 spm/zephyr/arch/arm/core/libspm_arch__arm__core.a(swap.c.obj)
 .debug_aranges
                0x00000578       0x48 spm/zephyr/arch/arm/core/libspm_arch__arm__core.a(fault.c.obj)
 .debug_aranges
                0x000005c0       0x60 spm/zephyr/arch/arm/core/libspm_arch__arm__core.a(irq_manage.c.obj)
 .debug_aranges
                0x00000620       0x20 spm/zephyr/arch/arm/core/libspm_arch__arm__core.a(thread.c.obj)
 .debug_aranges
                0x00000640       0x30 spm/zephyr/arch/arm/core/libspm_arch__arm__core.a(fatal.c.obj)
 .debug_aranges
                0x00000670       0x20 spm/zephyr/arch/arm/core/libspm_arch__arm__core.a(sys_fatal_error_handler.c.obj)
 .debug_aranges
                0x00000690       0x20 spm/zephyr/arch/arm/core/libspm_arch__arm__core.a(thread_abort.c.obj)
 .debug_aranges
                0x000006b0       0x28 spm/zephyr/arch/arm/core/cortex_m/libspm_arch__arm__core__cortex_m.a(prep_c.c.obj)
 .debug_aranges
                0x000006d8       0x20 spm/zephyr/arch/arm/core/cortex_m/libspm_arch__arm__core__cortex_m.a(nmi.c.obj)
 .debug_aranges
                0x000006f8       0x28 spm/zephyr/arch/arm/core/cortex_m/mpu/libspm_arch__arm__core__cortex_m__mpu.a(arm_core_mpu.c.obj)
 .debug_aranges
                0x00000720       0x60 spm/zephyr/arch/arm/core/cortex_m/mpu/libspm_arch__arm__core__cortex_m__mpu.a(arm_mpu.c.obj)
 .debug_aranges
                0x00000780       0x88 spm/zephyr/lib/libc/minimal/libspm_lib__libc__minimal.a(string.c.obj)
 .debug_aranges
                0x00000808       0x58 spm/zephyr/lib/libc/minimal/libspm_lib__libc__minimal.a(stdout_console.c.obj)
 .debug_aranges
                0x00000860       0x68 spm/zephyr/drivers/gpio/libspm_drivers__gpio.a(gpio_nrfx.c.obj)
 .debug_aranges
                0x000008c8       0x48 spm/zephyr/drivers/serial/libspm_drivers__serial.a(uart_nrfx_uarte.c.obj)
 .debug_aranges
                0x00000910       0x30 spm/zephyr/kernel/libspm_kernel.a(device.c.obj)
 .debug_aranges
                0x00000940       0x20 spm/zephyr/kernel/libspm_kernel.a(errno.c.obj)
 .debug_aranges
                0x00000960       0x28 spm/zephyr/kernel/libspm_kernel.a(idle.c.obj)
 .debug_aranges
                0x00000988       0x50 spm/zephyr/kernel/libspm_kernel.a(init.c.obj)
 .debug_aranges
                0x000009d8      0x178 spm/zephyr/kernel/libspm_kernel.a(sched.c.obj)
 .debug_aranges
                0x00000b50       0xb8 spm/zephyr/kernel/libspm_kernel.a(thread.c.obj)
 .debug_aranges
                0x00000c08       0x90 spm/zephyr/kernel/libspm_kernel.a(timeout.c.obj)
 .debug_aranges
                0x00000c98       0x50 spm/zephyr/kernel/libspm_kernel.a(mempool.c.obj)
 .debug_aranges
                0x00000ce8       0x20 spm/zephyr/CMakeFiles/spm_offsets.dir/arch/arm/core/offsets/offsets.c.obj

.debug_pubnames
 *(SORT_BY_ALIGNMENT(.debug_pubnames))

.debug_info     0x00000000    0x2c1b3
 *(SORT_BY_ALIGNMENT(.debug_info) SORT_BY_ALIGNMENT(.gnu.linkonce.wi.*))
 .debug_info    0x00000000      0x1df spm/zephyr/CMakeFiles/spm_kernel_elf.dir/isr_tables.c.obj
 .debug_info    0x000001df       0x64 spm/spm_app/libspm_app.a(main.c.obj)
 .debug_info    0x00000243      0x215 spm/zephyr/libspm_zephyr.a(isr_tables.c.obj)
 .debug_info    0x00000458     0x1128 spm/zephyr/libspm_zephyr.a(arm_core_cmse.c.obj)
 .debug_info    0x00001580      0x9de spm/zephyr/libspm_zephyr.a(arm_core_tz.c.obj)
 .debug_info    0x00001f5e      0xc7c spm/zephyr/libspm_zephyr.a(fdtable.c.obj)
 .debug_info    0x00002bda     0x199c spm/zephyr/libspm_zephyr.a(mempool.c.obj)
 .debug_info    0x00004576      0x7f2 spm/zephyr/libspm_zephyr.a(thread_entry.c.obj)
 .debug_info    0x00004d68     0x115e spm/zephyr/libspm_zephyr.a(printk.c.obj)
 .debug_info    0x00005ec6       0x37 spm/zephyr/libspm_zephyr.a(configs.c.obj)
 .debug_info    0x00005efd     0x103b spm/zephyr/libspm_zephyr.a(soc.c.obj)
 .debug_info    0x00006f38      0x196 spm/zephyr/libspm_zephyr.a(mpu_regions.c.obj)
 .debug_info    0x000070ce      0xe8d spm/zephyr/libspm_zephyr.a(system_nrf9160.c.obj)
 .debug_info    0x00007f5b      0xb45 spm/zephyr/libspm_zephyr.a(uart_console.c.obj)
 .debug_info    0x00008aa0     0x15ae spm/zephyr/libspm_zephyr.a(nrf_power_clock.c.obj)
 .debug_info    0x0000a04e      0x911 spm/zephyr/libspm_zephyr.a(sys_clock_init.c.obj)
 .debug_info    0x0000a95f     0x1824 spm/zephyr/libspm_zephyr.a(nrf_rtc_timer.c.obj)
 .debug_info    0x0000c183     0x36cd spm/zephyr/libspm_zephyr.a(spm.c.obj)
 .debug_info    0x0000f850       0x26 spm/zephyr/arch/arm/core/libspm_arch__arm__core.a(exc_exit.S.obj)
 .debug_info    0x0000f876       0x22 spm/zephyr/arch/arm/core/libspm_arch__arm__core.a(swap_helper.S.obj)
 .debug_info    0x0000f898       0x22 spm/zephyr/arch/arm/core/libspm_arch__arm__core.a(cpu_idle.S.obj)
 .debug_info    0x0000f8ba       0x26 spm/zephyr/arch/arm/core/libspm_arch__arm__core.a(fault_s.S.obj)
 .debug_info    0x0000f8e0       0x26 spm/zephyr/arch/arm/core/libspm_arch__arm__core.a(isr_wrapper.S.obj)
 .debug_info    0x0000f906      0xcf8 spm/zephyr/arch/arm/core/libspm_arch__arm__core.a(irq_init.c.obj)
 .debug_info    0x000105fe      0xc04 spm/zephyr/arch/arm/core/libspm_arch__arm__core.a(swap.c.obj)
 .debug_info    0x00011202     0x19e0 spm/zephyr/arch/arm/core/libspm_arch__arm__core.a(fault.c.obj)
 .debug_info    0x00012be2     0x110c spm/zephyr/arch/arm/core/libspm_arch__arm__core.a(irq_manage.c.obj)
 .debug_info    0x00013cee      0xb11 spm/zephyr/arch/arm/core/libspm_arch__arm__core.a(thread.c.obj)
 .debug_info    0x000147ff     0x1026 spm/zephyr/arch/arm/core/libspm_arch__arm__core.a(fatal.c.obj)
 .debug_info    0x00015825      0xa58 spm/zephyr/arch/arm/core/libspm_arch__arm__core.a(sys_fatal_error_handler.c.obj)
 .debug_info    0x0001627d      0xcca spm/zephyr/arch/arm/core/libspm_arch__arm__core.a(thread_abort.c.obj)
 .debug_info    0x00016f47       0x26 spm/zephyr/arch/arm/core/cortex_m/libspm_arch__arm__core__cortex_m.a(reset.S.obj)
 .debug_info    0x00016f6d       0x26 spm/zephyr/arch/arm/core/cortex_m/libspm_arch__arm__core__cortex_m.a(nmi_on_reset.S.obj)
 .debug_info    0x00016f93      0xe0b spm/zephyr/arch/arm/core/cortex_m/libspm_arch__arm__core__cortex_m.a(prep_c.c.obj)
 .debug_info    0x00017d9e      0x711 spm/zephyr/arch/arm/core/cortex_m/libspm_arch__arm__core__cortex_m.a(nmi.c.obj)
 .debug_info    0x000184af      0xb3a spm/zephyr/arch/arm/core/cortex_m/mpu/libspm_arch__arm__core__cortex_m__mpu.a(arm_core_mpu.c.obj)
 .debug_info    0x00018fe9     0x1ac4 spm/zephyr/arch/arm/core/cortex_m/mpu/libspm_arch__arm__core__cortex_m__mpu.a(arm_mpu.c.obj)
 .debug_info    0x0001aaad      0x54d spm/zephyr/lib/libc/minimal/libspm_lib__libc__minimal.a(string.c.obj)
 .debug_info    0x0001affa      0x5a5 spm/zephyr/lib/libc/minimal/libspm_lib__libc__minimal.a(stdout_console.c.obj)
 .debug_info    0x0001b59f     0x266a spm/zephyr/drivers/gpio/libspm_drivers__gpio.a(gpio_nrfx.c.obj)
 .debug_info    0x0001dc09     0x2219 spm/zephyr/drivers/serial/libspm_drivers__serial.a(uart_nrfx_uarte.c.obj)
 .debug_info    0x0001fe22      0x8e8 spm/zephyr/kernel/libspm_kernel.a(device.c.obj)
 .debug_info    0x0002070a      0x8c1 spm/zephyr/kernel/libspm_kernel.a(errno.c.obj)
 .debug_info    0x00020fcb      0xa36 spm/zephyr/kernel/libspm_kernel.a(idle.c.obj)
 .debug_info    0x00021a01     0x1e67 spm/zephyr/kernel/libspm_kernel.a(init.c.obj)
 .debug_info    0x00023868     0x3c75 spm/zephyr/kernel/libspm_kernel.a(sched.c.obj)
 .debug_info    0x000274dd     0x1c3b spm/zephyr/kernel/libspm_kernel.a(thread.c.obj)
 .debug_info    0x00029118     0x1803 spm/zephyr/kernel/libspm_kernel.a(timeout.c.obj)
 .debug_info    0x0002a91b     0x105f spm/zephyr/kernel/libspm_kernel.a(mempool.c.obj)
 .debug_info    0x0002b97a      0x839 spm/zephyr/CMakeFiles/spm_offsets.dir/arch/arm/core/offsets/offsets.c.obj

.debug_abbrev   0x00000000     0x7d4d
 *(SORT_BY_ALIGNMENT(.debug_abbrev))
 .debug_abbrev  0x00000000       0xfa spm/zephyr/CMakeFiles/spm_kernel_elf.dir/isr_tables.c.obj
 .debug_abbrev  0x000000fa       0x58 spm/spm_app/libspm_app.a(main.c.obj)
 .debug_abbrev  0x00000152       0xfa spm/zephyr/libspm_zephyr.a(isr_tables.c.obj)
 .debug_abbrev  0x0000024c      0x292 spm/zephyr/libspm_zephyr.a(arm_core_cmse.c.obj)
 .debug_abbrev  0x000004de      0x283 spm/zephyr/libspm_zephyr.a(arm_core_tz.c.obj)
 .debug_abbrev  0x00000761      0x354 spm/zephyr/libspm_zephyr.a(fdtable.c.obj)
 .debug_abbrev  0x00000ab5      0x4df spm/zephyr/libspm_zephyr.a(mempool.c.obj)
 .debug_abbrev  0x00000f94      0x233 spm/zephyr/libspm_zephyr.a(thread_entry.c.obj)
 .debug_abbrev  0x000011c7      0x490 spm/zephyr/libspm_zephyr.a(printk.c.obj)
 .debug_abbrev  0x00001657       0x2c spm/zephyr/libspm_zephyr.a(configs.c.obj)
 .debug_abbrev  0x00001683      0x337 spm/zephyr/libspm_zephyr.a(soc.c.obj)
 .debug_abbrev  0x000019ba       0xcd spm/zephyr/libspm_zephyr.a(mpu_regions.c.obj)
 .debug_abbrev  0x00001a87      0x1f3 spm/zephyr/libspm_zephyr.a(system_nrf9160.c.obj)
 .debug_abbrev  0x00001c7a      0x33f spm/zephyr/libspm_zephyr.a(uart_console.c.obj)
 .debug_abbrev  0x00001fb9      0x3eb spm/zephyr/libspm_zephyr.a(nrf_power_clock.c.obj)
 .debug_abbrev  0x000023a4      0x23e spm/zephyr/libspm_zephyr.a(sys_clock_init.c.obj)
 .debug_abbrev  0x000025e2      0x3f8 spm/zephyr/libspm_zephyr.a(nrf_rtc_timer.c.obj)
 .debug_abbrev  0x000029da      0x409 spm/zephyr/libspm_zephyr.a(spm.c.obj)
 .debug_abbrev  0x00002de3       0x14 spm/zephyr/arch/arm/core/libspm_arch__arm__core.a(exc_exit.S.obj)
 .debug_abbrev  0x00002df7       0x12 spm/zephyr/arch/arm/core/libspm_arch__arm__core.a(swap_helper.S.obj)
 .debug_abbrev  0x00002e09       0x12 spm/zephyr/arch/arm/core/libspm_arch__arm__core.a(cpu_idle.S.obj)
 .debug_abbrev  0x00002e1b       0x14 spm/zephyr/arch/arm/core/libspm_arch__arm__core.a(fault_s.S.obj)
 .debug_abbrev  0x00002e2f       0x14 spm/zephyr/arch/arm/core/libspm_arch__arm__core.a(isr_wrapper.S.obj)
 .debug_abbrev  0x00002e43      0x240 spm/zephyr/arch/arm/core/libspm_arch__arm__core.a(irq_init.c.obj)
 .debug_abbrev  0x00003083      0x224 spm/zephyr/arch/arm/core/libspm_arch__arm__core.a(swap.c.obj)
 .debug_abbrev  0x000032a7      0x3ee spm/zephyr/arch/arm/core/libspm_arch__arm__core.a(fault.c.obj)
 .debug_abbrev  0x00003695      0x34c spm/zephyr/arch/arm/core/libspm_arch__arm__core.a(irq_manage.c.obj)
 .debug_abbrev  0x000039e1      0x28f spm/zephyr/arch/arm/core/libspm_arch__arm__core.a(thread.c.obj)
 .debug_abbrev  0x00003c70      0x2e5 spm/zephyr/arch/arm/core/libspm_arch__arm__core.a(fatal.c.obj)
 .debug_abbrev  0x00003f55      0x270 spm/zephyr/arch/arm/core/libspm_arch__arm__core.a(sys_fatal_error_handler.c.obj)
 .debug_abbrev  0x000041c5      0x288 spm/zephyr/arch/arm/core/libspm_arch__arm__core.a(thread_abort.c.obj)
 .debug_abbrev  0x0000444d       0x14 spm/zephyr/arch/arm/core/cortex_m/libspm_arch__arm__core__cortex_m.a(reset.S.obj)
 .debug_abbrev  0x00004461       0x14 spm/zephyr/arch/arm/core/cortex_m/libspm_arch__arm__core__cortex_m.a(nmi_on_reset.S.obj)
 .debug_abbrev  0x00004475      0x2c6 spm/zephyr/arch/arm/core/cortex_m/libspm_arch__arm__core__cortex_m.a(prep_c.c.obj)
 .debug_abbrev  0x0000473b      0x1b4 spm/zephyr/arch/arm/core/cortex_m/libspm_arch__arm__core__cortex_m.a(nmi.c.obj)
 .debug_abbrev  0x000048ef      0x1f3 spm/zephyr/arch/arm/core/cortex_m/mpu/libspm_arch__arm__core__cortex_m__mpu.a(arm_core_mpu.c.obj)
 .debug_abbrev  0x00004ae2      0x497 spm/zephyr/arch/arm/core/cortex_m/mpu/libspm_arch__arm__core__cortex_m__mpu.a(arm_mpu.c.obj)
 .debug_abbrev  0x00004f79      0x18d spm/zephyr/lib/libc/minimal/libspm_lib__libc__minimal.a(string.c.obj)
 .debug_abbrev  0x00005106      0x23d spm/zephyr/lib/libc/minimal/libspm_lib__libc__minimal.a(stdout_console.c.obj)
 .debug_abbrev  0x00005343      0x508 spm/zephyr/drivers/gpio/libspm_drivers__gpio.a(gpio_nrfx.c.obj)
 .debug_abbrev  0x0000584b      0x3e8 spm/zephyr/drivers/serial/libspm_drivers__serial.a(uart_nrfx_uarte.c.obj)
 .debug_abbrev  0x00005c33      0x285 spm/zephyr/kernel/libspm_kernel.a(device.c.obj)
 .debug_abbrev  0x00005eb8      0x1d4 spm/zephyr/kernel/libspm_kernel.a(errno.c.obj)
 .debug_abbrev  0x0000608c      0x2c7 spm/zephyr/kernel/libspm_kernel.a(idle.c.obj)
 .debug_abbrev  0x00006353      0x543 spm/zephyr/kernel/libspm_kernel.a(init.c.obj)
 .debug_abbrev  0x00006896      0x625 spm/zephyr/kernel/libspm_kernel.a(sched.c.obj)
 .debug_abbrev  0x00006ebb      0x529 spm/zephyr/kernel/libspm_kernel.a(thread.c.obj)
 .debug_abbrev  0x000073e4      0x432 spm/zephyr/kernel/libspm_kernel.a(timeout.c.obj)
 .debug_abbrev  0x00007816      0x392 spm/zephyr/kernel/libspm_kernel.a(mempool.c.obj)
 .debug_abbrev  0x00007ba8      0x1a5 spm/zephyr/CMakeFiles/spm_offsets.dir/arch/arm/core/offsets/offsets.c.obj

.debug_line     0x00000000     0xce1c
 *(SORT_BY_ALIGNMENT(.debug_line) SORT_BY_ALIGNMENT(.debug_line.*) SORT_BY_ALIGNMENT(.debug_line_end))
 .debug_line    0x00000000      0x1ea spm/zephyr/CMakeFiles/spm_kernel_elf.dir/isr_tables.c.obj
 .debug_line    0x000001ea       0x8a spm/spm_app/libspm_app.a(main.c.obj)
 .debug_line    0x00000274      0x20d spm/zephyr/libspm_zephyr.a(isr_tables.c.obj)
 .debug_line    0x00000481      0x50b spm/zephyr/libspm_zephyr.a(arm_core_cmse.c.obj)
 .debug_line    0x0000098c      0x389 spm/zephyr/libspm_zephyr.a(arm_core_tz.c.obj)
 .debug_line    0x00000d15      0x4ce spm/zephyr/libspm_zephyr.a(fdtable.c.obj)
 .debug_line    0x000011e3      0x7a9 spm/zephyr/libspm_zephyr.a(mempool.c.obj)
 .debug_line    0x0000198c      0x376 spm/zephyr/libspm_zephyr.a(thread_entry.c.obj)
 .debug_line    0x00001d02      0x5b7 spm/zephyr/libspm_zephyr.a(printk.c.obj)
 .debug_line    0x000022b9      0x296 spm/zephyr/libspm_zephyr.a(configs.c.obj)
 .debug_line    0x0000254f      0x4df spm/zephyr/libspm_zephyr.a(soc.c.obj)
 .debug_line    0x00002a2e      0x1df spm/zephyr/libspm_zephyr.a(mpu_regions.c.obj)
 .debug_line    0x00002c0d      0x205 spm/zephyr/libspm_zephyr.a(system_nrf9160.c.obj)
 .debug_line    0x00002e12      0x3f0 spm/zephyr/libspm_zephyr.a(uart_console.c.obj)
 .debug_line    0x00003202      0x587 spm/zephyr/libspm_zephyr.a(nrf_power_clock.c.obj)
 .debug_line    0x00003789      0x394 spm/zephyr/libspm_zephyr.a(sys_clock_init.c.obj)
 .debug_line    0x00003b1d      0x631 spm/zephyr/libspm_zephyr.a(nrf_rtc_timer.c.obj)
 .debug_line    0x0000414e      0x482 spm/zephyr/libspm_zephyr.a(spm.c.obj)
 .debug_line    0x000045d0       0x7b spm/zephyr/arch/arm/core/libspm_arch__arm__core.a(exc_exit.S.obj)
 .debug_line    0x0000464b       0xc1 spm/zephyr/arch/arm/core/libspm_arch__arm__core.a(swap_helper.S.obj)
 .debug_line    0x0000470c       0xc0 spm/zephyr/arch/arm/core/libspm_arch__arm__core.a(cpu_idle.S.obj)
 .debug_line    0x000047cc       0x7a spm/zephyr/arch/arm/core/libspm_arch__arm__core.a(fault_s.S.obj)
 .debug_line    0x00004846       0x92 spm/zephyr/arch/arm/core/libspm_arch__arm__core.a(isr_wrapper.S.obj)
 .debug_line    0x000048d8      0x37b spm/zephyr/arch/arm/core/libspm_arch__arm__core.a(irq_init.c.obj)
 .debug_line    0x00004c53      0x42d spm/zephyr/arch/arm/core/libspm_arch__arm__core.a(swap.c.obj)
 .debug_line    0x00005080      0x5f0 spm/zephyr/arch/arm/core/libspm_arch__arm__core.a(fault.c.obj)
 .debug_line    0x00005670      0x4e3 spm/zephyr/arch/arm/core/libspm_arch__arm__core.a(irq_manage.c.obj)
 .debug_line    0x00005b53      0x44f spm/zephyr/arch/arm/core/libspm_arch__arm__core.a(thread.c.obj)
 .debug_line    0x00005fa2      0x511 spm/zephyr/arch/arm/core/libspm_arch__arm__core.a(fatal.c.obj)
 .debug_line    0x000064b3      0x489 spm/zephyr/arch/arm/core/libspm_arch__arm__core.a(sys_fatal_error_handler.c.obj)
 .debug_line    0x0000693c      0x456 spm/zephyr/arch/arm/core/libspm_arch__arm__core.a(thread_abort.c.obj)
 .debug_line    0x00006d92       0x73 spm/zephyr/arch/arm/core/cortex_m/libspm_arch__arm__core__cortex_m.a(reset.S.obj)
 .debug_line    0x00006e05       0x78 spm/zephyr/arch/arm/core/cortex_m/libspm_arch__arm__core__cortex_m.a(nmi_on_reset.S.obj)
 .debug_line    0x00006e7d      0x478 spm/zephyr/arch/arm/core/cortex_m/libspm_arch__arm__core__cortex_m.a(prep_c.c.obj)
 .debug_line    0x000072f5      0x38e spm/zephyr/arch/arm/core/cortex_m/libspm_arch__arm__core__cortex_m.a(nmi.c.obj)
 .debug_line    0x00007683      0x445 spm/zephyr/arch/arm/core/cortex_m/mpu/libspm_arch__arm__core__cortex_m__mpu.a(arm_core_mpu.c.obj)
 .debug_line    0x00007ac8      0x742 spm/zephyr/arch/arm/core/cortex_m/mpu/libspm_arch__arm__core__cortex_m__mpu.a(arm_mpu.c.obj)
 .debug_line    0x0000820a      0x23a spm/zephyr/lib/libc/minimal/libspm_lib__libc__minimal.a(string.c.obj)
 .debug_line    0x00008444      0x21e spm/zephyr/lib/libc/minimal/libspm_lib__libc__minimal.a(stdout_console.c.obj)
 .debug_line    0x00008662      0x7de spm/zephyr/drivers/gpio/libspm_drivers__gpio.a(gpio_nrfx.c.obj)
 .debug_line    0x00008e40      0x616 spm/zephyr/drivers/serial/libspm_drivers__serial.a(uart_nrfx_uarte.c.obj)
 .debug_line    0x00009456      0x3b7 spm/zephyr/kernel/libspm_kernel.a(device.c.obj)
 .debug_line    0x0000980d      0x3c5 spm/zephyr/kernel/libspm_kernel.a(errno.c.obj)
 .debug_line    0x00009bd2      0x4bf spm/zephyr/kernel/libspm_kernel.a(idle.c.obj)
 .debug_line    0x0000a091      0x726 spm/zephyr/kernel/libspm_kernel.a(init.c.obj)
 .debug_line    0x0000a7b7      0xe22 spm/zephyr/kernel/libspm_kernel.a(sched.c.obj)
 .debug_line    0x0000b5d9      0x763 spm/zephyr/kernel/libspm_kernel.a(thread.c.obj)
 .debug_line    0x0000bd3c      0x77d spm/zephyr/kernel/libspm_kernel.a(timeout.c.obj)
 .debug_line    0x0000c4b9      0x542 spm/zephyr/kernel/libspm_kernel.a(mempool.c.obj)
 .debug_line    0x0000c9fb      0x421 spm/zephyr/CMakeFiles/spm_offsets.dir/arch/arm/core/offsets/offsets.c.obj

.debug_frame    0x00000000     0x1ba4
 *(SORT_BY_ALIGNMENT(.debug_frame))
 .debug_frame   0x00000000       0x2c spm/spm_app/libspm_app.a(main.c.obj)
 .debug_frame   0x0000002c      0x100 spm/zephyr/libspm_zephyr.a(arm_core_cmse.c.obj)
 .debug_frame   0x0000012c       0xa0 spm/zephyr/libspm_zephyr.a(arm_core_tz.c.obj)
 .debug_frame   0x000001cc       0xb4 spm/zephyr/libspm_zephyr.a(fdtable.c.obj)
 .debug_frame   0x00000280      0x158 spm/zephyr/libspm_zephyr.a(mempool.c.obj)
 .debug_frame   0x000003d8       0x28 spm/zephyr/libspm_zephyr.a(thread_entry.c.obj)
 .debug_frame   0x00000400      0x1ac spm/zephyr/libspm_zephyr.a(printk.c.obj)
 .debug_frame   0x000005ac       0x20 spm/zephyr/libspm_zephyr.a(configs.c.obj)
 .debug_frame   0x000005cc       0x38 spm/zephyr/libspm_zephyr.a(soc.c.obj)
 .debug_frame   0x00000604       0x30 spm/zephyr/libspm_zephyr.a(system_nrf9160.c.obj)
 .debug_frame   0x00000634       0x60 spm/zephyr/libspm_zephyr.a(uart_console.c.obj)
 .debug_frame   0x00000694       0x94 spm/zephyr/libspm_zephyr.a(nrf_power_clock.c.obj)
 .debug_frame   0x00000728       0x70 spm/zephyr/libspm_zephyr.a(sys_clock_init.c.obj)
 .debug_frame   0x00000798       0x84 spm/zephyr/libspm_zephyr.a(nrf_rtc_timer.c.obj)
 .debug_frame   0x0000081c       0x78 spm/zephyr/libspm_zephyr.a(spm.c.obj)
 .debug_frame   0x00000894       0x20 spm/zephyr/arch/arm/core/libspm_arch__arm__core.a(irq_init.c.obj)
 .debug_frame   0x000008b4       0x20 spm/zephyr/arch/arm/core/libspm_arch__arm__core.a(swap.c.obj)
 .debug_frame   0x000008d4       0xb0 spm/zephyr/arch/arm/core/libspm_arch__arm__core.a(fault.c.obj)
 .debug_frame   0x00000984       0xa8 spm/zephyr/arch/arm/core/libspm_arch__arm__core.a(irq_manage.c.obj)
 .debug_frame   0x00000a2c       0x30 spm/zephyr/arch/arm/core/libspm_arch__arm__core.a(thread.c.obj)
 .debug_frame   0x00000a5c       0x60 spm/zephyr/arch/arm/core/libspm_arch__arm__core.a(fatal.c.obj)
 .debug_frame   0x00000abc       0x2c spm/zephyr/arch/arm/core/libspm_arch__arm__core.a(sys_fatal_error_handler.c.obj)
 .debug_frame   0x00000ae8       0x34 spm/zephyr/arch/arm/core/libspm_arch__arm__core.a(thread_abort.c.obj)
 .debug_frame   0x00000b1c       0x38 spm/zephyr/arch/arm/core/cortex_m/libspm_arch__arm__core__cortex_m.a(prep_c.c.obj)
 .debug_frame   0x00000b54       0x2c spm/zephyr/arch/arm/core/cortex_m/libspm_arch__arm__core__cortex_m.a(nmi.c.obj)
 .debug_frame   0x00000b80       0x48 spm/zephyr/arch/arm/core/cortex_m/mpu/libspm_arch__arm__core__cortex_m__mpu.a(arm_core_mpu.c.obj)
 .debug_frame   0x00000bc8      0x124 spm/zephyr/arch/arm/core/cortex_m/mpu/libspm_arch__arm__core__cortex_m__mpu.a(arm_mpu.c.obj)
 .debug_frame   0x00000cec      0x160 spm/zephyr/lib/libc/minimal/libspm_lib__libc__minimal.a(string.c.obj)
 .debug_frame   0x00000e4c       0xb8 spm/zephyr/lib/libc/minimal/libspm_lib__libc__minimal.a(stdout_console.c.obj)
 .debug_frame   0x00000f04      0x138 spm/zephyr/drivers/gpio/libspm_drivers__gpio.a(gpio_nrfx.c.obj)
 .debug_frame   0x0000103c       0x90 spm/zephyr/drivers/serial/libspm_drivers__serial.a(uart_nrfx_uarte.c.obj)
 .debug_frame   0x000010cc       0x68 spm/zephyr/kernel/libspm_kernel.a(device.c.obj)
 .debug_frame   0x00001134       0x20 spm/zephyr/kernel/libspm_kernel.a(errno.c.obj)
 .debug_frame   0x00001154       0x38 spm/zephyr/kernel/libspm_kernel.a(idle.c.obj)
 .debug_frame   0x0000118c       0xb0 spm/zephyr/kernel/libspm_kernel.a(init.c.obj)
 .debug_frame   0x0000123c      0x484 spm/zephyr/kernel/libspm_kernel.a(sched.c.obj)
 .debug_frame   0x000016c0      0x1fc spm/zephyr/kernel/libspm_kernel.a(thread.c.obj)
 .debug_frame   0x000018bc      0x17c spm/zephyr/kernel/libspm_kernel.a(timeout.c.obj)
 .debug_frame   0x00001a38       0xd4 spm/zephyr/kernel/libspm_kernel.a(mempool.c.obj)
 .debug_frame   0x00001b0c       0x20 spm/zephyr/CMakeFiles/spm_offsets.dir/arch/arm/core/offsets/offsets.c.obj
 .debug_frame   0x00001b2c       0x44 c:/programiranje/nrf91/gnuarmemb/bin/../lib/gcc/arm-none-eabi/7.3.1/thumb/v8-m.main/fpv5-sp/hard\libgcc.a(_aeabi_ldivmod.o)
 .debug_frame   0x00001b70       0x34 c:/programiranje/nrf91/gnuarmemb/bin/../lib/gcc/arm-none-eabi/7.3.1/thumb/v8-m.main/fpv5-sp/hard\libgcc.a(_udivmoddi4.o)

.debug_str      0x00000000     0x6ecb
 *(SORT_BY_ALIGNMENT(.debug_str))
 .debug_str     0x00000000      0x2de spm/zephyr/CMakeFiles/spm_kernel_elf.dir/isr_tables.c.obj
                                0x336 (size before relaxing)
 .debug_str     0x000002de       0x52 spm/spm_app/libspm_app.a(main.c.obj)
                                0x20d (size before relaxing)
 .debug_str     0x00000330       0x5f spm/zephyr/libspm_zephyr.a(isr_tables.c.obj)
                                0x384 (size before relaxing)
 .debug_str     0x0000038f      0x550 spm/zephyr/libspm_zephyr.a(arm_core_cmse.c.obj)
                                0x968 (size before relaxing)
 .debug_str     0x000008df      0x49f spm/zephyr/libspm_zephyr.a(arm_core_tz.c.obj)
                                0x7db (size before relaxing)
 .debug_str     0x00000d7e      0x284 spm/zephyr/libspm_zephyr.a(fdtable.c.obj)
                                0x8c4 (size before relaxing)
 .debug_str     0x00001002      0x2cb spm/zephyr/libspm_zephyr.a(mempool.c.obj)
                                0x98a (size before relaxing)
 .debug_str     0x000012cd       0x8b spm/zephyr/libspm_zephyr.a(thread_entry.c.obj)
                                0x689 (size before relaxing)
 .debug_str     0x00001358      0x234 spm/zephyr/libspm_zephyr.a(printk.c.obj)
                                0x9c9 (size before relaxing)
 .debug_str     0x0000158c       0x33 spm/zephyr/libspm_zephyr.a(configs.c.obj)
                                0x1e9 (size before relaxing)
 .debug_str     0x000015bf      0x256 spm/zephyr/libspm_zephyr.a(soc.c.obj)
                                0xa8d (size before relaxing)
 .debug_str     0x00001815       0x49 spm/zephyr/libspm_zephyr.a(mpu_regions.c.obj)
                                0x336 (size before relaxing)
 .debug_str     0x0000185e      0x361 spm/zephyr/libspm_zephyr.a(system_nrf9160.c.obj)
                                0x7f4 (size before relaxing)
 .debug_str     0x00001bbf      0x148 spm/zephyr/libspm_zephyr.a(uart_console.c.obj)
                                0x903 (size before relaxing)
 .debug_str     0x00001d07      0x79f spm/zephyr/libspm_zephyr.a(nrf_power_clock.c.obj)
                               0x1066 (size before relaxing)
 .debug_str     0x000024a6      0x115 spm/zephyr/libspm_zephyr.a(sys_clock_init.c.obj)
                                0x858 (size before relaxing)
 .debug_str     0x000025bb      0x3e7 spm/zephyr/libspm_zephyr.a(nrf_rtc_timer.c.obj)
                                0xf70 (size before relaxing)
 .debug_str     0x000029a2      0xaa4 spm/zephyr/libspm_zephyr.a(spm.c.obj)
                               0x17f4 (size before relaxing)
 .debug_str     0x00003446       0x49 spm/zephyr/arch/arm/core/libspm_arch__arm__core.a(exc_exit.S.obj)
                                 0x9c (size before relaxing)
 .debug_str     0x0000348f       0x3e spm/zephyr/arch/arm/core/libspm_arch__arm__core.a(swap_helper.S.obj)
                                 0x9f (size before relaxing)
 .debug_str     0x000034cd       0x3b spm/zephyr/arch/arm/core/libspm_arch__arm__core.a(cpu_idle.S.obj)
                                 0x9c (size before relaxing)
 .debug_str     0x00003508       0x3a spm/zephyr/arch/arm/core/libspm_arch__arm__core.a(fault_s.S.obj)
                                 0x9b (size before relaxing)
 .debug_str     0x00003542       0x3e spm/zephyr/arch/arm/core/libspm_arch__arm__core.a(isr_wrapper.S.obj)
                                 0x9f (size before relaxing)
 .debug_str     0x00003580       0x64 spm/zephyr/arch/arm/core/libspm_arch__arm__core.a(irq_init.c.obj)
                                0xa42 (size before relaxing)
 .debug_str     0x000035e4       0x4c spm/zephyr/arch/arm/core/libspm_arch__arm__core.a(swap.c.obj)
                                0x832 (size before relaxing)
 .debug_str     0x00003630      0x345 spm/zephyr/arch/arm/core/libspm_arch__arm__core.a(fault.c.obj)
                                0xbfe (size before relaxing)
 .debug_str     0x00003975      0x12f spm/zephyr/arch/arm/core/libspm_arch__arm__core.a(irq_manage.c.obj)
                                0xc46 (size before relaxing)
 .debug_str     0x00003aa4       0xfb spm/zephyr/arch/arm/core/libspm_arch__arm__core.a(thread.c.obj)
                                0x7ae (size before relaxing)
 .debug_str     0x00003b9f       0x97 spm/zephyr/arch/arm/core/libspm_arch__arm__core.a(fatal.c.obj)
                                0x9f6 (size before relaxing)
 .debug_str     0x00003c36       0x83 spm/zephyr/arch/arm/core/libspm_arch__arm__core.a(sys_fatal_error_handler.c.obj)
                                0x76e (size before relaxing)
 .debug_str     0x00003cb9       0x79 spm/zephyr/arch/arm/core/libspm_arch__arm__core.a(thread_abort.c.obj)
                                0x882 (size before relaxing)
 .debug_str     0x00003d32       0x41 spm/zephyr/arch/arm/core/cortex_m/libspm_arch__arm__core__cortex_m.a(reset.S.obj)
                                 0xa2 (size before relaxing)
 .debug_str     0x00003d73       0x48 spm/zephyr/arch/arm/core/cortex_m/libspm_arch__arm__core__cortex_m.a(nmi_on_reset.S.obj)
                                 0xa9 (size before relaxing)
 .debug_str     0x00003dbb      0x31a spm/zephyr/arch/arm/core/cortex_m/libspm_arch__arm__core__cortex_m.a(prep_c.c.obj)
                                0xab3 (size before relaxing)
 .debug_str     0x000040d5       0x5f spm/zephyr/arch/arm/core/cortex_m/libspm_arch__arm__core__cortex_m.a(nmi.c.obj)
                                0x63a (size before relaxing)
 .debug_str     0x00004134      0x195 spm/zephyr/arch/arm/core/cortex_m/mpu/libspm_arch__arm__core__cortex_m__mpu.a(arm_core_mpu.c.obj)
                                0xa84 (size before relaxing)
 .debug_str     0x000042c9      0x3d7 spm/zephyr/arch/arm/core/cortex_m/mpu/libspm_arch__arm__core__cortex_m__mpu.a(arm_mpu.c.obj)
                                0xfb8 (size before relaxing)
 .debug_str     0x000046a0       0xe4 spm/zephyr/lib/libc/minimal/libspm_lib__libc__minimal.a(string.c.obj)
                                0x2cd (size before relaxing)
 .debug_str     0x00004784       0xbb spm/zephyr/lib/libc/minimal/libspm_lib__libc__minimal.a(stdout_console.c.obj)
                                0x341 (size before relaxing)
 .debug_str     0x0000483f      0xb57 spm/zephyr/drivers/gpio/libspm_drivers__gpio.a(gpio_nrfx.c.obj)
                               0x14c5 (size before relaxing)
 .debug_str     0x00005396      0x969 spm/zephyr/drivers/serial/libspm_drivers__serial.a(uart_nrfx_uarte.c.obj)
                               0x1773 (size before relaxing)
 .debug_str     0x00005cff      0x13d spm/zephyr/kernel/libspm_kernel.a(device.c.obj)
                                0x788 (size before relaxing)
 .debug_str     0x00005e3c       0x31 spm/zephyr/kernel/libspm_kernel.a(errno.c.obj)
                                0x7df (size before relaxing)
 .debug_str     0x00005e6d       0xc1 spm/zephyr/kernel/libspm_kernel.a(idle.c.obj)
                                0x8a0 (size before relaxing)
 .debug_str     0x00005f2e      0x2a9 spm/zephyr/kernel/libspm_kernel.a(init.c.obj)
                               0x1413 (size before relaxing)
 .debug_str     0x000061d7      0x729 spm/zephyr/kernel/libspm_kernel.a(sched.c.obj)
                               0x124b (size before relaxing)
 .debug_str     0x00006900      0x2ca spm/zephyr/kernel/libspm_kernel.a(thread.c.obj)
                                0xf6a (size before relaxing)
 .debug_str     0x00006bca      0x137 spm/zephyr/kernel/libspm_kernel.a(timeout.c.obj)
                                0xac2 (size before relaxing)
 .debug_str     0x00006d01      0x179 spm/zephyr/kernel/libspm_kernel.a(mempool.c.obj)
                                0xab0 (size before relaxing)
 .debug_str     0x00006e7a       0x51 spm/zephyr/CMakeFiles/spm_offsets.dir/arch/arm/core/offsets/offsets.c.obj
                                0x6d1 (size before relaxing)

.debug_loc      0x00000000     0xa052
 *(SORT_BY_ALIGNMENT(.debug_loc))
 .debug_loc     0x00000000      0x968 spm/zephyr/libspm_zephyr.a(arm_core_cmse.c.obj)
 .debug_loc     0x00000968      0x193 spm/zephyr/libspm_zephyr.a(arm_core_tz.c.obj)
 .debug_loc     0x00000afb      0x25f spm/zephyr/libspm_zephyr.a(fdtable.c.obj)
 .debug_loc     0x00000d5a      0xd63 spm/zephyr/libspm_zephyr.a(mempool.c.obj)
 .debug_loc     0x00001abd       0x97 spm/zephyr/libspm_zephyr.a(thread_entry.c.obj)
 .debug_loc     0x00001b54      0xc68 spm/zephyr/libspm_zephyr.a(printk.c.obj)
 .debug_loc     0x000027bc       0xc5 spm/zephyr/libspm_zephyr.a(soc.c.obj)
 .debug_loc     0x00002881       0x1f spm/zephyr/libspm_zephyr.a(system_nrf9160.c.obj)
 .debug_loc     0x000028a0       0xd7 spm/zephyr/libspm_zephyr.a(uart_console.c.obj)
 .debug_loc     0x00002977      0x3f5 spm/zephyr/libspm_zephyr.a(nrf_power_clock.c.obj)
 .debug_loc     0x00002d6c       0x42 spm/zephyr/libspm_zephyr.a(sys_clock_init.c.obj)
 .debug_loc     0x00002dae      0x530 spm/zephyr/libspm_zephyr.a(nrf_rtc_timer.c.obj)
 .debug_loc     0x000032de      0x1d3 spm/zephyr/libspm_zephyr.a(spm.c.obj)
 .debug_loc     0x000034b1       0x5e spm/zephyr/arch/arm/core/libspm_arch__arm__core.a(irq_init.c.obj)
 .debug_loc     0x0000350f       0x35 spm/zephyr/arch/arm/core/libspm_arch__arm__core.a(swap.c.obj)
 .debug_loc     0x00003544      0x313 spm/zephyr/arch/arm/core/libspm_arch__arm__core.a(fault.c.obj)
 .debug_loc     0x00003857      0x27b spm/zephyr/arch/arm/core/libspm_arch__arm__core.a(irq_manage.c.obj)
 .debug_loc     0x00003ad2      0x1ea spm/zephyr/arch/arm/core/libspm_arch__arm__core.a(thread.c.obj)
 .debug_loc     0x00003cbc      0x144 spm/zephyr/arch/arm/core/libspm_arch__arm__core.a(fatal.c.obj)
 .debug_loc     0x00003e00       0x42 spm/zephyr/arch/arm/core/libspm_arch__arm__core.a(sys_fatal_error_handler.c.obj)
 .debug_loc     0x00003e42       0x3f spm/zephyr/arch/arm/core/libspm_arch__arm__core.a(thread_abort.c.obj)
 .debug_loc     0x00003e81       0x5d spm/zephyr/arch/arm/core/cortex_m/libspm_arch__arm__core__cortex_m.a(prep_c.c.obj)
 .debug_loc     0x00003ede       0x21 spm/zephyr/arch/arm/core/cortex_m/mpu/libspm_arch__arm__core__cortex_m__mpu.a(arm_core_mpu.c.obj)
 .debug_loc     0x00003eff      0x7e2 spm/zephyr/arch/arm/core/cortex_m/mpu/libspm_arch__arm__core__cortex_m__mpu.a(arm_mpu.c.obj)
 .debug_loc     0x000046e1      0x8d5 spm/zephyr/lib/libc/minimal/libspm_lib__libc__minimal.a(string.c.obj)
 .debug_loc     0x00004fb6      0x44d spm/zephyr/lib/libc/minimal/libspm_lib__libc__minimal.a(stdout_console.c.obj)
 .debug_loc     0x00005403      0xffd spm/zephyr/drivers/gpio/libspm_drivers__gpio.a(gpio_nrfx.c.obj)
 .debug_loc     0x00006400      0x9dd spm/zephyr/drivers/serial/libspm_drivers__serial.a(uart_nrfx_uarte.c.obj)
 .debug_loc     0x00006ddd       0xa2 spm/zephyr/kernel/libspm_kernel.a(device.c.obj)
 .debug_loc     0x00006e7f       0xb5 spm/zephyr/kernel/libspm_kernel.a(idle.c.obj)
 .debug_loc     0x00006f34      0x20d spm/zephyr/kernel/libspm_kernel.a(init.c.obj)
 .debug_loc     0x00007141     0x1bba spm/zephyr/kernel/libspm_kernel.a(sched.c.obj)
 .debug_loc     0x00008cfb      0x7ea spm/zephyr/kernel/libspm_kernel.a(thread.c.obj)
 .debug_loc     0x000094e5      0x7da spm/zephyr/kernel/libspm_kernel.a(timeout.c.obj)
 .debug_loc     0x00009cbf      0x393 spm/zephyr/kernel/libspm_kernel.a(mempool.c.obj)

.debug_macinfo
 *(SORT_BY_ALIGNMENT(.debug_macinfo))

.debug_weaknames
 *(SORT_BY_ALIGNMENT(.debug_weaknames))

.debug_funcnames
 *(SORT_BY_ALIGNMENT(.debug_funcnames))

.debug_typenames
 *(SORT_BY_ALIGNMENT(.debug_typenames))

.debug_varnames
 *(SORT_BY_ALIGNMENT(.debug_varnames))

.debug_pubtypes
 *(SORT_BY_ALIGNMENT(.debug_pubtypes))

.debug_ranges   0x00000000     0x1ed0
 *(SORT_BY_ALIGNMENT(.debug_ranges))
 .debug_ranges  0x00000000       0x20 spm/zephyr/arch/arm/core/libspm_arch__arm__core.a(swap_helper.S.obj)
 .debug_ranges  0x00000020       0x38 spm/zephyr/arch/arm/core/libspm_arch__arm__core.a(cpu_idle.S.obj)
 .debug_ranges  0x00000058       0x10 spm/spm_app/libspm_app.a(main.c.obj)
 .debug_ranges  0x00000068      0x1f0 spm/zephyr/libspm_zephyr.a(arm_core_cmse.c.obj)
 .debug_ranges  0x00000258       0x68 spm/zephyr/libspm_zephyr.a(arm_core_tz.c.obj)
 .debug_ranges  0x000002c0       0x58 spm/zephyr/libspm_zephyr.a(fdtable.c.obj)
 .debug_ranges  0x00000318      0x2a8 spm/zephyr/libspm_zephyr.a(mempool.c.obj)
 .debug_ranges  0x000005c0       0x10 spm/zephyr/libspm_zephyr.a(thread_entry.c.obj)
 .debug_ranges  0x000005d0      0x130 spm/zephyr/libspm_zephyr.a(printk.c.obj)
 .debug_ranges  0x00000700       0x10 spm/zephyr/libspm_zephyr.a(configs.c.obj)
 .debug_ranges  0x00000710       0x18 spm/zephyr/libspm_zephyr.a(soc.c.obj)
 .debug_ranges  0x00000728       0x18 spm/zephyr/libspm_zephyr.a(system_nrf9160.c.obj)
 .debug_ranges  0x00000740       0x20 spm/zephyr/libspm_zephyr.a(uart_console.c.obj)
 .debug_ranges  0x00000760       0x80 spm/zephyr/libspm_zephyr.a(nrf_power_clock.c.obj)
 .debug_ranges  0x000007e0       0x30 spm/zephyr/libspm_zephyr.a(sys_clock_init.c.obj)
 .debug_ranges  0x00000810      0x120 spm/zephyr/libspm_zephyr.a(nrf_rtc_timer.c.obj)
 .debug_ranges  0x00000930       0xb8 spm/zephyr/libspm_zephyr.a(spm.c.obj)
 .debug_ranges  0x000009e8       0x28 spm/zephyr/arch/arm/core/libspm_arch__arm__core.a(irq_init.c.obj)
 .debug_ranges  0x00000a10       0x10 spm/zephyr/arch/arm/core/libspm_arch__arm__core.a(swap.c.obj)
 .debug_ranges  0x00000a20       0xa0 spm/zephyr/arch/arm/core/libspm_arch__arm__core.a(fault.c.obj)
 .debug_ranges  0x00000ac0       0x80 spm/zephyr/arch/arm/core/libspm_arch__arm__core.a(irq_manage.c.obj)
 .debug_ranges  0x00000b40       0x30 spm/zephyr/arch/arm/core/libspm_arch__arm__core.a(thread.c.obj)
 .debug_ranges  0x00000b70       0x20 spm/zephyr/arch/arm/core/libspm_arch__arm__core.a(fatal.c.obj)
 .debug_ranges  0x00000b90       0x28 spm/zephyr/arch/arm/core/libspm_arch__arm__core.a(sys_fatal_error_handler.c.obj)
 .debug_ranges  0x00000bb8       0x10 spm/zephyr/arch/arm/core/libspm_arch__arm__core.a(thread_abort.c.obj)
 .debug_ranges  0x00000bc8       0x18 spm/zephyr/arch/arm/core/cortex_m/libspm_arch__arm__core__cortex_m.a(prep_c.c.obj)
 .debug_ranges  0x00000be0       0x10 spm/zephyr/arch/arm/core/cortex_m/libspm_arch__arm__core__cortex_m.a(nmi.c.obj)
 .debug_ranges  0x00000bf0       0x18 spm/zephyr/arch/arm/core/cortex_m/mpu/libspm_arch__arm__core__cortex_m__mpu.a(arm_core_mpu.c.obj)
 .debug_ranges  0x00000c08      0x228 spm/zephyr/arch/arm/core/cortex_m/mpu/libspm_arch__arm__core__cortex_m__mpu.a(arm_mpu.c.obj)
 .debug_ranges  0x00000e30       0x78 spm/zephyr/lib/libc/minimal/libspm_lib__libc__minimal.a(string.c.obj)
 .debug_ranges  0x00000ea8       0x60 spm/zephyr/lib/libc/minimal/libspm_lib__libc__minimal.a(stdout_console.c.obj)
 .debug_ranges  0x00000f08      0x338 spm/zephyr/drivers/gpio/libspm_drivers__gpio.a(gpio_nrfx.c.obj)
 .debug_ranges  0x00001240      0x1a0 spm/zephyr/drivers/serial/libspm_drivers__serial.a(uart_nrfx_uarte.c.obj)
 .debug_ranges  0x000013e0       0x38 spm/zephyr/kernel/libspm_kernel.a(device.c.obj)
 .debug_ranges  0x00001418       0x10 spm/zephyr/kernel/libspm_kernel.a(errno.c.obj)
 .debug_ranges  0x00001428       0x48 spm/zephyr/kernel/libspm_kernel.a(idle.c.obj)
 .debug_ranges  0x00001470      0x170 spm/zephyr/kernel/libspm_kernel.a(init.c.obj)
 .debug_ranges  0x000015e0      0x4d0 spm/zephyr/kernel/libspm_kernel.a(sched.c.obj)
 .debug_ranges  0x00001ab0      0x1a8 spm/zephyr/kernel/libspm_kernel.a(thread.c.obj)
 .debug_ranges  0x00001c58      0x1e0 spm/zephyr/kernel/libspm_kernel.a(timeout.c.obj)